SQL> desc locations;
 Name                                      Null?    Type
 ----------------------------------------- -------- ----------------------------
 LOCATION_ID                               NOT NULL NUMBER(4)
 STREET_ADDRESS                                     VARCHAR2(40)
 POSTAL_CODE                                        VARCHAR2(12)
 CITY                                      NOT NULL VARCHAR2(30)
 STATE_PROVINCE                                     VARCHAR2(25)
 COUNTRY_ID                                         CHAR(2)

SQL> desc countries;
 Name                                      Null?    Type
 ----------------------------------------- -------- ----------------------------
 COUNTRY_ID                                NOT NULL CHAR(2)
 COUNTRY_NAME                                       VARCHAR2(40)
 REGION_ID                                          NUMBER

SQL> select l.location_id, l.street_address, l.city, l.state_province, c.country_name from locations l,countries c where l.country_id=c.country_id;

LOCATION_ID STREET_ADDRESS                                                      
----------- ----------------------------------------                            
CITY                           STATE_PROVINCE                                   
------------------------------ -------------------------                        
COUNTRY_NAME                                                                    
----------------------------------------                                        
       1000 1297 Via Cola di Rie                                                
Roma                                                                            
Italy                                                                           
                                                                                
       1100 93091 Calle della Testa                                             
Venice                                                                          
Italy                                                                           

LOCATION_ID STREET_ADDRESS                                                      
----------- ----------------------------------------                            
CITY                           STATE_PROVINCE                                   
------------------------------ -------------------------                        
COUNTRY_NAME                                                                    
----------------------------------------                                        
                                                                                
       1200 2017 Shinjuku-ku                                                    
Tokyo                          Tokyo Prefecture                                 
Japan                                                                           
                                                                                
       1300 9450 Kamiya-cho                                                     
Hiroshima                                                                       

LOCATION_ID STREET_ADDRESS                                                      
----------- ----------------------------------------                            
CITY                           STATE_PROVINCE                                   
------------------------------ -------------------------                        
COUNTRY_NAME                                                                    
----------------------------------------                                        
Japan                                                                           
                                                                                
       1400 2014 Jabberwocky Rd                                                 
Southlake                      Texas                                            
United States of America                                                        
                                                                                
       1500 2011 Interiors Blvd                                                 

LOCATION_ID STREET_ADDRESS                                                      
----------- ----------------------------------------                            
CITY                           STATE_PROVINCE                                   
------------------------------ -------------------------                        
COUNTRY_NAME                                                                    
----------------------------------------                                        
South San Francisco            California                                       
United States of America                                                        
                                                                                
       1600 2007 Zagora St                                                      
South Brunswick                New Jersey                                       
United States of America                                                        
                                                                                

LOCATION_ID STREET_ADDRESS                                                      
----------- ----------------------------------------                            
CITY                           STATE_PROVINCE                                   
------------------------------ -------------------------                        
COUNTRY_NAME                                                                    
----------------------------------------                                        
       1700 2004 Charade Rd                                                     
Seattle                        Washington                                       
United States of America                                                        
                                                                                
       1800 147 Spadina Ave                                                     
Toronto                        Ontario                                          
Canada                                                                          

LOCATION_ID STREET_ADDRESS                                                      
----------- ----------------------------------------                            
CITY                           STATE_PROVINCE                                   
------------------------------ -------------------------                        
COUNTRY_NAME                                                                    
----------------------------------------                                        
                                                                                
       1900 6092 Boxwood St                                                     
Whitehorse                     Yukon                                            
Canada                                                                          
                                                                                
       2000 40-5-12 Laogianggen                                                 
Beijing                                                                         

LOCATION_ID STREET_ADDRESS                                                      
----------- ----------------------------------------                            
CITY                           STATE_PROVINCE                                   
------------------------------ -------------------------                        
COUNTRY_NAME                                                                    
----------------------------------------                                        
China                                                                           
                                                                                
       2100 1298 Vileparle (E)                                                  
Bombay                         Maharashtra                                      
India                                                                           
                                                                                
       2200 12-98 Victoria Street                                               

LOCATION_ID STREET_ADDRESS                                                      
----------- ----------------------------------------                            
CITY                           STATE_PROVINCE                                   
------------------------------ -------------------------                        
COUNTRY_NAME                                                                    
----------------------------------------                                        
Sydney                         New South Wales                                  
Australia                                                                       
                                                                                
       2300 198 Clementi North                                                  
Singapore                                                                       
Singapore                                                                       
                                                                                

LOCATION_ID STREET_ADDRESS                                                      
----------- ----------------------------------------                            
CITY                           STATE_PROVINCE                                   
------------------------------ -------------------------                        
COUNTRY_NAME                                                                    
----------------------------------------                                        
       2400 8204 Arthur St                                                      
London                                                                          
United Kingdom                                                                  
                                                                                
       2500 Magdalen Centre, The Oxford Science Park                            
Oxford                         Oxford                                           
United Kingdom                                                                  

LOCATION_ID STREET_ADDRESS                                                      
----------- ----------------------------------------                            
CITY                           STATE_PROVINCE                                   
------------------------------ -------------------------                        
COUNTRY_NAME                                                                    
----------------------------------------                                        
                                                                                
       2600 9702 Chester Road                                                   
Stretford                      Manchester                                       
United Kingdom                                                                  
                                                                                
       2700 Schwanthalerstr. 7031                                               
Munich                         Bavaria                                          

LOCATION_ID STREET_ADDRESS                                                      
----------- ----------------------------------------                            
CITY                           STATE_PROVINCE                                   
------------------------------ -------------------------                        
COUNTRY_NAME                                                                    
----------------------------------------                                        
Germany                                                                         
                                                                                
       2800 Rua Frei Caneca 1360                                                
Sao Paulo                      Sao Paulo                                        
Brazil                                                                          
                                                                                
       2900 20 Rue des Corps-Saints                                             

LOCATION_ID STREET_ADDRESS                                                      
----------- ----------------------------------------                            
CITY                           STATE_PROVINCE                                   
------------------------------ -------------------------                        
COUNTRY_NAME                                                                    
----------------------------------------                                        
Geneva                         Geneve                                           
Switzerland                                                                     
                                                                                
       3000 Murtenstrasse 921                                                   
Bern                           BE                                               
Switzerland                                                                     
                                                                                

LOCATION_ID STREET_ADDRESS                                                      
----------- ----------------------------------------                            
CITY                           STATE_PROVINCE                                   
------------------------------ -------------------------                        
COUNTRY_NAME                                                                    
----------------------------------------                                        
       3100 Pieter Breughelstraat 837                                           
Utrecht                        Utrecht                                          
Netherlands                                                                     
                                                                                
       3200 Mariano Escobedo 9991                                               
Mexico City                    Distrito Federal,                                
Mexico                                                                          

LOCATION_ID STREET_ADDRESS                                                      
----------- ----------------------------------------                            
CITY                           STATE_PROVINCE                                   
------------------------------ -------------------------                        
COUNTRY_NAME                                                                    
----------------------------------------                                        
                                                                                

23 rows selected.

SQL> select e.last_name, d.department_id, d.department_name from employees e, departments d where e.department_id=d.department_id;

LAST_NAME                 DEPARTMENT_ID DEPARTMENT_NAME                         
------------------------- ------------- ------------------------------          
Whalen                               10 Administration                          
Fay                                  20 Marketing                               
Hartstein                            20 Marketing                               
Tobias                               30 Purchasing                              
Colmenares                           30 Purchasing                              
Baida                                30 Purchasing                              
Raphaely                             30 Purchasing                              
Khoo                                 30 Purchasing                              
Himuro                               30 Purchasing                              
Mavris                               40 Human Resources                         
Feeney                               50 Shipping                                

LAST_NAME                 DEPARTMENT_ID DEPARTMENT_NAME                         
------------------------- ------------- ------------------------------          
Fleaur                               50 Shipping                                
Fripp                                50 Shipping                                
Gates                                50 Shipping                                
Gee                                  50 Shipping                                
Geoni                                50 Shipping                                
Grant                                50 Shipping                                
Jones                                50 Shipping                                
Kaufling                             50 Shipping                                
Ladwig                               50 Shipping                                
Everett                              50 Shipping                                
Dilly                                50 Shipping                                

LAST_NAME                 DEPARTMENT_ID DEPARTMENT_NAME                         
------------------------- ------------- ------------------------------          
Dellinger                            50 Shipping                                
Davies                               50 Shipping                                
Chung                                50 Shipping                                
Cabrio                               50 Shipping                                
Bull                                 50 Shipping                                
Bissot                               50 Shipping                                
Bell                                 50 Shipping                                
Atkinson                             50 Shipping                                
Landry                               50 Shipping                                
Weiss                                50 Shipping                                
Walsh                                50 Shipping                                

LAST_NAME                 DEPARTMENT_ID DEPARTMENT_NAME                         
------------------------- ------------- ------------------------------          
Vollman                              50 Shipping                                
Vargas                               50 Shipping                                
Taylor                               50 Shipping                                
Mallin                               50 Shipping                                
Markle                               50 Shipping                                
Marlow                               50 Shipping                                
Matos                                50 Shipping                                
McCain                               50 Shipping                                
Mikkilineni                          50 Shipping                                
Mourgos                              50 Shipping                                
Nayer                                50 Shipping                                

LAST_NAME                 DEPARTMENT_ID DEPARTMENT_NAME                         
------------------------- ------------- ------------------------------          
OConnell                             50 Shipping                                
Olson                                50 Shipping                                
Patel                                50 Shipping                                
Perkins                              50 Shipping                                
Philtanker                           50 Shipping                                
Rajs                                 50 Shipping                                
Rogers                               50 Shipping                                
Sarchand                             50 Shipping                                
Seo                                  50 Shipping                                
Stiles                               50 Shipping                                
Sullivan                             50 Shipping                                

LAST_NAME                 DEPARTMENT_ID DEPARTMENT_NAME                         
------------------------- ------------- ------------------------------          
Austin                               60 IT                                      
Pataballa                            60 IT                                      
Ernst                                60 IT                                      
Lorentz                              60 IT                                      
Hunold                               60 IT                                      
Baer                                 70 Public Relations                        
Abel                                 80 Sales                                   
Ande                                 80 Sales                                   
Banda                                80 Sales                                   
Bates                                80 Sales                                   
Bernstein                            80 Sales                                   

LAST_NAME                 DEPARTMENT_ID DEPARTMENT_NAME                         
------------------------- ------------- ------------------------------          
Bloom                                80 Sales                                   
Cambrault                            80 Sales                                   
Cambrault                            80 Sales                                   
Doran                                80 Sales                                   
Errazuriz                            80 Sales                                   
Fox                                  80 Sales                                   
Greene                               80 Sales                                   
Hall                                 80 Sales                                   
Hutton                               80 Sales                                   
Johnson                              80 Sales                                   
King                                 80 Sales                                   

LAST_NAME                 DEPARTMENT_ID DEPARTMENT_NAME                         
------------------------- ------------- ------------------------------          
Kumar                                80 Sales                                   
Lee                                  80 Sales                                   
Livingston                           80 Sales                                   
Marvins                              80 Sales                                   
McEwen                               80 Sales                                   
Olsen                                80 Sales                                   
Ozer                                 80 Sales                                   
Partners                             80 Sales                                   
Russell                              80 Sales                                   
Sewall                               80 Sales                                   
Smith                                80 Sales                                   

LAST_NAME                 DEPARTMENT_ID DEPARTMENT_NAME                         
------------------------- ------------- ------------------------------          
Smith                                80 Sales                                   
Sully                                80 Sales                                   
Taylor                               80 Sales                                   
Tucker                               80 Sales                                   
Tuvault                              80 Sales                                   
Vishney                              80 Sales                                   
Zlotkey                              80 Sales                                   
Kochhar                              90 Executive                               
King                                 90 Executive                               
De Haan                              90 Executive                               
Popp                                100 Finance                                 

LAST_NAME                 DEPARTMENT_ID DEPARTMENT_NAME                         
------------------------- ------------- ------------------------------          
Urman                               100 Finance                                 
Chen                                100 Finance                                 
Faviet                              100 Finance                                 
Sciarra                             100 Finance                                 
Greenberg                           100 Finance                                 
Gietz                               110 Accounting                              
Higgins                             110 Accounting                              

106 rows selected.

SQL> select e.last_name, e.job_id, e.department_id, d.department_name from employees e, departments d, locations l where e.department_id=d.department_id and d.location_id=l.location_id;

LAST_NAME                 JOB_ID     DEPARTMENT_ID                              
------------------------- ---------- -------------                              
DEPARTMENT_NAME                                                                 
------------------------------                                                  
King                      AD_PRES               90                              
Executive                                                                       
                                                                                
Kochhar                   AD_VP                 90                              
Executive                                                                       
                                                                                
De Haan                   AD_VP                 90                              
Executive                                                                       
                                                                                

LAST_NAME                 JOB_ID     DEPARTMENT_ID                              
------------------------- ---------- -------------                              
DEPARTMENT_NAME                                                                 
------------------------------                                                  
Hunold                    IT_PROG               60                              
IT                                                                              
                                                                                
Ernst                     IT_PROG               60                              
IT                                                                              
                                                                                
Austin                    IT_PROG               60                              
IT                                                                              
                                                                                

LAST_NAME                 JOB_ID     DEPARTMENT_ID                              
------------------------- ---------- -------------                              
DEPARTMENT_NAME                                                                 
------------------------------                                                  
Pataballa                 IT_PROG               60                              
IT                                                                              
                                                                                
Lorentz                   IT_PROG               60                              
IT                                                                              
                                                                                
Greenberg                 FI_MGR               100                              
Finance                                                                         
                                                                                

LAST_NAME                 JOB_ID     DEPARTMENT_ID                              
------------------------- ---------- -------------                              
DEPARTMENT_NAME                                                                 
------------------------------                                                  
Faviet                    FI_ACCOUNT           100                              
Finance                                                                         
                                                                                
Chen                      FI_ACCOUNT           100                              
Finance                                                                         
                                                                                
Sciarra                   FI_ACCOUNT           100                              
Finance                                                                         
                                                                                

LAST_NAME                 JOB_ID     DEPARTMENT_ID                              
------------------------- ---------- -------------                              
DEPARTMENT_NAME                                                                 
------------------------------                                                  
Urman                     FI_ACCOUNT           100                              
Finance                                                                         
                                                                                
Popp                      FI_ACCOUNT           100                              
Finance                                                                         
                                                                                
Raphaely                  PU_MAN                30                              
Purchasing                                                                      
                                                                                

LAST_NAME                 JOB_ID     DEPARTMENT_ID                              
------------------------- ---------- -------------                              
DEPARTMENT_NAME                                                                 
------------------------------                                                  
Khoo                      PU_CLERK              30                              
Purchasing                                                                      
                                                                                
Baida                     PU_CLERK              30                              
Purchasing                                                                      
                                                                                
Tobias                    PU_CLERK              30                              
Purchasing                                                                      
                                                                                

LAST_NAME                 JOB_ID     DEPARTMENT_ID                              
------------------------- ---------- -------------                              
DEPARTMENT_NAME                                                                 
------------------------------                                                  
Himuro                    PU_CLERK              30                              
Purchasing                                                                      
                                                                                
Colmenares                PU_CLERK              30                              
Purchasing                                                                      
                                                                                
Weiss                     ST_MAN                50                              
Shipping                                                                        
                                                                                

LAST_NAME                 JOB_ID     DEPARTMENT_ID                              
------------------------- ---------- -------------                              
DEPARTMENT_NAME                                                                 
------------------------------                                                  
Fripp                     ST_MAN                50                              
Shipping                                                                        
                                                                                
Kaufling                  ST_MAN                50                              
Shipping                                                                        
                                                                                
Vollman                   ST_MAN                50                              
Shipping                                                                        
                                                                                

LAST_NAME                 JOB_ID     DEPARTMENT_ID                              
------------------------- ---------- -------------                              
DEPARTMENT_NAME                                                                 
------------------------------                                                  
Mourgos                   ST_MAN                50                              
Shipping                                                                        
                                                                                
Nayer                     ST_CLERK              50                              
Shipping                                                                        
                                                                                
Mikkilineni               ST_CLERK              50                              
Shipping                                                                        
                                                                                

LAST_NAME                 JOB_ID     DEPARTMENT_ID                              
------------------------- ---------- -------------                              
DEPARTMENT_NAME                                                                 
------------------------------                                                  
Landry                    ST_CLERK              50                              
Shipping                                                                        
                                                                                
Markle                    ST_CLERK              50                              
Shipping                                                                        
                                                                                
Bissot                    ST_CLERK              50                              
Shipping                                                                        
                                                                                

LAST_NAME                 JOB_ID     DEPARTMENT_ID                              
------------------------- ---------- -------------                              
DEPARTMENT_NAME                                                                 
------------------------------                                                  
Atkinson                  ST_CLERK              50                              
Shipping                                                                        
                                                                                
Marlow                    ST_CLERK              50                              
Shipping                                                                        
                                                                                
Olson                     ST_CLERK              50                              
Shipping                                                                        
                                                                                

LAST_NAME                 JOB_ID     DEPARTMENT_ID                              
------------------------- ---------- -------------                              
DEPARTMENT_NAME                                                                 
------------------------------                                                  
Mallin                    ST_CLERK              50                              
Shipping                                                                        
                                                                                
Rogers                    ST_CLERK              50                              
Shipping                                                                        
                                                                                
Gee                       ST_CLERK              50                              
Shipping                                                                        
                                                                                

LAST_NAME                 JOB_ID     DEPARTMENT_ID                              
------------------------- ---------- -------------                              
DEPARTMENT_NAME                                                                 
------------------------------                                                  
Philtanker                ST_CLERK              50                              
Shipping                                                                        
                                                                                
Ladwig                    ST_CLERK              50                              
Shipping                                                                        
                                                                                
Stiles                    ST_CLERK              50                              
Shipping                                                                        
                                                                                

LAST_NAME                 JOB_ID     DEPARTMENT_ID                              
------------------------- ---------- -------------                              
DEPARTMENT_NAME                                                                 
------------------------------                                                  
Seo                       ST_CLERK              50                              
Shipping                                                                        
                                                                                
Patel                     ST_CLERK              50                              
Shipping                                                                        
                                                                                
Rajs                      ST_CLERK              50                              
Shipping                                                                        
                                                                                

LAST_NAME                 JOB_ID     DEPARTMENT_ID                              
------------------------- ---------- -------------                              
DEPARTMENT_NAME                                                                 
------------------------------                                                  
Davies                    ST_CLERK              50                              
Shipping                                                                        
                                                                                
Matos                     ST_CLERK              50                              
Shipping                                                                        
                                                                                
Vargas                    ST_CLERK              50                              
Shipping                                                                        
                                                                                

LAST_NAME                 JOB_ID     DEPARTMENT_ID                              
------------------------- ---------- -------------                              
DEPARTMENT_NAME                                                                 
------------------------------                                                  
Russell                   SA_MAN                80                              
Sales                                                                           
                                                                                
Partners                  SA_MAN                80                              
Sales                                                                           
                                                                                
Errazuriz                 SA_MAN                80                              
Sales                                                                           
                                                                                

LAST_NAME                 JOB_ID     DEPARTMENT_ID                              
------------------------- ---------- -------------                              
DEPARTMENT_NAME                                                                 
------------------------------                                                  
Cambrault                 SA_MAN                80                              
Sales                                                                           
                                                                                
Zlotkey                   SA_MAN                80                              
Sales                                                                           
                                                                                
Tucker                    SA_REP                80                              
Sales                                                                           
                                                                                

LAST_NAME                 JOB_ID     DEPARTMENT_ID                              
------------------------- ---------- -------------                              
DEPARTMENT_NAME                                                                 
------------------------------                                                  
Bernstein                 SA_REP                80                              
Sales                                                                           
                                                                                
Hall                      SA_REP                80                              
Sales                                                                           
                                                                                
Olsen                     SA_REP                80                              
Sales                                                                           
                                                                                

LAST_NAME                 JOB_ID     DEPARTMENT_ID                              
------------------------- ---------- -------------                              
DEPARTMENT_NAME                                                                 
------------------------------                                                  
Cambrault                 SA_REP                80                              
Sales                                                                           
                                                                                
Tuvault                   SA_REP                80                              
Sales                                                                           
                                                                                
King                      SA_REP                80                              
Sales                                                                           
                                                                                

LAST_NAME                 JOB_ID     DEPARTMENT_ID                              
------------------------- ---------- -------------                              
DEPARTMENT_NAME                                                                 
------------------------------                                                  
Sully                     SA_REP                80                              
Sales                                                                           
                                                                                
McEwen                    SA_REP                80                              
Sales                                                                           
                                                                                
Smith                     SA_REP                80                              
Sales                                                                           
                                                                                

LAST_NAME                 JOB_ID     DEPARTMENT_ID                              
------------------------- ---------- -------------                              
DEPARTMENT_NAME                                                                 
------------------------------                                                  
Doran                     SA_REP                80                              
Sales                                                                           
                                                                                
Sewall                    SA_REP                80                              
Sales                                                                           
                                                                                
Vishney                   SA_REP                80                              
Sales                                                                           
                                                                                

LAST_NAME                 JOB_ID     DEPARTMENT_ID                              
------------------------- ---------- -------------                              
DEPARTMENT_NAME                                                                 
------------------------------                                                  
Greene                    SA_REP                80                              
Sales                                                                           
                                                                                
Marvins                   SA_REP                80                              
Sales                                                                           
                                                                                
Lee                       SA_REP                80                              
Sales                                                                           
                                                                                

LAST_NAME                 JOB_ID     DEPARTMENT_ID                              
------------------------- ---------- -------------                              
DEPARTMENT_NAME                                                                 
------------------------------                                                  
Ande                      SA_REP                80                              
Sales                                                                           
                                                                                
Banda                     SA_REP                80                              
Sales                                                                           
                                                                                
Ozer                      SA_REP                80                              
Sales                                                                           
                                                                                

LAST_NAME                 JOB_ID     DEPARTMENT_ID                              
------------------------- ---------- -------------                              
DEPARTMENT_NAME                                                                 
------------------------------                                                  
Bloom                     SA_REP                80                              
Sales                                                                           
                                                                                
Fox                       SA_REP                80                              
Sales                                                                           
                                                                                
Smith                     SA_REP                80                              
Sales                                                                           
                                                                                

LAST_NAME                 JOB_ID     DEPARTMENT_ID                              
------------------------- ---------- -------------                              
DEPARTMENT_NAME                                                                 
------------------------------                                                  
Bates                     SA_REP                80                              
Sales                                                                           
                                                                                
Kumar                     SA_REP                80                              
Sales                                                                           
                                                                                
Abel                      SA_REP                80                              
Sales                                                                           
                                                                                

LAST_NAME                 JOB_ID     DEPARTMENT_ID                              
------------------------- ---------- -------------                              
DEPARTMENT_NAME                                                                 
------------------------------                                                  
Hutton                    SA_REP                80                              
Sales                                                                           
                                                                                
Taylor                    SA_REP                80                              
Sales                                                                           
                                                                                
Livingston                SA_REP                80                              
Sales                                                                           
                                                                                

LAST_NAME                 JOB_ID     DEPARTMENT_ID                              
------------------------- ---------- -------------                              
DEPARTMENT_NAME                                                                 
------------------------------                                                  
Johnson                   SA_REP                80                              
Sales                                                                           
                                                                                
Taylor                    SH_CLERK              50                              
Shipping                                                                        
                                                                                
Fleaur                    SH_CLERK              50                              
Shipping                                                                        
                                                                                

LAST_NAME                 JOB_ID     DEPARTMENT_ID                              
------------------------- ---------- -------------                              
DEPARTMENT_NAME                                                                 
------------------------------                                                  
Sullivan                  SH_CLERK              50                              
Shipping                                                                        
                                                                                
Geoni                     SH_CLERK              50                              
Shipping                                                                        
                                                                                
Sarchand                  SH_CLERK              50                              
Shipping                                                                        
                                                                                

LAST_NAME                 JOB_ID     DEPARTMENT_ID                              
------------------------- ---------- -------------                              
DEPARTMENT_NAME                                                                 
------------------------------                                                  
Bull                      SH_CLERK              50                              
Shipping                                                                        
                                                                                
Dellinger                 SH_CLERK              50                              
Shipping                                                                        
                                                                                
Cabrio                    SH_CLERK              50                              
Shipping                                                                        
                                                                                

LAST_NAME                 JOB_ID     DEPARTMENT_ID                              
------------------------- ---------- -------------                              
DEPARTMENT_NAME                                                                 
------------------------------                                                  
Chung                     SH_CLERK              50                              
Shipping                                                                        
                                                                                
Dilly                     SH_CLERK              50                              
Shipping                                                                        
                                                                                
Gates                     SH_CLERK              50                              
Shipping                                                                        
                                                                                

LAST_NAME                 JOB_ID     DEPARTMENT_ID                              
------------------------- ---------- -------------                              
DEPARTMENT_NAME                                                                 
------------------------------                                                  
Perkins                   SH_CLERK              50                              
Shipping                                                                        
                                                                                
Bell                      SH_CLERK              50                              
Shipping                                                                        
                                                                                
Everett                   SH_CLERK              50                              
Shipping                                                                        
                                                                                

LAST_NAME                 JOB_ID     DEPARTMENT_ID                              
------------------------- ---------- -------------                              
DEPARTMENT_NAME                                                                 
------------------------------                                                  
McCain                    SH_CLERK              50                              
Shipping                                                                        
                                                                                
Jones                     SH_CLERK              50                              
Shipping                                                                        
                                                                                
Walsh                     SH_CLERK              50                              
Shipping                                                                        
                                                                                

LAST_NAME                 JOB_ID     DEPARTMENT_ID                              
------------------------- ---------- -------------                              
DEPARTMENT_NAME                                                                 
------------------------------                                                  
Feeney                    SH_CLERK              50                              
Shipping                                                                        
                                                                                
OConnell                  SH_CLERK              50                              
Shipping                                                                        
                                                                                
Grant                     SH_CLERK              50                              
Shipping                                                                        
                                                                                

LAST_NAME                 JOB_ID     DEPARTMENT_ID                              
------------------------- ---------- -------------                              
DEPARTMENT_NAME                                                                 
------------------------------                                                  
Whalen                    AD_ASST               10                              
Administration                                                                  
                                                                                
Hartstein                 MK_MAN                20                              
Marketing                                                                       
                                                                                
Fay                       MK_REP                20                              
Marketing                                                                       
                                                                                

LAST_NAME                 JOB_ID     DEPARTMENT_ID                              
------------------------- ---------- -------------                              
DEPARTMENT_NAME                                                                 
------------------------------                                                  
Mavris                    HR_REP                40                              
Human Resources                                                                 
                                                                                
Baer                      PR_REP                70                              
Public Relations                                                                
                                                                                
Higgins                   AC_MGR               110                              
Accounting                                                                      
                                                                                

LAST_NAME                 JOB_ID     DEPARTMENT_ID                              
------------------------- ---------- -------------                              
DEPARTMENT_NAME                                                                 
------------------------------                                                  
Gietz                     AC_ACCOUNT           110                              
Accounting                                                                      
                                                                                

106 rows selected.

SQL> select e.last_name, e.job_id, e.department_id, d.department_name,d.location_id from employees e, departments d, locations l where e.department_id=d.department_id and d.location_id=l.location_id;

LAST_NAME                 JOB_ID     DEPARTMENT_ID                              
------------------------- ---------- -------------                              
DEPARTMENT_NAME                LOCATION_ID                                      
------------------------------ -----------                                      
King                      AD_PRES               90                              
Executive                             1700                                      
                                                                                
Kochhar                   AD_VP                 90                              
Executive                             1700                                      
                                                                                
De Haan                   AD_VP                 90                              
Executive                             1700                                      
                                                                                

LAST_NAME                 JOB_ID     DEPARTMENT_ID                              
------------------------- ---------- -------------                              
DEPARTMENT_NAME                LOCATION_ID                                      
------------------------------ -----------                                      
Hunold                    IT_PROG               60                              
IT                                    1400                                      
                                                                                
Ernst                     IT_PROG               60                              
IT                                    1400                                      
                                                                                
Austin                    IT_PROG               60                              
IT                                    1400                                      
                                                                                

LAST_NAME                 JOB_ID     DEPARTMENT_ID                              
------------------------- ---------- -------------                              
DEPARTMENT_NAME                LOCATION_ID                                      
------------------------------ -----------                                      
Pataballa                 IT_PROG               60                              
IT                                    1400                                      
                                                                                
Lorentz                   IT_PROG               60                              
IT                                    1400                                      
                                                                                
Greenberg                 FI_MGR               100                              
Finance                               1700                                      
                                                                                

LAST_NAME                 JOB_ID     DEPARTMENT_ID                              
------------------------- ---------- -------------                              
DEPARTMENT_NAME                LOCATION_ID                                      
------------------------------ -----------                                      
Faviet                    FI_ACCOUNT           100                              
Finance                               1700                                      
                                                                                
Chen                      FI_ACCOUNT           100                              
Finance                               1700                                      
                                                                                
Sciarra                   FI_ACCOUNT           100                              
Finance                               1700                                      
                                                                                

LAST_NAME                 JOB_ID     DEPARTMENT_ID                              
------------------------- ---------- -------------                              
DEPARTMENT_NAME                LOCATION_ID                                      
------------------------------ -----------                                      
Urman                     FI_ACCOUNT           100                              
Finance                               1700                                      
                                                                                
Popp                      FI_ACCOUNT           100                              
Finance                               1700                                      
                                                                                
Raphaely                  PU_MAN                30                              
Purchasing                            1700                                      
                                                                                

LAST_NAME                 JOB_ID     DEPARTMENT_ID                              
------------------------- ---------- -------------                              
DEPARTMENT_NAME                LOCATION_ID                                      
------------------------------ -----------                                      
Khoo                      PU_CLERK              30                              
Purchasing                            1700                                      
                                                                                
Baida                     PU_CLERK              30                              
Purchasing                            1700                                      
                                                                                
Tobias                    PU_CLERK              30                              
Purchasing                            1700                                      
                                                                                

LAST_NAME                 JOB_ID     DEPARTMENT_ID                              
------------------------- ---------- -------------                              
DEPARTMENT_NAME                LOCATION_ID                                      
------------------------------ -----------                                      
Himuro                    PU_CLERK              30                              
Purchasing                            1700                                      
                                                                                
Colmenares                PU_CLERK              30                              
Purchasing                            1700                                      
                                                                                
Weiss                     ST_MAN                50                              
Shipping                              1500                                      
                                                                                

LAST_NAME                 JOB_ID     DEPARTMENT_ID                              
------------------------- ---------- -------------                              
DEPARTMENT_NAME                LOCATION_ID                                      
------------------------------ -----------                                      
Fripp                     ST_MAN                50                              
Shipping                              1500                                      
                                                                                
Kaufling                  ST_MAN                50                              
Shipping                              1500                                      
                                                                                
Vollman                   ST_MAN                50                              
Shipping                              1500                                      
                                                                                

LAST_NAME                 JOB_ID     DEPARTMENT_ID                              
------------------------- ---------- -------------                              
DEPARTMENT_NAME                LOCATION_ID                                      
------------------------------ -----------                                      
Mourgos                   ST_MAN                50                              
Shipping                              1500                                      
                                                                                
Nayer                     ST_CLERK              50                              
Shipping                              1500                                      
                                                                                
Mikkilineni               ST_CLERK              50                              
Shipping                              1500                                      
                                                                                

LAST_NAME                 JOB_ID     DEPARTMENT_ID                              
------------------------- ---------- -------------                              
DEPARTMENT_NAME                LOCATION_ID                                      
------------------------------ -----------                                      
Landry                    ST_CLERK              50                              
Shipping                              1500                                      
                                                                                
Markle                    ST_CLERK              50                              
Shipping                              1500                                      
                                                                                
Bissot                    ST_CLERK              50                              
Shipping                              1500                                      
                                                                                

LAST_NAME                 JOB_ID     DEPARTMENT_ID                              
------------------------- ---------- -------------                              
DEPARTMENT_NAME                LOCATION_ID                                      
------------------------------ -----------                                      
Atkinson                  ST_CLERK              50                              
Shipping                              1500                                      
                                                                                
Marlow                    ST_CLERK              50                              
Shipping                              1500                                      
                                                                                
Olson                     ST_CLERK              50                              
Shipping                              1500                                      
                                                                                

LAST_NAME                 JOB_ID     DEPARTMENT_ID                              
------------------------- ---------- -------------                              
DEPARTMENT_NAME                LOCATION_ID                                      
------------------------------ -----------                                      
Mallin                    ST_CLERK              50                              
Shipping                              1500                                      
                                                                                
Rogers                    ST_CLERK              50                              
Shipping                              1500                                      
                                                                                
Gee                       ST_CLERK              50                              
Shipping                              1500                                      
                                                                                

LAST_NAME                 JOB_ID     DEPARTMENT_ID                              
------------------------- ---------- -------------                              
DEPARTMENT_NAME                LOCATION_ID                                      
------------------------------ -----------                                      
Philtanker                ST_CLERK              50                              
Shipping                              1500                                      
                                                                                
Ladwig                    ST_CLERK              50                              
Shipping                              1500                                      
                                                                                
Stiles                    ST_CLERK              50                              
Shipping                              1500                                      
                                                                                

LAST_NAME                 JOB_ID     DEPARTMENT_ID                              
------------------------- ---------- -------------                              
DEPARTMENT_NAME                LOCATION_ID                                      
------------------------------ -----------                                      
Seo                       ST_CLERK              50                              
Shipping                              1500                                      
                                                                                
Patel                     ST_CLERK              50                              
Shipping                              1500                                      
                                                                                
Rajs                      ST_CLERK              50                              
Shipping                              1500                                      
                                                                                

LAST_NAME                 JOB_ID     DEPARTMENT_ID                              
------------------------- ---------- -------------                              
DEPARTMENT_NAME                LOCATION_ID                                      
------------------------------ -----------                                      
Davies                    ST_CLERK              50                              
Shipping                              1500                                      
                                                                                
Matos                     ST_CLERK              50                              
Shipping                              1500                                      
                                                                                
Vargas                    ST_CLERK              50                              
Shipping                              1500                                      
                                                                                

LAST_NAME                 JOB_ID     DEPARTMENT_ID                              
------------------------- ---------- -------------                              
DEPARTMENT_NAME                LOCATION_ID                                      
------------------------------ -----------                                      
Russell                   SA_MAN                80                              
Sales                                 2500                                      
                                                                                
Partners                  SA_MAN                80                              
Sales                                 2500                                      
                                                                                
Errazuriz                 SA_MAN                80                              
Sales                                 2500                                      
                                                                                

LAST_NAME                 JOB_ID     DEPARTMENT_ID                              
------------------------- ---------- -------------                              
DEPARTMENT_NAME                LOCATION_ID                                      
------------------------------ -----------                                      
Cambrault                 SA_MAN                80                              
Sales                                 2500                                      
                                                                                
Zlotkey                   SA_MAN                80                              
Sales                                 2500                                      
                                                                                
Tucker                    SA_REP                80                              
Sales                                 2500                                      
                                                                                

LAST_NAME                 JOB_ID     DEPARTMENT_ID                              
------------------------- ---------- -------------                              
DEPARTMENT_NAME                LOCATION_ID                                      
------------------------------ -----------                                      
Bernstein                 SA_REP                80                              
Sales                                 2500                                      
                                                                                
Hall                      SA_REP                80                              
Sales                                 2500                                      
                                                                                
Olsen                     SA_REP                80                              
Sales                                 2500                                      
                                                                                

LAST_NAME                 JOB_ID     DEPARTMENT_ID                              
------------------------- ---------- -------------                              
DEPARTMENT_NAME                LOCATION_ID                                      
------------------------------ -----------                                      
Cambrault                 SA_REP                80                              
Sales                                 2500                                      
                                                                                
Tuvault                   SA_REP                80                              
Sales                                 2500                                      
                                                                                
King                      SA_REP                80                              
Sales                                 2500                                      
                                                                                

LAST_NAME                 JOB_ID     DEPARTMENT_ID                              
------------------------- ---------- -------------                              
DEPARTMENT_NAME                LOCATION_ID                                      
------------------------------ -----------                                      
Sully                     SA_REP                80                              
Sales                                 2500                                      
                                                                                
McEwen                    SA_REP                80                              
Sales                                 2500                                      
                                                                                
Smith                     SA_REP                80                              
Sales                                 2500                                      
                                                                                

LAST_NAME                 JOB_ID     DEPARTMENT_ID                              
------------------------- ---------- -------------                              
DEPARTMENT_NAME                LOCATION_ID                                      
------------------------------ -----------                                      
Doran                     SA_REP                80                              
Sales                                 2500                                      
                                                                                
Sewall                    SA_REP                80                              
Sales                                 2500                                      
                                                                                
Vishney                   SA_REP                80                              
Sales                                 2500                                      
                                                                                

LAST_NAME                 JOB_ID     DEPARTMENT_ID                              
------------------------- ---------- -------------                              
DEPARTMENT_NAME                LOCATION_ID                                      
------------------------------ -----------                                      
Greene                    SA_REP                80                              
Sales                                 2500                                      
                                                                                
Marvins                   SA_REP                80                              
Sales                                 2500                                      
                                                                                
Lee                       SA_REP                80                              
Sales                                 2500                                      
                                                                                

LAST_NAME                 JOB_ID     DEPARTMENT_ID                              
------------------------- ---------- -------------                              
DEPARTMENT_NAME                LOCATION_ID                                      
------------------------------ -----------                                      
Ande                      SA_REP                80                              
Sales                                 2500                                      
                                                                                
Banda                     SA_REP                80                              
Sales                                 2500                                      
                                                                                
Ozer                      SA_REP                80                              
Sales                                 2500                                      
                                                                                

LAST_NAME                 JOB_ID     DEPARTMENT_ID                              
------------------------- ---------- -------------                              
DEPARTMENT_NAME                LOCATION_ID                                      
------------------------------ -----------                                      
Bloom                     SA_REP                80                              
Sales                                 2500                                      
                                                                                
Fox                       SA_REP                80                              
Sales                                 2500                                      
                                                                                
Smith                     SA_REP                80                              
Sales                                 2500                                      
                                                                                

LAST_NAME                 JOB_ID     DEPARTMENT_ID                              
------------------------- ---------- -------------                              
DEPARTMENT_NAME                LOCATION_ID                                      
------------------------------ -----------                                      
Bates                     SA_REP                80                              
Sales                                 2500                                      
                                                                                
Kumar                     SA_REP                80                              
Sales                                 2500                                      
                                                                                
Abel                      SA_REP                80                              
Sales                                 2500                                      
                                                                                

LAST_NAME                 JOB_ID     DEPARTMENT_ID                              
------------------------- ---------- -------------                              
DEPARTMENT_NAME                LOCATION_ID                                      
------------------------------ -----------                                      
Hutton                    SA_REP                80                              
Sales                                 2500                                      
                                                                                
Taylor                    SA_REP                80                              
Sales                                 2500                                      
                                                                                
Livingston                SA_REP                80                              
Sales                                 2500                                      
                                                                                

LAST_NAME                 JOB_ID     DEPARTMENT_ID                              
------------------------- ---------- -------------                              
DEPARTMENT_NAME                LOCATION_ID                                      
------------------------------ -----------                                      
Johnson                   SA_REP                80                              
Sales                                 2500                                      
                                                                                
Taylor                    SH_CLERK              50                              
Shipping                              1500                                      
                                                                                
Fleaur                    SH_CLERK              50                              
Shipping                              1500                                      
                                                                                

LAST_NAME                 JOB_ID     DEPARTMENT_ID                              
------------------------- ---------- -------------                              
DEPARTMENT_NAME                LOCATION_ID                                      
------------------------------ -----------                                      
Sullivan                  SH_CLERK              50                              
Shipping                              1500                                      
                                                                                
Geoni                     SH_CLERK              50                              
Shipping                              1500                                      
                                                                                
Sarchand                  SH_CLERK              50                              
Shipping                              1500                                      
                                                                                

LAST_NAME                 JOB_ID     DEPARTMENT_ID                              
------------------------- ---------- -------------                              
DEPARTMENT_NAME                LOCATION_ID                                      
------------------------------ -----------                                      
Bull                      SH_CLERK              50                              
Shipping                              1500                                      
                                                                                
Dellinger                 SH_CLERK              50                              
Shipping                              1500                                      
                                                                                
Cabrio                    SH_CLERK              50                              
Shipping                              1500                                      
                                                                                

LAST_NAME                 JOB_ID     DEPARTMENT_ID                              
------------------------- ---------- -------------                              
DEPARTMENT_NAME                LOCATION_ID                                      
------------------------------ -----------                                      
Chung                     SH_CLERK              50                              
Shipping                              1500                                      
                                                                                
Dilly                     SH_CLERK              50                              
Shipping                              1500                                      
                                                                                
Gates                     SH_CLERK              50                              
Shipping                              1500                                      
                                                                                

LAST_NAME                 JOB_ID     DEPARTMENT_ID                              
------------------------- ---------- -------------                              
DEPARTMENT_NAME                LOCATION_ID                                      
------------------------------ -----------                                      
Perkins                   SH_CLERK              50                              
Shipping                              1500                                      
                                                                                
Bell                      SH_CLERK              50                              
Shipping                              1500                                      
                                                                                
Everett                   SH_CLERK              50                              
Shipping                              1500                                      
                                                                                

LAST_NAME                 JOB_ID     DEPARTMENT_ID                              
------------------------- ---------- -------------                              
DEPARTMENT_NAME                LOCATION_ID                                      
------------------------------ -----------                                      
McCain                    SH_CLERK              50                              
Shipping                              1500                                      
                                                                                
Jones                     SH_CLERK              50                              
Shipping                              1500                                      
                                                                                
Walsh                     SH_CLERK              50                              
Shipping                              1500                                      
                                                                                

LAST_NAME                 JOB_ID     DEPARTMENT_ID                              
------------------------- ---------- -------------                              
DEPARTMENT_NAME                LOCATION_ID                                      
------------------------------ -----------                                      
Feeney                    SH_CLERK              50                              
Shipping                              1500                                      
                                                                                
OConnell                  SH_CLERK              50                              
Shipping                              1500                                      
                                                                                
Grant                     SH_CLERK              50                              
Shipping                              1500                                      
                                                                                

LAST_NAME                 JOB_ID     DEPARTMENT_ID                              
------------------------- ---------- -------------                              
DEPARTMENT_NAME                LOCATION_ID                                      
------------------------------ -----------                                      
Whalen                    AD_ASST               10                              
Administration                        1700                                      
                                                                                
Hartstein                 MK_MAN                20                              
Marketing                             1800                                      
                                                                                
Fay                       MK_REP                20                              
Marketing                             1800                                      
                                                                                

LAST_NAME                 JOB_ID     DEPARTMENT_ID                              
------------------------- ---------- -------------                              
DEPARTMENT_NAME                LOCATION_ID                                      
------------------------------ -----------                                      
Mavris                    HR_REP                40                              
Human Resources                       2400                                      
                                                                                
Baer                      PR_REP                70                              
Public Relations                      2700                                      
                                                                                
Higgins                   AC_MGR               110                              
Accounting                            1700                                      
                                                                                

LAST_NAME                 JOB_ID     DEPARTMENT_ID                              
------------------------- ---------- -------------                              
DEPARTMENT_NAME                LOCATION_ID                                      
------------------------------ -----------                                      
Gietz                     AC_ACCOUNT           110                              
Accounting                            1700                                      
                                                                                

106 rows selected.

SQL> select e.last_name, e.job_id, e.department_id, d.department_name from employees e, departments d, locations l where e.department_id=d.department_id and d.location_id=l.location_id and lower(city)='toronto';

LAST_NAME                 JOB_ID     DEPARTMENT_ID                              
------------------------- ---------- -------------                              
DEPARTMENT_NAME                                                                 
------------------------------                                                  
Hartstein                 MK_MAN                20                              
Marketing                                                                       
                                                                                
Fay                       MK_REP                20                              
Marketing                                                                       
                                                                                

SQL> desc managers;
ERROR:
ORA-04043: object managers does not exist 


SQL> desc manager;
ERROR:
ORA-04043: object manager does not exist 


SQL> select * from tab;

TNAME                          TABTYPE  CLUSTERID                               
------------------------------ ------- ----------                               
COUNTRIES                      TABLE                                            
DEPARTMENTS                    TABLE                                            
DEPT                           TABLE                                            
DEPT0                          TABLE                                            
DEPT1                          TABLE                                            
DEPT80                         TABLE                                            
EMPLOYEES                      TABLE                                            
EMPTABLE                       TABLE                                            
EMP_DETAILS_VIEW               VIEW                                             
JOBS                           TABLE                                            
JOB_HISTORY                    TABLE                                            

TNAME                          TABTYPE  CLUSTERID                               
------------------------------ ------- ----------                               
LOCATIONS                      TABLE                                            
REGIONS                        TABLE                                            

13 rows selected.

SQL> desc employees;
 Name                                      Null?    Type
 ----------------------------------------- -------- ----------------------------
 EMPLOYEE_ID                               NOT NULL NUMBER(6)
 FIRST_NAME                                         VARCHAR2(20)
 LAST_NAME                                 NOT NULL VARCHAR2(25)
 EMAIL                                     NOT NULL VARCHAR2(25)
 PHONE_NUMBER                                       VARCHAR2(20)
 HIRE_DATE                                 NOT NULL DATE
 JOB_ID                                    NOT NULL VARCHAR2(10)
 SALARY                                             NUMBER(8,2)
 COMMISSION_PCT                                     NUMBER(2,2)
 MANAGER_ID                                         NUMBER(6)
 DEPARTMENT_ID                                      NUMBER(4)

SQL> select e.last_name Employee, e.employee_id EMP#,m.last_name Manager, e.manager_id from employees e, employees m where e.manager_id=m.employee_id;

EMPLOYEE                        EMP# MANAGER                   MANAGER_ID       
------------------------- ---------- ------------------------- ----------       
Kumar                            173 Cambrault                        148       
Bates                            172 Cambrault                        148       
Smith                            171 Cambrault                        148       
Fox                              170 Cambrault                        148       
Bloom                            169 Cambrault                        148       
Ozer                             168 Cambrault                        148       
Hunold                           103 De Haan                          102       
Banda                            167 Errazuriz                        147       
Ande                             166 Errazuriz                        147       
Lee                              165 Errazuriz                        147       
Marvins                          164 Errazuriz                        147       

EMPLOYEE                        EMP# MANAGER                   MANAGER_ID       
------------------------- ---------- ------------------------- ----------       
Greene                           163 Errazuriz                        147       
Vishney                          162 Errazuriz                        147       
Cabrio                           187 Fripp                            121       
Dellinger                        186 Fripp                            121       
Bull                             185 Fripp                            121       
Sarchand                         184 Fripp                            121       
Olson                            132 Fripp                            121       
Marlow                           131 Fripp                            121       
Atkinson                         130 Fripp                            121       
Bissot                           129 Fripp                            121       
Popp                             113 Greenberg                        108       

EMPLOYEE                        EMP# MANAGER                   MANAGER_ID       
------------------------- ---------- ------------------------- ----------       
Urman                            112 Greenberg                        108       
Sciarra                          111 Greenberg                        108       
Chen                             110 Greenberg                        108       
Faviet                           109 Greenberg                        108       
Fay                              202 Hartstein                        201       
Gietz                            206 Higgins                          205       
Lorentz                          107 Hunold                           103       
Pataballa                        106 Hunold                           103       
Austin                           105 Hunold                           103       
Ernst                            104 Hunold                           103       
Perkins                          191 Kaufling                         122       

EMPLOYEE                        EMP# MANAGER                   MANAGER_ID       
------------------------- ---------- ------------------------- ----------       
Gates                            190 Kaufling                         122       
Dilly                            189 Kaufling                         122       
Chung                            188 Kaufling                         122       
Philtanker                       136 Kaufling                         122       
Gee                              135 Kaufling                         122       
Rogers                           134 Kaufling                         122       
Mallin                           133 Kaufling                         122       
Hartstein                        201 King                             100       
Zlotkey                          149 King                             100       
Cambrault                        148 King                             100       
Errazuriz                        147 King                             100       

EMPLOYEE                        EMP# MANAGER                   MANAGER_ID       
------------------------- ---------- ------------------------- ----------       
Partners                         146 King                             100       
Russell                          145 King                             100       
Mourgos                          124 King                             100       
Vollman                          123 King                             100       
Kaufling                         122 King                             100       
Fripp                            121 King                             100       
Weiss                            120 King                             100       
Raphaely                         114 King                             100       
De Haan                          102 King                             100       
Kochhar                          101 King                             100       
Higgins                          205 Kochhar                          101       

EMPLOYEE                        EMP# MANAGER                   MANAGER_ID       
------------------------- ---------- ------------------------- ----------       
Baer                             204 Kochhar                          101       
Mavris                           203 Kochhar                          101       
Whalen                           200 Kochhar                          101       
Greenberg                        108 Kochhar                          101       
Grant                            199 Mourgos                          124       
OConnell                         198 Mourgos                          124       
Feeney                           197 Mourgos                          124       
Walsh                            196 Mourgos                          124       
Vargas                           144 Mourgos                          124       
Matos                            143 Mourgos                          124       
Davies                           142 Mourgos                          124       

EMPLOYEE                        EMP# MANAGER                   MANAGER_ID       
------------------------- ---------- ------------------------- ----------       
Rajs                             141 Mourgos                          124       
Sewall                           161 Partners                         146       
Doran                            160 Partners                         146       
Smith                            159 Partners                         146       
McEwen                           158 Partners                         146       
Sully                            157 Partners                         146       
King                             156 Partners                         146       
Colmenares                       119 Raphaely                         114       
Himuro                           118 Raphaely                         114       
Tobias                           117 Raphaely                         114       
Baida                            116 Raphaely                         114       

EMPLOYEE                        EMP# MANAGER                   MANAGER_ID       
------------------------- ---------- ------------------------- ----------       
Khoo                             115 Raphaely                         114       
Tuvault                          155 Russell                          145       
Cambrault                        154 Russell                          145       
Olsen                            153 Russell                          145       
Hall                             152 Russell                          145       
Bernstein                        151 Russell                          145       
Tucker                           150 Russell                          145       
Jones                            195 Vollman                          123       
McCain                           194 Vollman                          123       
Everett                          193 Vollman                          123       
Bell                             192 Vollman                          123       

EMPLOYEE                        EMP# MANAGER                   MANAGER_ID       
------------------------- ---------- ------------------------- ----------       
Patel                            140 Vollman                          123       
Seo                              139 Vollman                          123       
Stiles                           138 Vollman                          123       
Ladwig                           137 Vollman                          123       
Geoni                            183 Weiss                            120       
Sullivan                         182 Weiss                            120       
Fleaur                           181 Weiss                            120       
Taylor                           180 Weiss                            120       
Markle                           128 Weiss                            120       
Landry                           127 Weiss                            120       
Mikkilineni                      126 Weiss                            120       

EMPLOYEE                        EMP# MANAGER                   MANAGER_ID       
------------------------- ---------- ------------------------- ----------       
Nayer                            125 Weiss                            120       
Johnson                          179 Zlotkey                          149       
Grant                            178 Zlotkey                          149       
Livingston                       177 Zlotkey                          149       
Taylor                           176 Zlotkey                          149       
Hutton                           175 Zlotkey                          149       
Abel                             174 Zlotkey                          149       

106 rows selected.

SQL> select e.last_name Employee, e.employee_id EMP#,m.last_name Manager, m.manager_id from employees e, employees m where e.manager_id=m.employee_id;

EMPLOYEE                        EMP# MANAGER                   MANAGER_ID       
------------------------- ---------- ------------------------- ----------       
Hartstein                        201 King                                       
Zlotkey                          149 King                                       
Cambrault                        148 King                                       
Errazuriz                        147 King                                       
Partners                         146 King                                       
Russell                          145 King                                       
Mourgos                          124 King                                       
Vollman                          123 King                                       
Kaufling                         122 King                                       
Fripp                            121 King                                       
Weiss                            120 King                                       

EMPLOYEE                        EMP# MANAGER                   MANAGER_ID       
------------------------- ---------- ------------------------- ----------       
Raphaely                         114 King                                       
De Haan                          102 King                                       
Kochhar                          101 King                                       
Higgins                          205 Kochhar                          100       
Baer                             204 Kochhar                          100       
Mavris                           203 Kochhar                          100       
Whalen                           200 Kochhar                          100       
Greenberg                        108 Kochhar                          100       
Hunold                           103 De Haan                          100       
Lorentz                          107 Hunold                           102       
Pataballa                        106 Hunold                           102       

EMPLOYEE                        EMP# MANAGER                   MANAGER_ID       
------------------------- ---------- ------------------------- ----------       
Austin                           105 Hunold                           102       
Ernst                            104 Hunold                           102       
Popp                             113 Greenberg                        101       
Urman                            112 Greenberg                        101       
Sciarra                          111 Greenberg                        101       
Chen                             110 Greenberg                        101       
Faviet                           109 Greenberg                        101       
Colmenares                       119 Raphaely                         100       
Himuro                           118 Raphaely                         100       
Tobias                           117 Raphaely                         100       
Baida                            116 Raphaely                         100       

EMPLOYEE                        EMP# MANAGER                   MANAGER_ID       
------------------------- ---------- ------------------------- ----------       
Khoo                             115 Raphaely                         100       
Geoni                            183 Weiss                            100       
Sullivan                         182 Weiss                            100       
Fleaur                           181 Weiss                            100       
Taylor                           180 Weiss                            100       
Markle                           128 Weiss                            100       
Landry                           127 Weiss                            100       
Mikkilineni                      126 Weiss                            100       
Nayer                            125 Weiss                            100       
Cabrio                           187 Fripp                            100       
Dellinger                        186 Fripp                            100       

EMPLOYEE                        EMP# MANAGER                   MANAGER_ID       
------------------------- ---------- ------------------------- ----------       
Bull                             185 Fripp                            100       
Sarchand                         184 Fripp                            100       
Olson                            132 Fripp                            100       
Marlow                           131 Fripp                            100       
Atkinson                         130 Fripp                            100       
Bissot                           129 Fripp                            100       
Perkins                          191 Kaufling                         100       
Gates                            190 Kaufling                         100       
Dilly                            189 Kaufling                         100       
Chung                            188 Kaufling                         100       
Philtanker                       136 Kaufling                         100       

EMPLOYEE                        EMP# MANAGER                   MANAGER_ID       
------------------------- ---------- ------------------------- ----------       
Gee                              135 Kaufling                         100       
Rogers                           134 Kaufling                         100       
Mallin                           133 Kaufling                         100       
Jones                            195 Vollman                          100       
McCain                           194 Vollman                          100       
Everett                          193 Vollman                          100       
Bell                             192 Vollman                          100       
Patel                            140 Vollman                          100       
Seo                              139 Vollman                          100       
Stiles                           138 Vollman                          100       
Ladwig                           137 Vollman                          100       

EMPLOYEE                        EMP# MANAGER                   MANAGER_ID       
------------------------- ---------- ------------------------- ----------       
Grant                            199 Mourgos                          100       
OConnell                         198 Mourgos                          100       
Feeney                           197 Mourgos                          100       
Walsh                            196 Mourgos                          100       
Vargas                           144 Mourgos                          100       
Matos                            143 Mourgos                          100       
Davies                           142 Mourgos                          100       
Rajs                             141 Mourgos                          100       
Tuvault                          155 Russell                          100       
Cambrault                        154 Russell                          100       
Olsen                            153 Russell                          100       

EMPLOYEE                        EMP# MANAGER                   MANAGER_ID       
------------------------- ---------- ------------------------- ----------       
Hall                             152 Russell                          100       
Bernstein                        151 Russell                          100       
Tucker                           150 Russell                          100       
Sewall                           161 Partners                         100       
Doran                            160 Partners                         100       
Smith                            159 Partners                         100       
McEwen                           158 Partners                         100       
Sully                            157 Partners                         100       
King                             156 Partners                         100       
Banda                            167 Errazuriz                        100       
Ande                             166 Errazuriz                        100       

EMPLOYEE                        EMP# MANAGER                   MANAGER_ID       
------------------------- ---------- ------------------------- ----------       
Lee                              165 Errazuriz                        100       
Marvins                          164 Errazuriz                        100       
Greene                           163 Errazuriz                        100       
Vishney                          162 Errazuriz                        100       
Kumar                            173 Cambrault                        100       
Bates                            172 Cambrault                        100       
Smith                            171 Cambrault                        100       
Fox                              170 Cambrault                        100       
Bloom                            169 Cambrault                        100       
Ozer                             168 Cambrault                        100       
Johnson                          179 Zlotkey                          100       

EMPLOYEE                        EMP# MANAGER                   MANAGER_ID       
------------------------- ---------- ------------------------- ----------       
Grant                            178 Zlotkey                          100       
Livingston                       177 Zlotkey                          100       
Taylor                           176 Zlotkey                          100       
Hutton                           175 Zlotkey                          100       
Abel                             174 Zlotkey                          100       
Fay                              202 Hartstein                        100       
Gietz                            206 Higgins                          101       

106 rows selected.

SQL> spool D:/sqllab.txt append
SQL> select e.last_name Employee, e.employee_id EMP#,m.last_name Manager, m.manager_id Mgr# from employees e, employees m where e.manager_id=m.employee_id and manager_id<>'null';
select e.last_name Employee, e.employee_id EMP#,m.last_name Manager, m.manager_id Mgr# from employees e, employees m where e.manager_id=m.employee_id and manager_id<>'null'
                                                                                                                                                          *
ERROR at line 1:
ORA-00918: column ambiguously defined 


SQL> select e.last_name Employee, e.employee_id EMP#,m.last_name Manager, m.manager_id Mgr# from employees e, employees m where e.manager_id=m.employee_id and e.manager_id<>null;

no rows selected

SQL> select e.last_name Employee, e.employee_id EMP#,m.last_name Manager, m.manager_id Mgr# from employees e, employees m where e.manager_id=m.employee_id and e.manager_id<>'null';
select e.last_name Employee, e.employee_id EMP#,m.last_name Manager, m.manager_id Mgr# from employees e, employees m where e.manager_id=m.employee_id and e.manager_id<>'null'
                                                                                                                                                                        *
ERROR at line 1:
ORA-01722: invalid number 


SQL> select e.last_name Employee, e.employee_id EMP#,m.last_name Manager, m.manager_id Mgr# from employees e, employees m where e.manager_id=null and e.manager_id=m.employee_id;

no rows selected

SQL> spool D:/sqllab.txt append

SQL> select e.last_name Employee, e.employee_id EMP#,m.last_name Manager, m.manager_id Mgr# from employees e left outer join employees m on e.manager_id=m.employee_id;

EMPLOYEE                        EMP# MANAGER                         MGR#       
------------------------- ---------- ------------------------- ----------       
Hartstein                        201 King                                       
Zlotkey                          149 King                                       
Cambrault                        148 King                                       
Errazuriz                        147 King                                       
Partners                         146 King                                       
Russell                          145 King                                       
Mourgos                          124 King                                       
Vollman                          123 King                                       
Kaufling                         122 King                                       
Fripp                            121 King                                       
Weiss                            120 King                                       

EMPLOYEE                        EMP# MANAGER                         MGR#       
------------------------- ---------- ------------------------- ----------       
Raphaely                         114 King                                       
De Haan                          102 King                                       
Kochhar                          101 King                                       
Higgins                          205 Kochhar                          100       
Baer                             204 Kochhar                          100       
Mavris                           203 Kochhar                          100       
Whalen                           200 Kochhar                          100       
Greenberg                        108 Kochhar                          100       
Hunold                           103 De Haan                          100       
Lorentz                          107 Hunold                           102       
Pataballa                        106 Hunold                           102       

EMPLOYEE                        EMP# MANAGER                         MGR#       
------------------------- ---------- ------------------------- ----------       
Austin                           105 Hunold                           102       
Ernst                            104 Hunold                           102       
Popp                             113 Greenberg                        101       
Urman                            112 Greenberg                        101       
Sciarra                          111 Greenberg                        101       
Chen                             110 Greenberg                        101       
Faviet                           109 Greenberg                        101       
Colmenares                       119 Raphaely                         100       
Himuro                           118 Raphaely                         100       
Tobias                           117 Raphaely                         100       
Baida                            116 Raphaely                         100       

EMPLOYEE                        EMP# MANAGER                         MGR#       
------------------------- ---------- ------------------------- ----------       
Khoo                             115 Raphaely                         100       
Geoni                            183 Weiss                            100       
Sullivan                         182 Weiss                            100       
Fleaur                           181 Weiss                            100       
Taylor                           180 Weiss                            100       
Markle                           128 Weiss                            100       
Landry                           127 Weiss                            100       
Mikkilineni                      126 Weiss                            100       
Nayer                            125 Weiss                            100       
Cabrio                           187 Fripp                            100       
Dellinger                        186 Fripp                            100       

EMPLOYEE                        EMP# MANAGER                         MGR#       
------------------------- ---------- ------------------------- ----------       
Bull                             185 Fripp                            100       
Sarchand                         184 Fripp                            100       
Olson                            132 Fripp                            100       
Marlow                           131 Fripp                            100       
Atkinson                         130 Fripp                            100       
Bissot                           129 Fripp                            100       
Perkins                          191 Kaufling                         100       
Gates                            190 Kaufling                         100       
Dilly                            189 Kaufling                         100       
Chung                            188 Kaufling                         100       
Philtanker                       136 Kaufling                         100       

EMPLOYEE                        EMP# MANAGER                         MGR#       
------------------------- ---------- ------------------------- ----------       
Gee                              135 Kaufling                         100       
Rogers                           134 Kaufling                         100       
Mallin                           133 Kaufling                         100       
Jones                            195 Vollman                          100       
McCain                           194 Vollman                          100       
Everett                          193 Vollman                          100       
Bell                             192 Vollman                          100       
Patel                            140 Vollman                          100       
Seo                              139 Vollman                          100       
Stiles                           138 Vollman                          100       
Ladwig                           137 Vollman                          100       

EMPLOYEE                        EMP# MANAGER                         MGR#       
------------------------- ---------- ------------------------- ----------       
Grant                            199 Mourgos                          100       
OConnell                         198 Mourgos                          100       
Feeney                           197 Mourgos                          100       
Walsh                            196 Mourgos                          100       
Vargas                           144 Mourgos                          100       
Matos                            143 Mourgos                          100       
Davies                           142 Mourgos                          100       
Rajs                             141 Mourgos                          100       
Tuvault                          155 Russell                          100       
Cambrault                        154 Russell                          100       
Olsen                            153 Russell                          100       

EMPLOYEE                        EMP# MANAGER                         MGR#       
------------------------- ---------- ------------------------- ----------       
Hall                             152 Russell                          100       
Bernstein                        151 Russell                          100       
Tucker                           150 Russell                          100       
Sewall                           161 Partners                         100       
Doran                            160 Partners                         100       
Smith                            159 Partners                         100       
McEwen                           158 Partners                         100       
Sully                            157 Partners                         100       
King                             156 Partners                         100       
Banda                            167 Errazuriz                        100       
Ande                             166 Errazuriz                        100       

EMPLOYEE                        EMP# MANAGER                         MGR#       
------------------------- ---------- ------------------------- ----------       
Lee                              165 Errazuriz                        100       
Marvins                          164 Errazuriz                        100       
Greene                           163 Errazuriz                        100       
Vishney                          162 Errazuriz                        100       
Kumar                            173 Cambrault                        100       
Bates                            172 Cambrault                        100       
Smith                            171 Cambrault                        100       
Fox                              170 Cambrault                        100       
Bloom                            169 Cambrault                        100       
Ozer                             168 Cambrault                        100       
Johnson                          179 Zlotkey                          100       

EMPLOYEE                        EMP# MANAGER                         MGR#       
------------------------- ---------- ------------------------- ----------       
Grant                            178 Zlotkey                          100       
Livingston                       177 Zlotkey                          100       
Taylor                           176 Zlotkey                          100       
Hutton                           175 Zlotkey                          100       
Abel                             174 Zlotkey                          100       
Fay                              202 Hartstein                        100       
Gietz                            206 Higgins                          101       
King                             100                                            

107 rows selected.

SQL> desc employees;]\
SP2-0565: Illegal identifier.
SQL> desc employees;
 Name                                      Null?    Type
 ----------------------------------------- -------- ----------------------------
 EMPLOYEE_ID                               NOT NULL NUMBER(6)
 FIRST_NAME                                         VARCHAR2(20)
 LAST_NAME                                 NOT NULL VARCHAR2(25)
 EMAIL                                     NOT NULL VARCHAR2(25)
 PHONE_NUMBER                                       VARCHAR2(20)
 HIRE_DATE                                 NOT NULL DATE
 JOB_ID                                    NOT NULL VARCHAR2(10)
 SALARY                                             NUMBER(8,2)
 COMMISSION_PCT                                     NUMBER(2,2)
 MANAGER_ID                                         NUMBER(6)
 DEPARTMENT_ID                                      NUMBER(4)

SQL> desc job_history;
 Name                                      Null?    Type
 ----------------------------------------- -------- ----------------------------
 EMPLOYEE_ID                               NOT NULL NUMBER(6)
 START_DATE                                NOT NULL DATE
 END_DATE                                  NOT NULL DATE
 JOB_ID                                    NOT NULL VARCHAR2(10)
 DEPARTMENT_ID                                      NUMBER(4)

SQL> select last_name,hire_date from employees where hire_date>(select hire_date from employees where lower(last_name)='davies');

LAST_NAME                 HIRE_DATE                                             
------------------------- ---------                                             
Kochhar                   21-SEP-05                                             
Hunold                    03-JAN-06                                             
Ernst                     21-MAY-07                                             
Austin                    25-JUN-05                                             
Pataballa                 05-FEB-06                                             
Lorentz                   07-FEB-07                                             
Chen                      28-SEP-05                                             
Sciarra                   30-SEP-05                                             
Urman                     07-MAR-06                                             
Popp                      07-DEC-07                                             
Baida                     24-DEC-05                                             

LAST_NAME                 HIRE_DATE                                             
------------------------- ---------                                             
Tobias                    24-JUL-05                                             
Himuro                    15-NOV-06                                             
Colmenares                10-AUG-07                                             
Fripp                     10-APR-05                                             
Vollman                   10-OCT-05                                             
Mourgos                   16-NOV-07                                             
Nayer                     16-JUL-05                                             
Mikkilineni               28-SEP-06                                             
Landry                    14-JAN-07                                             
Markle                    08-MAR-08                                             
Bissot                    20-AUG-05                                             

LAST_NAME                 HIRE_DATE                                             
------------------------- ---------                                             
Atkinson                  30-OCT-05                                             
Marlow                    16-FEB-05                                             
Olson                     10-APR-07                                             
Rogers                    26-AUG-06                                             
Gee                       12-DEC-07                                             
Philtanker                06-FEB-08                                             
Stiles                    26-OCT-05                                             
Seo                       12-FEB-06                                             
Patel                     06-APR-06                                             
Matos                     15-MAR-06                                             
Vargas                    09-JUL-06                                             

LAST_NAME                 HIRE_DATE                                             
------------------------- ---------                                             
Errazuriz                 10-MAR-05                                             
Cambrault                 15-OCT-07                                             
Zlotkey                   29-JAN-08                                             
Tucker                    30-JAN-05                                             
Bernstein                 24-MAR-05                                             
Hall                      20-AUG-05                                             
Olsen                     30-MAR-06                                             
Cambrault                 09-DEC-06                                             
Tuvault                   23-NOV-07                                             
Smith                     10-MAR-05                                             
Doran                     15-DEC-05                                             

LAST_NAME                 HIRE_DATE                                             
------------------------- ---------                                             
Sewall                    03-NOV-06                                             
Vishney                   11-NOV-05                                             
Greene                    19-MAR-07                                             
Marvins                   24-JAN-08                                             
Lee                       23-FEB-08                                             
Ande                      24-MAR-08                                             
Banda                     21-APR-08                                             
Ozer                      11-MAR-05                                             
Bloom                     23-MAR-06                                             
Fox                       24-JAN-06                                             
Smith                     23-FEB-07                                             

LAST_NAME                 HIRE_DATE                                             
------------------------- ---------                                             
Bates                     24-MAR-07                                             
Kumar                     21-APR-08                                             
Hutton                    19-MAR-05                                             
Taylor                    24-MAR-06                                             
Livingston                23-APR-06                                             
Grant                     24-MAY-07                                             
Johnson                   04-JAN-08                                             
Taylor                    24-JAN-06                                             
Fleaur                    23-FEB-06                                             
Sullivan                  21-JUN-07                                             
Geoni                     03-FEB-08                                             

LAST_NAME                 HIRE_DATE                                             
------------------------- ---------                                             
Bull                      20-FEB-05                                             
Dellinger                 24-JUN-06                                             
Cabrio                    07-FEB-07                                             
Chung                     14-JUN-05                                             
Dilly                     13-AUG-05                                             
Gates                     11-JUL-06                                             
Perkins                   19-DEC-07                                             
Everett                   03-MAR-05                                             
McCain                    01-JUL-06                                             
Jones                     17-MAR-07                                             
Walsh                     24-APR-06                                             

LAST_NAME                 HIRE_DATE                                             
------------------------- ---------                                             
Feeney                    23-MAY-06                                             
OConnell                  21-JUN-07                                             
Grant                     13-JAN-08                                             
Fay                       17-AUG-05                                             

81 rows selected.

SQL> select hire_date from employees where lower(last_name)='davies';

HIRE_DATE                                                                       
---------                                                                       
29-JAN-05                                                                       

SQL> spool D:/sqllab.txt append