Exercise 3

SQL> select employee_id,last_name, salary,trunc(salary*(155/100),0) "NEW_SALARY",(trunc(salary*(155/100),0)-salary) Increase from employees;

EMPLOYEE_ID LAST_NAME                     SALARY NEW_SALARY   INCREASE          
----------- ------------------------- ---------- ---------- ----------          
        100 King                           24000      37200      13200          
        101 Kochhar                        17000      26350       9350          
        102 De Haan                        17000      26350       9350          
        103 Hunold                          9000      13950       4950          
        104 Ernst                           6000       9300       3300          
        105 Austin                          4800       7440       2640          
        106 Pataballa                       4800       7440       2640          
        107 Lorentz                         4200       6510       2310          
        108 Greenberg                      12008      18612       6604          
        109 Faviet                          9000      13950       4950          
        110 Chen                            8200      12710       4510          

EMPLOYEE_ID LAST_NAME                     SALARY NEW_SALARY   INCREASE          
----------- ------------------------- ---------- ---------- ----------          
        111 Sciarra                         7700      11935       4235          
        112 Urman                           7800      12090       4290          
        113 Popp                            6900      10695       3795          
        114 Raphaely                       11000      17050       6050          
        115 Khoo                            3100       4805       1705          
        116 Baida                           2900       4495       1595          
        117 Tobias                          2800       4340       1540          
        118 Himuro                          2600       4030       1430          
        119 Colmenares                      2500       3875       1375          
        120 Weiss                           8000      12400       4400          
        121 Fripp                           8200      12710       4510          

EMPLOYEE_ID LAST_NAME                     SALARY NEW_SALARY   INCREASE          
----------- ------------------------- ---------- ---------- ----------          
        122 Kaufling                        7900      12245       4345          
        123 Vollman                         6500      10075       3575          
        124 Mourgos                         5800       8990       3190          
        125 Nayer                           3200       4960       1760          
        126 Mikkilineni                     2700       4185       1485          
        127 Landry                          2400       3720       1320          
        128 Markle                          2200       3410       1210          
        129 Bissot                          3300       5115       1815          
        130 Atkinson                        2800       4340       1540          
        131 Marlow                          2500       3875       1375          
        132 Olson                           2100       3255       1155          

EMPLOYEE_ID LAST_NAME                     SALARY NEW_SALARY   INCREASE          
----------- ------------------------- ---------- ---------- ----------          
        133 Mallin                          3300       5115       1815          
        134 Rogers                          2900       4495       1595          
        135 Gee                             2400       3720       1320          
        136 Philtanker                      2200       3410       1210          
        137 Ladwig                          3600       5580       1980          
        138 Stiles                          3200       4960       1760          
        139 Seo                             2700       4185       1485          
        140 Patel                           2500       3875       1375          
        141 Rajs                            3500       5425       1925          
        142 Davies                          3100       4805       1705          
        143 Matos                           2600       4030       1430          

EMPLOYEE_ID LAST_NAME                     SALARY NEW_SALARY   INCREASE          
----------- ------------------------- ---------- ---------- ----------          
        144 Vargas                          2500       3875       1375          
        145 Russell                        14000      21700       7700          
        146 Partners                       13500      20925       7425          
        147 Errazuriz                      12000      18600       6600          
        148 Cambrault                      11000      17050       6050          
        149 Zlotkey                        10500      16275       5775          
        150 Tucker                         10000      15500       5500          
        151 Bernstein                       9500      14725       5225          
        152 Hall                            9000      13950       4950          
        153 Olsen                           8000      12400       4400          
        154 Cambrault                       7500      11625       4125          

EMPLOYEE_ID LAST_NAME                     SALARY NEW_SALARY   INCREASE          
----------- ------------------------- ---------- ---------- ----------          
        155 Tuvault                         7000      10850       3850          
        156 King                           10000      15500       5500          
        157 Sully                           9500      14725       5225          
        158 McEwen                          9000      13950       4950          
        159 Smith                           8000      12400       4400          
        160 Doran                           7500      11625       4125          
        161 Sewall                          7000      10850       3850          
        162 Vishney                        10500      16275       5775          
        163 Greene                          9500      14725       5225          
        164 Marvins                         7200      11160       3960          
        165 Lee                             6800      10540       3740          

EMPLOYEE_ID LAST_NAME                     SALARY NEW_SALARY   INCREASE          
----------- ------------------------- ---------- ---------- ----------          
        166 Ande                            6400       9920       3520          
        167 Banda                           6200       9610       3410          
        168 Ozer                           11500      17825       6325          
        169 Bloom                          10000      15500       5500          
        170 Fox                             9600      14880       5280          
        171 Smith                           7400      11470       4070          
        172 Bates                           7300      11315       4015          
        173 Kumar                           6100       9455       3355          
        174 Abel                           11000      17050       6050          
        175 Hutton                          8800      13640       4840          
        176 Taylor                          8600      13330       4730          

EMPLOYEE_ID LAST_NAME                     SALARY NEW_SALARY   INCREASE          
----------- ------------------------- ---------- ---------- ----------          
        177 Livingston                      8400      13020       4620          
        178 Grant                           7000      10850       3850          
        179 Johnson                         6200       9610       3410          
        180 Taylor                          3200       4960       1760          
        181 Fleaur                          3100       4805       1705          
        182 Sullivan                        2500       3875       1375          
        183 Geoni                           2800       4340       1540          
        184 Sarchand                        4200       6510       2310          
        185 Bull                            4100       6355       2255          
        186 Dellinger                       3400       5270       1870          
        187 Cabrio                          3000       4650       1650          

EMPLOYEE_ID LAST_NAME                     SALARY NEW_SALARY   INCREASE          
----------- ------------------------- ---------- ---------- ----------          
        188 Chung                           3800       5890       2090          
        189 Dilly                           3600       5580       1980          
        190 Gates                           2900       4495       1595          
        191 Perkins                         2500       3875       1375          
        192 Bell                            4000       6200       2200          
        193 Everett                         3900       6045       2145          
        194 McCain                          3200       4960       1760          
        195 Jones                           2800       4340       1540          
        196 Walsh                           3100       4805       1705          
        197 Feeney                          3000       4650       1650          
        198 OConnell                        2600       4030       1430          

EMPLOYEE_ID LAST_NAME                     SALARY NEW_SALARY   INCREASE          
----------- ------------------------- ---------- ---------- ----------          
        199 Grant                           2600       4030       1430          
        200 Whalen                          4400       6820       2420          
        201 Hartstein                      13000      20150       7150          
        202 Fay                             6000       9300       3300          
        203 Mavris                          6500      10075       3575          
        204 Baer                           10000      15500       5500          
        205 Higgins                        12008      18612       6604          
        206 Gietz                           8300      12865       4565          

107 rows selected.

SQL> spool off
SQL> select INITCAP(last_name), LENGTH(last_name)
  2  from employees
  3  where SUBSTR(last_name,0,1)='J' OR SUBSTR(last_name,0,1)='A' OR SUBSTR(last_name,0,1)='M';

INITCAP(LAST_NAME)        LENGTH(LAST_NAME)                                     
------------------------- -----------------                                     
Abel                                      4                                     
Ande                                      4                                     
Atkinson                                  8                                     
Austin                                    6                                     
Johnson                                   7                                     
Jones                                     5                                     
Mallin                                    6                                     
Markle                                    6                                     
Marlow                                    6                                     
Marvins                                   7                                     
Matos                                     5                                     

INITCAP(LAST_NAME)        LENGTH(LAST_NAME)                                     
------------------------- -----------------                                     
Mavris                                    6                                     
Mccain                                    6                                     
Mcewen                                    6                                     
Mikkilineni                              11                                     
Mourgos                                   7                                     

16 rows selected.

SQL> spool D:/sqllab.txt append
SQL> select INITCAP(last_name) Name, LENGTH(last_name)
  2  from employees
  3  where SUBSTR(last_name,0,1)='J' OR SUBSTR(last_name,0,1)='A' OR SUBSTR(last_name,0,1)='M';

NAME                      LENGTH(LAST_NAME)                                     
------------------------- -----------------                                     
Abel                                      4                                     
Ande                                      4                                     
Atkinson                                  8                                     
Austin                                    6                                     
Johnson                                   7                                     
Jones                                     5                                     
Mallin                                    6                                     
Markle                                    6                                     
Marlow                                    6                                     
Marvins                                   7                                     
Matos                                     5                                     

NAME                      LENGTH(LAST_NAME)                                     
------------------------- -----------------                                     
Mavris                                    6                                     
Mccain                                    6                                     
Mcewen                                    6                                     
Mikkilineni                              11                                     
Mourgos                                   7                                     

16 rows selected.

SQL> ed
Wrote file afiedt.buf

  1  select INITCAP(last_name) Name, LENGTH(last_name) Length
  2  from employees
  3* where SUBSTR(last_name,0,1)='J' OR SUBSTR(last_name,0,1)='A' OR SUBSTR(last_name,0,1)='M'
SQL> /

NAME                          LENGTH                                            
------------------------- ----------                                            
Abel                               4                                            
Ande                               4                                            
Atkinson                           8                                            
Austin                             6                                            
Johnson                            7                                            
Jones                              5                                            
Mallin                             6                                            
Markle                             6                                            
Marlow                             6                                            
Marvins                            7                                            
Matos                              5                                            

NAME                          LENGTH                                            
------------------------- ----------                                            
Mavris                             6                                            
Mccain                             6                                            
Mcewen                             6                                            
Mikkilineni                       11                                            
Mourgos                            7                                            

16 rows selected.

SQL> spool D:/sqllab.txt append
SQL> select last_name, ((sysdate-hire_date)/30) Months_Worked
  2  from employees;

LAST_NAME                 MONTHS_WORKED                                         
------------------------- -------------                                         
King                         201.155202                                         
Kochhar                      173.588535                                         
De Haan                      230.655202                                         
Hunold                       170.121869                                         
Ernst                        153.355202                                         
Austin                       176.521869                                         
Pataballa                    169.021869                                         
Lorentz                      156.788535                                         
Greenberg                    211.288535                                         
Faviet                       211.321869                                         
Chen                         173.355202                                         

LAST_NAME                 MONTHS_WORKED                                         
------------------------- -------------                                         
Sciarra                      173.288535                                         
Urman                        168.021869                                         
Popp                         146.688535                                         
Raphaely                     207.555202                                         
Khoo                         202.155202                                         
Baida                        170.455202                                         
Tobias                       175.555202                                         
Himuro                       159.588535                                         
Colmenares                   150.655202                                         
Weiss                        187.921869                                         
Fripp                        179.055202                                         

LAST_NAME                 MONTHS_WORKED                                         
------------------------- -------------                                         
Kaufling                     202.721869                                         
Vollman                      172.955202                                         
Mourgos                      147.388535                                         
Nayer                        175.821869                                         
Mikkilineni                  161.188535                                         
Landry                       157.588535                                         
Markle                       143.621869                                         
Bissot                       174.655202                                         
Atkinson                     172.288535                                         
Marlow                       180.821869                                         
Olson                        154.721869                                         

LAST_NAME                 MONTHS_WORKED                                         
------------------------- -------------                                         
Mallin                       189.055202                                         
Rogers                       162.288535                                         
Gee                          146.521869                                         
Philtanker                   144.655202                                         
Ladwig                       200.255202                                         
Stiles                       172.421869                                         
Seo                          168.788535                                         
Patel                        167.021869                                         
Rajs                         197.088535                                         
Davies                       181.421869                                         
Matos                        167.755202                                         

LAST_NAME                 MONTHS_WORKED                                         
------------------------- -------------                                         
Vargas                       163.888535                                         
Russell                      185.421869                                         
Partners                     182.221869                                         
Errazuriz                    180.088535                                         
Cambrault                    148.455202                                         
Zlotkey                      144.921869                                         
Tucker                       181.388535                                         
Bernstein                    179.621869                                         
Hall                         174.655202                                         
Olsen                        167.255202                                         
Cambrault                    158.788535                                         

LAST_NAME                 MONTHS_WORKED                                         
------------------------- -------------                                         
Tuvault                      147.155202                                         
King                         193.588535                                         
Sully                        192.455202                                         
McEwen                       187.455202                                         
Smith                        180.088535                                         
Doran                        170.755202                                         
Sewall                       159.988535                                         
Vishney                      171.888535                                         
Greene                       155.455202                                         
Marvins                      145.088535                                         
Lee                          144.088535                                         

LAST_NAME                 MONTHS_WORKED                                         
------------------------- -------------                                         
Ande                         143.088535                                         
Banda                        142.155202                                         
Ozer                         180.055202                                         
Bloom                        167.488535                                         
Fox                          169.421869                                         
Smith                        156.255202                                         
Bates                        155.288535                                         
Kumar                        142.155202                                         
Abel                         190.188535                                         
Hutton                       179.788535                                         
Taylor                       167.455202                                         

LAST_NAME                 MONTHS_WORKED                                         
------------------------- -------------                                         
Livingston                   166.455202                                         
Grant                        153.255202                                         
Johnson                      145.755202                                         
Taylor                       169.421869                                         
Fleaur                       168.421869                                         
Sullivan                     152.321869                                         
Geoni                        144.755202                                         
Sarchand                     193.688535                                         
Bull                         180.688535                                         
Dellinger                    164.388535                                         
Cabrio                       156.788535                                         

LAST_NAME                 MONTHS_WORKED                                         
------------------------- -------------                                         
Chung                        176.888535                                         
Dilly                        174.888535                                         
Gates                        163.821869                                         
Perkins                      146.288535                                         
Bell                         193.421869                                         
Everett                      180.321869                                         
McCain                       164.155202                                         
Jones                        155.521869                                         
Walsh                        166.421869                                         
Feeney                       165.455202                                         
OConnell                     152.321869                                         

LAST_NAME                 MONTHS_WORKED                                         
------------------------- -------------                                         
Grant                        145.455202                                         
Whalen                       198.088535                                         
Hartstein                    192.988535                                         
Fay                          174.755202                                         
Mavris                       213.655202                                         
Baer                         213.655202                                         
Higgins                      213.655202                                         
Gietz                        213.655202                                         

107 rows selected.

SQL> select last_name, ((sysdate-hire_date)/30) Months_Worked
  2  from employees
  3  ORDER BY Months_Worked ASC;

LAST_NAME                 MONTHS_WORKED                                         
------------------------- -------------                                         
Banda                        142.155258                                         
Kumar                        142.155258                                         
Ande                         143.088592                                         
Markle                       143.621925                                         
Lee                          144.088592                                         
Philtanker                   144.655258                                         
Geoni                        144.755258                                         
Zlotkey                      144.921925                                         
Marvins                      145.088592                                         
Grant                        145.455258                                         
Johnson                      145.755258                                         

LAST_NAME                 MONTHS_WORKED                                         
------------------------- -------------                                         
Perkins                      146.288592                                         
Gee                          146.521925                                         
Popp                         146.688592                                         
Tuvault                      147.155258                                         
Mourgos                      147.388592                                         
Cambrault                    148.455258                                         
Colmenares                   150.655258                                         
OConnell                     152.321925                                         
Sullivan                     152.321925                                         
Grant                        153.255258                                         
Ernst                        153.355258                                         

LAST_NAME                 MONTHS_WORKED                                         
------------------------- -------------                                         
Olson                        154.721925                                         
Bates                        155.288592                                         
Greene                       155.455258                                         
Jones                        155.521925                                         
Smith                        156.255258                                         
Lorentz                      156.788592                                         
Cabrio                       156.788592                                         
Landry                       157.588592                                         
Cambrault                    158.788592                                         
Himuro                       159.588592                                         
Sewall                       159.988592                                         

LAST_NAME                 MONTHS_WORKED                                         
------------------------- -------------                                         
Mikkilineni                  161.188592                                         
Rogers                       162.288592                                         
Gates                        163.821925                                         
Vargas                       163.888592                                         
McCain                       164.155258                                         
Dellinger                    164.388592                                         
Feeney                       165.455258                                         
Walsh                        166.421925                                         
Livingston                   166.455258                                         
Patel                        167.021925                                         
Olsen                        167.255258                                         

LAST_NAME                 MONTHS_WORKED                                         
------------------------- -------------                                         
Taylor                       167.455258                                         
Bloom                        167.488592                                         
Matos                        167.755258                                         
Urman                        168.021925                                         
Fleaur                       168.421925                                         
Seo                          168.788592                                         
Pataballa                    169.021925                                         
Fox                          169.421925                                         
Taylor                       169.421925                                         
Hunold                       170.121925                                         
Baida                        170.455258                                         

LAST_NAME                 MONTHS_WORKED                                         
------------------------- -------------                                         
Doran                        170.755258                                         
Vishney                      171.888592                                         
Atkinson                     172.288592                                         
Stiles                       172.421925                                         
Vollman                      172.955258                                         
Sciarra                      173.288592                                         
Chen                         173.355258                                         
Kochhar                      173.588592                                         
Bissot                       174.655258                                         
Hall                         174.655258                                         
Fay                          174.755258                                         

LAST_NAME                 MONTHS_WORKED                                         
------------------------- -------------                                         
Dilly                        174.888592                                         
Tobias                       175.555258                                         
Nayer                        175.821925                                         
Austin                       176.521925                                         
Chung                        176.888592                                         
Fripp                        179.055258                                         
Bernstein                    179.621925                                         
Hutton                       179.788592                                         
Ozer                         180.055258                                         
Errazuriz                    180.088592                                         
Smith                        180.088592                                         

LAST_NAME                 MONTHS_WORKED                                         
------------------------- -------------                                         
Everett                      180.321925                                         
Bull                         180.688592                                         
Marlow                       180.821925                                         
Tucker                       181.388592                                         
Davies                       181.421925                                         
Partners                     182.221925                                         
Russell                      185.421925                                         
McEwen                       187.455258                                         
Weiss                        187.921925                                         
Mallin                       189.055258                                         
Abel                         190.188592                                         

LAST_NAME                 MONTHS_WORKED                                         
------------------------- -------------                                         
Sully                        192.455258                                         
Hartstein                    192.988592                                         
Bell                         193.421925                                         
King                         193.588592                                         
Sarchand                     193.688592                                         
Rajs                         197.088592                                         
Whalen                       198.088592                                         
Ladwig                       200.255258                                         
King                         201.155258                                         
Khoo                         202.155258                                         
Kaufling                     202.721925                                         

LAST_NAME                 MONTHS_WORKED                                         
------------------------- -------------                                         
Raphaely                     207.555258                                         
Greenberg                    211.288592                                         
Faviet                       211.321925                                         
Gietz                        213.655258                                         
Mavris                       213.655258                                         
Baer                         213.655258                                         
Higgins                      213.655258                                         
De Haan                      230.655258                                         

107 rows selected.

SQL> spool D:/sqllab.txt append
SQL> select last_name, trunc(((sysdate-hire_date)/30),0) Months_Worked
  2  from employees
  3  ORDER BY Months_Worked ASC;

LAST_NAME                 MONTHS_WORKED                                         
------------------------- -------------                                         
Banda                               142                                         
Kumar                               142                                         
Ande                                143                                         
Markle                              143                                         
Lee                                 144                                         
Geoni                               144                                         
Zlotkey                             144                                         
Philtanker                          144                                         
Johnson                             145                                         
Marvins                             145                                         
Grant                               145                                         

LAST_NAME                 MONTHS_WORKED                                         
------------------------- -------------                                         
Popp                                146                                         
Perkins                             146                                         
Gee                                 146                                         
Tuvault                             147                                         
Mourgos                             147                                         
Cambrault                           148                                         
Colmenares                          150                                         
OConnell                            152                                         
Sullivan                            152                                         
Grant                               153                                         
Ernst                               153                                         

LAST_NAME                 MONTHS_WORKED                                         
------------------------- -------------                                         
Olson                               154                                         
Bates                               155                                         
Greene                              155                                         
Jones                               155                                         
Cabrio                              156                                         
Lorentz                             156                                         
Smith                               156                                         
Landry                              157                                         
Cambrault                           158                                         
Sewall                              159                                         
Himuro                              159                                         

LAST_NAME                 MONTHS_WORKED                                         
------------------------- -------------                                         
Mikkilineni                         161                                         
Rogers                              162                                         
Vargas                              163                                         
Gates                               163                                         
McCain                              164                                         
Dellinger                           164                                         
Feeney                              165                                         
Walsh                               166                                         
Livingston                          166                                         
Taylor                              167                                         
Patel                               167                                         

LAST_NAME                 MONTHS_WORKED                                         
------------------------- -------------                                         
Bloom                               167                                         
Olsen                               167                                         
Matos                               167                                         
Fleaur                              168                                         
Seo                                 168                                         
Urman                               168                                         
Taylor                              169                                         
Fox                                 169                                         
Pataballa                           169                                         
Hunold                              170                                         
Doran                               170                                         

LAST_NAME                 MONTHS_WORKED                                         
------------------------- -------------                                         
Baida                               170                                         
Vishney                             171                                         
Vollman                             172                                         
Stiles                              172                                         
Atkinson                            172                                         
Kochhar                             173                                         
Sciarra                             173                                         
Chen                                173                                         
Dilly                               174                                         
Hall                                174                                         
Bissot                              174                                         

LAST_NAME                 MONTHS_WORKED                                         
------------------------- -------------                                         
Fay                                 174                                         
Nayer                               175                                         
Tobias                              175                                         
Austin                              176                                         
Chung                               176                                         
Hutton                              179                                         
Bernstein                           179                                         
Fripp                               179                                         
Bull                                180                                         
Everett                             180                                         
Ozer                                180                                         

LAST_NAME                 MONTHS_WORKED                                         
------------------------- -------------                                         
Errazuriz                           180                                         
Smith                               180                                         
Marlow                              180                                         
Tucker                              181                                         
Davies                              181                                         
Partners                            182                                         
Russell                             185                                         
McEwen                              187                                         
Weiss                               187                                         
Mallin                              189                                         
Abel                                190                                         

LAST_NAME                 MONTHS_WORKED                                         
------------------------- -------------                                         
Sully                               192                                         
Hartstein                           192                                         
Sarchand                            193                                         
King                                193                                         
Bell                                193                                         
Rajs                                197                                         
Whalen                              198                                         
Ladwig                              200                                         
King                                201                                         
Khoo                                202                                         
Kaufling                            202                                         

LAST_NAME                 MONTHS_WORKED                                         
------------------------- -------------                                         
Raphaely                            207                                         
Faviet                              211                                         
Greenberg                           211                                         
Gietz                               213                                         
Higgins                             213                                         
Mavris                              213                                         
Baer                                213                                         
De Haan                             230                                         

107 rows selected.

SQL> spool /D:sqllab.txt append
SQL> 
SQL>  select INITCAP(last_name) Name, LENGTH(last_name)
  2  from employees
  3  where SUBSTR(last_name,0,1)='@last_name';

no rows selected

SQL>  select INITCAP(last_name) Name, LENGTH(last_name)
  2  from employees
  3  where SUBSTR(last_name,0,1)='&last_name';
Enter value for last_name: H
old   3: where SUBSTR(last_name,0,1)='&last_name'
new   3: where SUBSTR(last_name,0,1)='H'

NAME                      LENGTH(LAST_NAME)                                     
------------------------- -----------------                                     
Hall                                      4                                     
Hartstein                                 9                                     
Higgins                                   7                                     
Himuro                                    6                                     
Hunold                                    6                                     
Hutton                                    6                                     

6 rows selected.

SQL> spool D:/sqllab.txt append
SQL> select last_name, job_id, salary,DECODE(12*salary, '<40000',1.10*salary, '<80000', 1.15*salary, '<120000', 1.2*salary,salary) Revised_Salary
  2  from employees;

LAST_NAME                 JOB_ID         SALARY REVISED_SALARY                  
------------------------- ---------- ---------- --------------                  
King                      AD_PRES         24000          24000                  
Kochhar                   AD_VP           17000          17000                  
De Haan                   AD_VP           17000          17000                  
Hunold                    IT_PROG          9000           9000                  
Ernst                     IT_PROG          6000           6000                  
Austin                    IT_PROG          4800           4800                  
Pataballa                 IT_PROG          4800           4800                  
Lorentz                   IT_PROG          4200           4200                  
Greenberg                 FI_MGR          12008          12008                  
Faviet                    FI_ACCOUNT       9000           9000                  
Chen                      FI_ACCOUNT       8200           8200                  

LAST_NAME                 JOB_ID         SALARY REVISED_SALARY                  
------------------------- ---------- ---------- --------------                  
Sciarra                   FI_ACCOUNT       7700           7700                  
Urman                     FI_ACCOUNT       7800           7800                  
Popp                      FI_ACCOUNT       6900           6900                  
Raphaely                  PU_MAN          11000          11000                  
Khoo                      PU_CLERK         3100           3100                  
Baida                     PU_CLERK         2900           2900                  
Tobias                    PU_CLERK         2800           2800                  
Himuro                    PU_CLERK         2600           2600                  
Colmenares                PU_CLERK         2500           2500                  
Weiss                     ST_MAN           8000           8000                  
Fripp                     ST_MAN           8200           8200                  

LAST_NAME                 JOB_ID         SALARY REVISED_SALARY                  
------------------------- ---------- ---------- --------------                  
Kaufling                  ST_MAN           7900           7900                  
Vollman                   ST_MAN           6500           6500                  
Mourgos                   ST_MAN           5800           5800                  
Nayer                     ST_CLERK         3200           3200                  
Mikkilineni               ST_CLERK         2700           2700                  
Landry                    ST_CLERK         2400           2400                  
Markle                    ST_CLERK         2200           2200                  
Bissot                    ST_CLERK         3300           3300                  
Atkinson                  ST_CLERK         2800           2800                  
Marlow                    ST_CLERK         2500           2500                  
Olson                     ST_CLERK         2100           2100                  

LAST_NAME                 JOB_ID         SALARY REVISED_SALARY                  
------------------------- ---------- ---------- --------------                  
Mallin                    ST_CLERK         3300           3300                  
Rogers                    ST_CLERK         2900           2900                  
Gee                       ST_CLERK         2400           2400                  
Philtanker                ST_CLERK         2200           2200                  
Ladwig                    ST_CLERK         3600           3600                  
Stiles                    ST_CLERK         3200           3200                  
Seo                       ST_CLERK         2700           2700                  
Patel                     ST_CLERK         2500           2500                  
Rajs                      ST_CLERK         3500           3500                  
Davies                    ST_CLERK         3100           3100                  
Matos                     ST_CLERK         2600           2600                  

LAST_NAME                 JOB_ID         SALARY REVISED_SALARY                  
------------------------- ---------- ---------- --------------                  
Vargas                    ST_CLERK         2500           2500                  
Russell                   SA_MAN          14000          14000                  
Partners                  SA_MAN          13500          13500                  
Errazuriz                 SA_MAN          12000          12000                  
Cambrault                 SA_MAN          11000          11000                  
Zlotkey                   SA_MAN          10500          10500                  
Tucker                    SA_REP          10000          10000                  
Bernstein                 SA_REP           9500           9500                  
Hall                      SA_REP           9000           9000                  
Olsen                     SA_REP           8000           8000                  
Cambrault                 SA_REP           7500           7500                  

LAST_NAME                 JOB_ID         SALARY REVISED_SALARY                  
------------------------- ---------- ---------- --------------                  
Tuvault                   SA_REP           7000           7000                  
King                      SA_REP          10000          10000                  
Sully                     SA_REP           9500           9500                  
McEwen                    SA_REP           9000           9000                  
Smith                     SA_REP           8000           8000                  
Doran                     SA_REP           7500           7500                  
Sewall                    SA_REP           7000           7000                  
Vishney                   SA_REP          10500          10500                  
Greene                    SA_REP           9500           9500                  
Marvins                   SA_REP           7200           7200                  
Lee                       SA_REP           6800           6800                  

LAST_NAME                 JOB_ID         SALARY REVISED_SALARY                  
------------------------- ---------- ---------- --------------                  
Ande                      SA_REP           6400           6400                  
Banda                     SA_REP           6200           6200                  
Ozer                      SA_REP          11500          11500                  
Bloom                     SA_REP          10000          10000                  
Fox                       SA_REP           9600           9600                  
Smith                     SA_REP           7400           7400                  
Bates                     SA_REP           7300           7300                  
Kumar                     SA_REP           6100           6100                  
Abel                      SA_REP          11000          11000                  
Hutton                    SA_REP           8800           8800                  
Taylor                    SA_REP           8600           8600                  

LAST_NAME                 JOB_ID         SALARY REVISED_SALARY                  
------------------------- ---------- ---------- --------------                  
Livingston                SA_REP           8400           8400                  
Grant                     SA_REP           7000           7000                  
Johnson                   SA_REP           6200           6200                  
Taylor                    SH_CLERK         3200           3200                  
Fleaur                    SH_CLERK         3100           3100                  
Sullivan                  SH_CLERK         2500           2500                  
Geoni                     SH_CLERK         2800           2800                  
Sarchand                  SH_CLERK         4200           4200                  
Bull                      SH_CLERK         4100           4100                  
Dellinger                 SH_CLERK         3400           3400                  
Cabrio                    SH_CLERK         3000           3000                  

LAST_NAME                 JOB_ID         SALARY REVISED_SALARY                  
------------------------- ---------- ---------- --------------                  
Chung                     SH_CLERK         3800           3800                  
Dilly                     SH_CLERK         3600           3600                  
Gates                     SH_CLERK         2900           2900                  
Perkins                   SH_CLERK         2500           2500                  
Bell                      SH_CLERK         4000           4000                  
Everett                   SH_CLERK         3900           3900                  
McCain                    SH_CLERK         3200           3200                  
Jones                     SH_CLERK         2800           2800                  
Walsh                     SH_CLERK         3100           3100                  
Feeney                    SH_CLERK         3000           3000                  
OConnell                  SH_CLERK         2600           2600                  

LAST_NAME                 JOB_ID         SALARY REVISED_SALARY                  
------------------------- ---------- ---------- --------------                  
Grant                     SH_CLERK         2600           2600                  
Whalen                    AD_ASST          4400           4400                  
Hartstein                 MK_MAN          13000          13000                  
Fay                       MK_REP           6000           6000                  
Mavris                    HR_REP           6500           6500                  
Baer                      PR_REP          10000          10000                  
Higgins                   AC_MGR          12008          12008                  
Gietz                     AC_ACCOUNT       8300           8300                  

107 rows selected.

SQL> select last_name, job_id, salary,DECODE(12*salary Ann_sal, 'Ann_sal<40000',1.10*salary, 'Ann_sal<80000', 1.15*salary, 'Ann_Sal<120000', 1.2*salary,salary) Revised_Salary
  2  from employees;
select last_name, job_id, salary,DECODE(12*salary Ann_sal, 'Ann_sal<40000',1.10*salary, 'Ann_sal<80000', 1.15*salary, 'Ann_Sal<120000', 1.2*salary,salary) Revised_Salary
                                                  *
ERROR at line 1:
ORA-00907: missing right parenthesis 


SQL> select last_name, job_id, salary,DECODE((12*salary) Ann_sal, 'Ann_sal<40000',1.10*salary, 'Ann_sal<80000', 1.15*salary, 'Ann_Sal<120000', 1.2*salary,salary) Revised_Salary
  2  from employees;
select last_name, job_id, salary,DECODE((12*salary) Ann_sal, 'Ann_sal<40000',1.10*salary, 'Ann_sal<80000', 1.15*salary, 'Ann_Sal<120000', 1.2*salary,salary) Revised_Salary
                                                    *
ERROR at line 1:
ORA-00907: missing right parenthesis 


SQL> select last_name, job_id, salary,DECODE((12*salary) Ann_sal, 'Ann_sal<40000',1.10*salary, 'Ann_sal<80000', 1.15*salary, 'Ann_Sal<120000', 1.2*salary,salary) Revised_Salary
  2  
SQL> ed
Wrote file afiedt.buf

  1* select last_name, job_id, salary,DECODE((12*salary) Ann_sal, 'Ann_sal<40000',1.10*salary, 'Ann_sal<80000', 1.15*salary, 'Ann_Sal<120000', 1.2*salary,salary) Revised_Salary
SQL> /
select last_name, job_id, salary,DECODE((12*salary) Ann_sal, 'Ann_sal<40000',1.10*salary, 'Ann_sal<80000', 1.15*salary, 'Ann_Sal<120000', 1.2*salary,salary) Revised_Salary
                                                    *
ERROR at line 1:
ORA-00907: missing right parenthesis 


SQL> /
select last_name, job_id, salary,DECODE((12*salary) Ann_sal, 'Ann_sal<40000',1.10*salary, 'Ann_sal<80000', 1.15*salary, 'Ann_Sal<120000', 1.2*salary,salary) Revised_Salary
                                                    *
ERROR at line 1:
ORA-00907: missing right parenthesis 


SQL> mm
SP2-0042: unknown command "mm" - rest of line ignored.
SQL> /
select last_name, job_id, salary,DECODE((12*salary) Ann_sal, 'Ann_sal<40000',1.10*salary, 'Ann_sal<80000', 1.15*salary, 'Ann_Sal<120000', 1.2*salary,salary) Revised_Salary
                                                    *
ERROR at line 1:
ORA-00907: missing right parenthesis 


SQL> select last_name, job_id, salary,DECODE((12*salary) Ann_sal, 'Ann_sal<40000',1.10*salary, 'Ann_sal<80000', 1.15*salary, 'Ann_Sal<120000', 1.2*salary,salary) Revised_Salary
  2  
SQL> select last_name, job_id, salary,DECODE(12*salary, '72000',1.25*salary, '84000',1.5*salary, '120000', 2*salary,salary) Revised_Salary
  2  
SQL> select last_name, job_id, salary,DECODE(12*salary, '72000',1.25*salary, '84000',1.5*salary, '120000', 2*salary,salary) Revised_Salary
  2  from employees;

LAST_NAME                 JOB_ID         SALARY REVISED_SALARY                  
------------------------- ---------- ---------- --------------                  
King                      AD_PRES         24000          24000                  
Kochhar                   AD_VP           17000          17000                  
De Haan                   AD_VP           17000          17000                  
Hunold                    IT_PROG          9000           9000                  
Ernst                     IT_PROG          6000           7500                  
Austin                    IT_PROG          4800           4800                  
Pataballa                 IT_PROG          4800           4800                  
Lorentz                   IT_PROG          4200           4200                  
Greenberg                 FI_MGR          12008          12008                  
Faviet                    FI_ACCOUNT       9000           9000                  
Chen                      FI_ACCOUNT       8200           8200                  

LAST_NAME                 JOB_ID         SALARY REVISED_SALARY                  
------------------------- ---------- ---------- --------------                  
Sciarra                   FI_ACCOUNT       7700           7700                  
Urman                     FI_ACCOUNT       7800           7800                  
Popp                      FI_ACCOUNT       6900           6900                  
Raphaely                  PU_MAN          11000          11000                  
Khoo                      PU_CLERK         3100           3100                  
Baida                     PU_CLERK         2900           2900                  
Tobias                    PU_CLERK         2800           2800                  
Himuro                    PU_CLERK         2600           2600                  
Colmenares                PU_CLERK         2500           2500                  
Weiss                     ST_MAN           8000           8000                  
Fripp                     ST_MAN           8200           8200                  

LAST_NAME                 JOB_ID         SALARY REVISED_SALARY                  
------------------------- ---------- ---------- --------------                  
Kaufling                  ST_MAN           7900           7900                  
Vollman                   ST_MAN           6500           6500                  
Mourgos                   ST_MAN           5800           5800                  
Nayer                     ST_CLERK         3200           3200                  
Mikkilineni               ST_CLERK         2700           2700                  
Landry                    ST_CLERK         2400           2400                  
Markle                    ST_CLERK         2200           2200                  
Bissot                    ST_CLERK         3300           3300                  
Atkinson                  ST_CLERK         2800           2800                  
Marlow                    ST_CLERK         2500           2500                  
Olson                     ST_CLERK         2100           2100                  

LAST_NAME                 JOB_ID         SALARY REVISED_SALARY                  
------------------------- ---------- ---------- --------------                  
Mallin                    ST_CLERK         3300           3300                  
Rogers                    ST_CLERK         2900           2900                  
Gee                       ST_CLERK         2400           2400                  
Philtanker                ST_CLERK         2200           2200                  
Ladwig                    ST_CLERK         3600           3600                  
Stiles                    ST_CLERK         3200           3200                  
Seo                       ST_CLERK         2700           2700                  
Patel                     ST_CLERK         2500           2500                  
Rajs                      ST_CLERK         3500           3500                  
Davies                    ST_CLERK         3100           3100                  
Matos                     ST_CLERK         2600           2600                  

LAST_NAME                 JOB_ID         SALARY REVISED_SALARY                  
------------------------- ---------- ---------- --------------                  
Vargas                    ST_CLERK         2500           2500                  
Russell                   SA_MAN          14000          14000                  
Partners                  SA_MAN          13500          13500                  
Errazuriz                 SA_MAN          12000          12000                  
Cambrault                 SA_MAN          11000          11000                  
Zlotkey                   SA_MAN          10500          10500                  
Tucker                    SA_REP          10000          20000                  
Bernstein                 SA_REP           9500           9500                  
Hall                      SA_REP           9000           9000                  
Olsen                     SA_REP           8000           8000                  
Cambrault                 SA_REP           7500           7500                  

LAST_NAME                 JOB_ID         SALARY REVISED_SALARY                  
------------------------- ---------- ---------- --------------                  
Tuvault                   SA_REP           7000          10500                  
King                      SA_REP          10000          20000                  
Sully                     SA_REP           9500           9500                  
McEwen                    SA_REP           9000           9000                  
Smith                     SA_REP           8000           8000                  
Doran                     SA_REP           7500           7500                  
Sewall                    SA_REP           7000          10500                  
Vishney                   SA_REP          10500          10500                  
Greene                    SA_REP           9500           9500                  
Marvins                   SA_REP           7200           7200                  
Lee                       SA_REP           6800           6800                  

LAST_NAME                 JOB_ID         SALARY REVISED_SALARY                  
------------------------- ---------- ---------- --------------                  
Ande                      SA_REP           6400           6400                  
Banda                     SA_REP           6200           6200                  
Ozer                      SA_REP          11500          11500                  
Bloom                     SA_REP          10000          20000                  
Fox                       SA_REP           9600           9600                  
Smith                     SA_REP           7400           7400                  
Bates                     SA_REP           7300           7300                  
Kumar                     SA_REP           6100           6100                  
Abel                      SA_REP          11000          11000                  
Hutton                    SA_REP           8800           8800                  
Taylor                    SA_REP           8600           8600                  

LAST_NAME                 JOB_ID         SALARY REVISED_SALARY                  
------------------------- ---------- ---------- --------------                  
Livingston                SA_REP           8400           8400                  
Grant                     SA_REP           7000          10500                  
Johnson                   SA_REP           6200           6200                  
Taylor                    SH_CLERK         3200           3200                  
Fleaur                    SH_CLERK         3100           3100                  
Sullivan                  SH_CLERK         2500           2500                  
Geoni                     SH_CLERK         2800           2800                  
Sarchand                  SH_CLERK         4200           4200                  
Bull                      SH_CLERK         4100           4100                  
Dellinger                 SH_CLERK         3400           3400                  
Cabrio                    SH_CLERK         3000           3000                  

LAST_NAME                 JOB_ID         SALARY REVISED_SALARY                  
------------------------- ---------- ---------- --------------                  
Chung                     SH_CLERK         3800           3800                  
Dilly                     SH_CLERK         3600           3600                  
Gates                     SH_CLERK         2900           2900                  
Perkins                   SH_CLERK         2500           2500                  
Bell                      SH_CLERK         4000           4000                  
Everett                   SH_CLERK         3900           3900                  
McCain                    SH_CLERK         3200           3200                  
Jones                     SH_CLERK         2800           2800                  
Walsh                     SH_CLERK         3100           3100                  
Feeney                    SH_CLERK         3000           3000                  
OConnell                  SH_CLERK         2600           2600                  

LAST_NAME                 JOB_ID         SALARY REVISED_SALARY                  
------------------------- ---------- ---------- --------------                  
Grant                     SH_CLERK         2600           2600                  
Whalen                    AD_ASST          4400           4400                  
Hartstein                 MK_MAN          13000          13000                  
Fay                       MK_REP           6000           7500                  
Mavris                    HR_REP           6500           6500                  
Baer                      PR_REP          10000          20000                  
Higgins                   AC_MGR          12008          12008                  
Gietz                     AC_ACCOUNT       8300           8300                  

107 rows selected.

SQL> spool D:/sqllab.txt append
SQL> spool off

SQL> select e.last_name Employees, m.last_name Manager
  2  from employees e, employees m
  3  where e.manager_id=m.employee_id;

EMPLOYEES                 MANAGER                                               
------------------------- -------------------------                             
Smith                     Cambrault                                             
Ozer                      Cambrault                                             
Kumar                     Cambrault                                             
Fox                       Cambrault                                             
Bloom                     Cambrault                                             
Bates                     Cambrault                                             
Hunold                    De Haan                                               
Vishney                   Errazuriz                                             
Marvins                   Errazuriz                                             
Lee                       Errazuriz                                             
Greene                    Errazuriz                                             

EMPLOYEES                 MANAGER                                               
------------------------- -------------------------                             
Banda                     Errazuriz                                             
Ande                      Errazuriz                                             
Sarchand                  Fripp                                                 
Olson                     Fripp                                                 
Marlow                    Fripp                                                 
Dellinger                 Fripp                                                 
Cabrio                    Fripp                                                 
Bull                      Fripp                                                 
Bissot                    Fripp                                                 
Atkinson                  Fripp                                                 
Urman                     Greenberg                                             

EMPLOYEES                 MANAGER                                               
------------------------- -------------------------                             
Sciarra                   Greenberg                                             
Popp                      Greenberg                                             
Faviet                    Greenberg                                             
Chen                      Greenberg                                             
Fay                       Hartstein                                             
Gietz                     Higgins                                               
Pataballa                 Hunold                                                
Lorentz                   Hunold                                                
Ernst                     Hunold                                                
Austin                    Hunold                                                
Rogers                    Kaufling                                              

EMPLOYEES                 MANAGER                                               
------------------------- -------------------------                             
Philtanker                Kaufling                                              
Perkins                   Kaufling                                              
Mallin                    Kaufling                                              
Gee                       Kaufling                                              
Gates                     Kaufling                                              
Dilly                     Kaufling                                              
Chung                     Kaufling                                              
Zlotkey                   King                                                  
Weiss                     King                                                  
Vollman                   King                                                  
Russell                   King                                                  

EMPLOYEES                 MANAGER                                               
------------------------- -------------------------                             
Raphaely                  King                                                  
Partners                  King                                                  
Mourgos                   King                                                  
Kochhar                   King                                                  
Kaufling                  King                                                  
Hartstein                 King                                                  
Fripp                     King                                                  
Errazuriz                 King                                                  
De Haan                   King                                                  
Cambrault                 King                                                  
Whalen                    Kochhar                                               

EMPLOYEES                 MANAGER                                               
------------------------- -------------------------                             
Mavris                    Kochhar                                               
Higgins                   Kochhar                                               
Greenberg                 Kochhar                                               
Baer                      Kochhar                                               
Walsh                     Mourgos                                               
Vargas                    Mourgos                                               
Rajs                      Mourgos                                               
OConnell                  Mourgos                                               
Matos                     Mourgos                                               
Grant                     Mourgos                                               
Feeney                    Mourgos                                               

EMPLOYEES                 MANAGER                                               
------------------------- -------------------------                             
Davies                    Mourgos                                               
Sully                     Partners                                              
Smith                     Partners                                              
Sewall                    Partners                                              
McEwen                    Partners                                              
King                      Partners                                              
Doran                     Partners                                              
Tobias                    Raphaely                                              
Khoo                      Raphaely                                              
Himuro                    Raphaely                                              
Colmenares                Raphaely                                              

EMPLOYEES                 MANAGER                                               
------------------------- -------------------------                             
Baida                     Raphaely                                              
Tuvault                   Russell                                               
Tucker                    Russell                                               
Olsen                     Russell                                               
Hall                      Russell                                               
Cambrault                 Russell                                               
Bernstein                 Russell                                               
Stiles                    Vollman                                               
Seo                       Vollman                                               
Patel                     Vollman                                               
McCain                    Vollman                                               

EMPLOYEES                 MANAGER                                               
------------------------- -------------------------                             
Ladwig                    Vollman                                               
Jones                     Vollman                                               
Everett                   Vollman                                               
Bell                      Vollman                                               
Taylor                    Weiss                                                 
Sullivan                  Weiss                                                 
Nayer                     Weiss                                                 
Mikkilineni               Weiss                                                 
Markle                    Weiss                                                 
Landry                    Weiss                                                 
Geoni                     Weiss                                                 

EMPLOYEES                 MANAGER                                               
------------------------- -------------------------                             
Fleaur                    Weiss                                                 
Taylor                    Zlotkey                                               
Livingston                Zlotkey                                               
Johnson                   Zlotkey                                               
Hutton                    Zlotkey                                               
Grant                     Zlotkey                                               
Abel                      Zlotkey                                               

106 rows selected.

SQL> spool D:/sqllab.txt append
SQL> sqlplus
SP2-0042: unknown command "sqlplus" - rest of line ignored.
SQL> conn scott/tiger
Connected.
SQL> select *
  2  from tab;

TNAME                          TABTYPE  CLUSTERID                               
------------------------------ ------- ----------                               
BONUS                          TABLE                                            
DEPT                           TABLE                                            
EMP                            TABLE                                            
SALGRADE                       TABLE                                            

SQL> desc salgrade;
 Name                                      Null?    Type
 ----------------------------------------- -------- ----------------------------
 GRADE                                              NUMBER
 LOSAL                                              NUMBER
 HISAL                                              NUMBER

SQL> select *
  2  from salgrade;

     GRADE      LOSAL      HISAL                                                
---------- ---------- ----------                                                
         1        700       1200                                                
         2       1201       1400                                                
         3       1401       2000                                                
         4       2001       3000                                                
         5       3001       9999                                                


SQL> select e.emp_name, e.sal, j.grade
  2  from emp e,salgrade j
  3  where e.sal between j.losal and j.hisal;
select e.emp_name, e.sal, j.grade
       *
ERROR at line 1:
ORA-00904: "E"."EMP_NAME": invalid identifier 


SQL> desc emp;
 Name                                      Null?    Type
 ----------------------------------------- -------- ----------------------------
 EMPNO                                     NOT NULL NUMBER(4)
 ENAME                                              VARCHAR2(10)
 JOB                                                VARCHAR2(9)
 MGR                                                NUMBER(4)
 HIREDATE                                           DATE
 SAL                                                NUMBER(7,2)
 COMM                                               NUMBER(7,2)
 DEPTNO                                             NUMBER(2)

SQL> select e.ename, e.sal, j.grade from emp e, salgrade j where e.sal between j.losal and j.hisal;

ENAME             SAL      GRADE                                                
---------- ---------- ----------                                                
SMITH             800          1                                                
JAMES             950          1                                                
ADAMS            1100          1                                                
WARD             1250          2                                                
MARTIN           1250          2                                                
MILLER           1300          2                                                
TURNER           1500          3                                                
ALLEN            1600          3                                                
CLARK            2450          4                                                
BLAKE            2850          4                                                
JONES            2975          4                                                

ENAME             SAL      GRADE                                                
---------- ---------- ----------                                                
SCOTT            3000          4                                                
FORD             3000          4                                                
KING             5000          5                                                

14 rows selected.

SQL> spool D:/sqllab.txt append
SQL> conn hr/hr
Connected.
SQL> select e.last_name, e.department_id, d.department_name from employees e right outer join departments d on e.department_id=d.department_id;

LAST_NAME                 DEPARTMENT_ID DEPARTMENT_NAME                         
------------------------- ------------- ------------------------------          
Whalen                               10 Administration                          
Fay                                  20 Marketing                               
Hartstein                            20 Marketing                               
Tobias                               30 Purchasing                              
Colmenares                           30 Purchasing                              
Baida                                30 Purchasing                              
Raphaely                             30 Purchasing                              
Khoo                                 30 Purchasing                              
Himuro                               30 Purchasing                              
Mavris                               40 Human Resources                         
Feeney                               50 Shipping                                

LAST_NAME                 DEPARTMENT_ID DEPARTMENT_NAME                         
------------------------- ------------- ------------------------------          
Fleaur                               50 Shipping                                
Fripp                                50 Shipping                                
Gates                                50 Shipping                                
Gee                                  50 Shipping                                
Geoni                                50 Shipping                                
Grant                                50 Shipping                                
Jones                                50 Shipping                                
Kaufling                             50 Shipping                                
Ladwig                               50 Shipping                                
Everett                              50 Shipping                                
Dilly                                50 Shipping                                

LAST_NAME                 DEPARTMENT_ID DEPARTMENT_NAME                         
------------------------- ------------- ------------------------------          
Dellinger                            50 Shipping                                
Davies                               50 Shipping                                
Chung                                50 Shipping                                
Cabrio                               50 Shipping                                
Bull                                 50 Shipping                                
Bissot                               50 Shipping                                
Bell                                 50 Shipping                                
Atkinson                             50 Shipping                                
Landry                               50 Shipping                                
Weiss                                50 Shipping                                
Walsh                                50 Shipping                                

LAST_NAME                 DEPARTMENT_ID DEPARTMENT_NAME                         
------------------------- ------------- ------------------------------          
Vollman                              50 Shipping                                
Vargas                               50 Shipping                                
Taylor                               50 Shipping                                
Mallin                               50 Shipping                                
Markle                               50 Shipping                                
Marlow                               50 Shipping                                
Matos                                50 Shipping                                
McCain                               50 Shipping                                
Mikkilineni                          50 Shipping                                
Mourgos                              50 Shipping                                
Nayer                                50 Shipping                                

LAST_NAME                 DEPARTMENT_ID DEPARTMENT_NAME                         
------------------------- ------------- ------------------------------          
OConnell                             50 Shipping                                
Olson                                50 Shipping                                
Patel                                50 Shipping                                
Perkins                              50 Shipping                                
Philtanker                           50 Shipping                                
Rajs                                 50 Shipping                                
Rogers                               50 Shipping                                
Sarchand                             50 Shipping                                
Seo                                  50 Shipping                                
Stiles                               50 Shipping                                
Sullivan                             50 Shipping                                

LAST_NAME                 DEPARTMENT_ID DEPARTMENT_NAME                         
------------------------- ------------- ------------------------------          
Austin                               60 IT                                      
Pataballa                            60 IT                                      
Ernst                                60 IT                                      
Lorentz                              60 IT                                      
Hunold                               60 IT                                      
Baer                                 70 Public Relations                        
Abel                                 80 Sales                                   
Ande                                 80 Sales                                   
Banda                                80 Sales                                   
Bates                                80 Sales                                   
Bernstein                            80 Sales                                   

LAST_NAME                 DEPARTMENT_ID DEPARTMENT_NAME                         
------------------------- ------------- ------------------------------          
Bloom                                80 Sales                                   
Cambrault                            80 Sales                                   
Cambrault                            80 Sales                                   
Doran                                80 Sales                                   
Errazuriz                            80 Sales                                   
Fox                                  80 Sales                                   
Greene                               80 Sales                                   
Hall                                 80 Sales                                   
Hutton                               80 Sales                                   
Johnson                              80 Sales                                   
King                                 80 Sales                                   

LAST_NAME                 DEPARTMENT_ID DEPARTMENT_NAME                         
------------------------- ------------- ------------------------------          
Kumar                                80 Sales                                   
Lee                                  80 Sales                                   
Livingston                           80 Sales                                   
Marvins                              80 Sales                                   
McEwen                               80 Sales                                   
Olsen                                80 Sales                                   
Ozer                                 80 Sales                                   
Partners                             80 Sales                                   
Russell                              80 Sales                                   
Sewall                               80 Sales                                   
Smith                                80 Sales                                   

LAST_NAME                 DEPARTMENT_ID DEPARTMENT_NAME                         
------------------------- ------------- ------------------------------          
Smith                                80 Sales                                   
Sully                                80 Sales                                   
Taylor                               80 Sales                                   
Tucker                               80 Sales                                   
Tuvault                              80 Sales                                   
Vishney                              80 Sales                                   
Zlotkey                              80 Sales                                   
Kochhar                              90 Executive                               
King                                 90 Executive                               
De Haan                              90 Executive                               
Popp                                100 Finance                                 

LAST_NAME                 DEPARTMENT_ID DEPARTMENT_NAME                         
------------------------- ------------- ------------------------------          
Urman                               100 Finance                                 
Chen                                100 Finance                                 
Faviet                              100 Finance                                 
Sciarra                             100 Finance                                 
Greenberg                           100 Finance                                 
Gietz                               110 Accounting                              
Higgins                             110 Accounting                              
                                        Treasury                                
                                        Corporate Tax                           
                                        Control And Credit                      
                                        Shareholder Services                    

LAST_NAME                 DEPARTMENT_ID DEPARTMENT_NAME                         
------------------------- ------------- ------------------------------          
                                        Benefits                                
                                        Manufacturing                           
                                        Construction                            
                                        Contracting                             
                                        Operations                              
                                        IT Support                              
                                        NOC                                     
                                        IT Helpdesk                             
                                        Government Sales                        
                                        Retail Sales                            
                                        Recruiting                              

LAST_NAME                 DEPARTMENT_ID DEPARTMENT_NAME                         
------------------------- ------------- ------------------------------          
                                        Payroll                                 

122 rows selected.

SQL> select e.last_name, e.department_id, d.department_name from employees e left outer join departments d on e.department_id=d.department_id;

LAST_NAME                 DEPARTMENT_ID DEPARTMENT_NAME                         
------------------------- ------------- ------------------------------          
Whalen                               10 Administration                          
Fay                                  20 Marketing                               
Hartstein                            20 Marketing                               
Colmenares                           30 Purchasing                              
Himuro                               30 Purchasing                              
Tobias                               30 Purchasing                              
Baida                                30 Purchasing                              
Khoo                                 30 Purchasing                              
Raphaely                             30 Purchasing                              
Mavris                               40 Human Resources                         
Grant                                50 Shipping                                

LAST_NAME                 DEPARTMENT_ID DEPARTMENT_NAME                         
------------------------- ------------- ------------------------------          
OConnell                             50 Shipping                                
Feeney                               50 Shipping                                
Walsh                                50 Shipping                                
Jones                                50 Shipping                                
McCain                               50 Shipping                                
Everett                              50 Shipping                                
Bell                                 50 Shipping                                
Perkins                              50 Shipping                                
Gates                                50 Shipping                                
Dilly                                50 Shipping                                
Chung                                50 Shipping                                

LAST_NAME                 DEPARTMENT_ID DEPARTMENT_NAME                         
------------------------- ------------- ------------------------------          
Cabrio                               50 Shipping                                
Dellinger                            50 Shipping                                
Bull                                 50 Shipping                                
Sarchand                             50 Shipping                                
Geoni                                50 Shipping                                
Sullivan                             50 Shipping                                
Fleaur                               50 Shipping                                
Taylor                               50 Shipping                                
Vargas                               50 Shipping                                
Matos                                50 Shipping                                
Davies                               50 Shipping                                

LAST_NAME                 DEPARTMENT_ID DEPARTMENT_NAME                         
------------------------- ------------- ------------------------------          
Rajs                                 50 Shipping                                
Patel                                50 Shipping                                
Seo                                  50 Shipping                                
Stiles                               50 Shipping                                
Ladwig                               50 Shipping                                
Philtanker                           50 Shipping                                
Gee                                  50 Shipping                                
Rogers                               50 Shipping                                
Mallin                               50 Shipping                                
Olson                                50 Shipping                                
Marlow                               50 Shipping                                

LAST_NAME                 DEPARTMENT_ID DEPARTMENT_NAME                         
------------------------- ------------- ------------------------------          
Atkinson                             50 Shipping                                
Bissot                               50 Shipping                                
Markle                               50 Shipping                                
Landry                               50 Shipping                                
Mikkilineni                          50 Shipping                                
Nayer                                50 Shipping                                
Mourgos                              50 Shipping                                
Vollman                              50 Shipping                                
Kaufling                             50 Shipping                                
Fripp                                50 Shipping                                
Weiss                                50 Shipping                                

LAST_NAME                 DEPARTMENT_ID DEPARTMENT_NAME                         
------------------------- ------------- ------------------------------          
Lorentz                              60 IT                                      
Pataballa                            60 IT                                      
Austin                               60 IT                                      
Ernst                                60 IT                                      
Hunold                               60 IT                                      
Baer                                 70 Public Relations                        
Johnson                              80 Sales                                   
Livingston                           80 Sales                                   
Taylor                               80 Sales                                   
Hutton                               80 Sales                                   
Abel                                 80 Sales                                   

LAST_NAME                 DEPARTMENT_ID DEPARTMENT_NAME                         
------------------------- ------------- ------------------------------          
Kumar                                80 Sales                                   
Bates                                80 Sales                                   
Smith                                80 Sales                                   
Fox                                  80 Sales                                   
Bloom                                80 Sales                                   
Ozer                                 80 Sales                                   
Banda                                80 Sales                                   
Ande                                 80 Sales                                   
Lee                                  80 Sales                                   
Marvins                              80 Sales                                   
Greene                               80 Sales                                   

LAST_NAME                 DEPARTMENT_ID DEPARTMENT_NAME                         
------------------------- ------------- ------------------------------          
Vishney                              80 Sales                                   
Sewall                               80 Sales                                   
Doran                                80 Sales                                   
Smith                                80 Sales                                   
McEwen                               80 Sales                                   
Sully                                80 Sales                                   
King                                 80 Sales                                   
Tuvault                              80 Sales                                   
Cambrault                            80 Sales                                   
Olsen                                80 Sales                                   
Hall                                 80 Sales                                   

LAST_NAME                 DEPARTMENT_ID DEPARTMENT_NAME                         
------------------------- ------------- ------------------------------          
Bernstein                            80 Sales                                   
Tucker                               80 Sales                                   
Zlotkey                              80 Sales                                   
Cambrault                            80 Sales                                   
Errazuriz                            80 Sales                                   
Partners                             80 Sales                                   
Russell                              80 Sales                                   
De Haan                              90 Executive                               
Kochhar                              90 Executive                               
King                                 90 Executive                               
Popp                                100 Finance                                 

LAST_NAME                 DEPARTMENT_ID DEPARTMENT_NAME                         
------------------------- ------------- ------------------------------          
Urman                               100 Finance                                 
Sciarra                             100 Finance                                 
Chen                                100 Finance                                 
Faviet                              100 Finance                                 
Greenberg                           100 Finance                                 
Gietz                               110 Accounting                              
Higgins                             110 Accounting                              
Grant                                                                           

107 rows selected.

SQL> spool off
SQL> select e.last_name, e.department_id, d.department_name from employees e, departments d where (e.department_id(+)=d.department_id;
select e.last_name, e.department_id, d.department_name from employees e, departments d where (e.department_id(+)=d.department_id
                                                                                                                *
ERROR at line 1:
ORA-00907: missing right parenthesis 


SQL> select e.last_name, e.department_id, d.department_name from employees e, departments d where (e.department_id(+)=d.department_id);

LAST_NAME                 DEPARTMENT_ID DEPARTMENT_NAME                         
------------------------- ------------- ------------------------------          
Whalen                               10 Administration                          
Fay                                  20 Marketing                               
Hartstein                            20 Marketing                               
Tobias                               30 Purchasing                              
Colmenares                           30 Purchasing                              
Baida                                30 Purchasing                              
Raphaely                             30 Purchasing                              
Khoo                                 30 Purchasing                              
Himuro                               30 Purchasing                              
Mavris                               40 Human Resources                         
Feeney                               50 Shipping                                

LAST_NAME                 DEPARTMENT_ID DEPARTMENT_NAME                         
------------------------- ------------- ------------------------------          
Fleaur                               50 Shipping                                
Fripp                                50 Shipping                                
Gates                                50 Shipping                                
Gee                                  50 Shipping                                
Geoni                                50 Shipping                                
Grant                                50 Shipping                                
Jones                                50 Shipping                                
Kaufling                             50 Shipping                                
Ladwig                               50 Shipping                                
Everett                              50 Shipping                                
Dilly                                50 Shipping                                

LAST_NAME                 DEPARTMENT_ID DEPARTMENT_NAME                         
------------------------- ------------- ------------------------------          
Dellinger                            50 Shipping                                
Davies                               50 Shipping                                
Chung                                50 Shipping                                
Cabrio                               50 Shipping                                
Bull                                 50 Shipping                                
Bissot                               50 Shipping                                
Bell                                 50 Shipping                                
Atkinson                             50 Shipping                                
Landry                               50 Shipping                                
Weiss                                50 Shipping                                
Walsh                                50 Shipping                                

LAST_NAME                 DEPARTMENT_ID DEPARTMENT_NAME                         
------------------------- ------------- ------------------------------          
Vollman                              50 Shipping                                
Vargas                               50 Shipping                                
Taylor                               50 Shipping                                
Mallin                               50 Shipping                                
Markle                               50 Shipping                                
Marlow                               50 Shipping                                
Matos                                50 Shipping                                
McCain                               50 Shipping                                
Mikkilineni                          50 Shipping                                
Mourgos                              50 Shipping                                
Nayer                                50 Shipping                                

LAST_NAME                 DEPARTMENT_ID DEPARTMENT_NAME                         
------------------------- ------------- ------------------------------          
OConnell                             50 Shipping                                
Olson                                50 Shipping                                
Patel                                50 Shipping                                
Perkins                              50 Shipping                                
Philtanker                           50 Shipping                                
Rajs                                 50 Shipping                                
Rogers                               50 Shipping                                
Sarchand                             50 Shipping                                
Seo                                  50 Shipping                                
Stiles                               50 Shipping                                
Sullivan                             50 Shipping                                

LAST_NAME                 DEPARTMENT_ID DEPARTMENT_NAME                         
------------------------- ------------- ------------------------------          
Austin                               60 IT                                      
Pataballa                            60 IT                                      
Ernst                                60 IT                                      
Lorentz                              60 IT                                      
Hunold                               60 IT                                      
Baer                                 70 Public Relations                        
Abel                                 80 Sales                                   
Ande                                 80 Sales                                   
Banda                                80 Sales                                   
Bates                                80 Sales                                   
Bernstein                            80 Sales                                   

LAST_NAME                 DEPARTMENT_ID DEPARTMENT_NAME                         
------------------------- ------------- ------------------------------          
Bloom                                80 Sales                                   
Cambrault                            80 Sales                                   
Cambrault                            80 Sales                                   
Doran                                80 Sales                                   
Errazuriz                            80 Sales                                   
Fox                                  80 Sales                                   
Greene                               80 Sales                                   
Hall                                 80 Sales                                   
Hutton                               80 Sales                                   
Johnson                              80 Sales                                   
King                                 80 Sales                                   

LAST_NAME                 DEPARTMENT_ID DEPARTMENT_NAME                         
------------------------- ------------- ------------------------------          
Kumar                                80 Sales                                   
Lee                                  80 Sales                                   
Livingston                           80 Sales                                   
Marvins                              80 Sales                                   
McEwen                               80 Sales                                   
Olsen                                80 Sales                                   
Ozer                                 80 Sales                                   
Partners                             80 Sales                                   
Russell                              80 Sales                                   
Sewall                               80 Sales                                   
Smith                                80 Sales                                   

LAST_NAME                 DEPARTMENT_ID DEPARTMENT_NAME                         
------------------------- ------------- ------------------------------          
Smith                                80 Sales                                   
Sully                                80 Sales                                   
Taylor                               80 Sales                                   
Tucker                               80 Sales                                   
Tuvault                              80 Sales                                   
Vishney                              80 Sales                                   
Zlotkey                              80 Sales                                   
Kochhar                              90 Executive                               
King                                 90 Executive                               
De Haan                              90 Executive                               
Popp                                100 Finance                                 

LAST_NAME                 DEPARTMENT_ID DEPARTMENT_NAME                         
------------------------- ------------- ------------------------------          
Urman                               100 Finance                                 
Chen                                100 Finance                                 
Faviet                              100 Finance                                 
Sciarra                             100 Finance                                 
Greenberg                           100 Finance                                 
Gietz                               110 Accounting                              
Higgins                             110 Accounting                              
                                        Treasury                                
                                        Corporate Tax                           
                                        Control And Credit                      
                                        Shareholder Services                    

LAST_NAME                 DEPARTMENT_ID DEPARTMENT_NAME                         
------------------------- ------------- ------------------------------          
                                        Benefits                                
                                        Manufacturing                           
                                        Construction                            
                                        Contracting                             
                                        Operations                              
                                        IT Support                              
                                        NOC                                     
                                        IT Helpdesk                             
                                        Government Sales                        
                                        Retail Sales                            
                                        Recruiting                              

LAST_NAME                 DEPARTMENT_ID DEPARTMENT_NAME                         
------------------------- ------------- ------------------------------          
                                        Payroll                                 

122 rows selected.

SQL> select e.last_name, e.department_id, d.department_name from employees e, departments d where (e.department_id=d.department_id(+));

LAST_NAME                 DEPARTMENT_ID DEPARTMENT_NAME                         
------------------------- ------------- ------------------------------          
Whalen                               10 Administration                          
Fay                                  20 Marketing                               
Hartstein                            20 Marketing                               
Colmenares                           30 Purchasing                              
Himuro                               30 Purchasing                              
Tobias                               30 Purchasing                              
Baida                                30 Purchasing                              
Khoo                                 30 Purchasing                              
Raphaely                             30 Purchasing                              
Mavris                               40 Human Resources                         
Grant                                50 Shipping                                

LAST_NAME                 DEPARTMENT_ID DEPARTMENT_NAME                         
------------------------- ------------- ------------------------------          
OConnell                             50 Shipping                                
Feeney                               50 Shipping                                
Walsh                                50 Shipping                                
Jones                                50 Shipping                                
McCain                               50 Shipping                                
Everett                              50 Shipping                                
Bell                                 50 Shipping                                
Perkins                              50 Shipping                                
Gates                                50 Shipping                                
Dilly                                50 Shipping                                
Chung                                50 Shipping                                

LAST_NAME                 DEPARTMENT_ID DEPARTMENT_NAME                         
------------------------- ------------- ------------------------------          
Cabrio                               50 Shipping                                
Dellinger                            50 Shipping                                
Bull                                 50 Shipping                                
Sarchand                             50 Shipping                                
Geoni                                50 Shipping                                
Sullivan                             50 Shipping                                
Fleaur                               50 Shipping                                
Taylor                               50 Shipping                                
Vargas                               50 Shipping                                
Matos                                50 Shipping                                
Davies                               50 Shipping                                

LAST_NAME                 DEPARTMENT_ID DEPARTMENT_NAME                         
------------------------- ------------- ------------------------------          
Rajs                                 50 Shipping                                
Patel                                50 Shipping                                
Seo                                  50 Shipping                                
Stiles                               50 Shipping                                
Ladwig                               50 Shipping                                
Philtanker                           50 Shipping                                
Gee                                  50 Shipping                                
Rogers                               50 Shipping                                
Mallin                               50 Shipping                                
Olson                                50 Shipping                                
Marlow                               50 Shipping                                

LAST_NAME                 DEPARTMENT_ID DEPARTMENT_NAME                         
------------------------- ------------- ------------------------------          
Atkinson                             50 Shipping                                
Bissot                               50 Shipping                                
Markle                               50 Shipping                                
Landry                               50 Shipping                                
Mikkilineni                          50 Shipping                                
Nayer                                50 Shipping                                
Mourgos                              50 Shipping                                
Vollman                              50 Shipping                                
Kaufling                             50 Shipping                                
Fripp                                50 Shipping                                
Weiss                                50 Shipping                                

LAST_NAME                 DEPARTMENT_ID DEPARTMENT_NAME                         
------------------------- ------------- ------------------------------          
Lorentz                              60 IT                                      
Pataballa                            60 IT                                      
Austin                               60 IT                                      
Ernst                                60 IT                                      
Hunold                               60 IT                                      
Baer                                 70 Public Relations                        
Johnson                              80 Sales                                   
Livingston                           80 Sales                                   
Taylor                               80 Sales                                   
Hutton                               80 Sales                                   
Abel                                 80 Sales                                   

LAST_NAME                 DEPARTMENT_ID DEPARTMENT_NAME                         
------------------------- ------------- ------------------------------          
Kumar                                80 Sales                                   
Bates                                80 Sales                                   
Smith                                80 Sales                                   
Fox                                  80 Sales                                   
Bloom                                80 Sales                                   
Ozer                                 80 Sales                                   
Banda                                80 Sales                                   
Ande                                 80 Sales                                   
Lee                                  80 Sales                                   
Marvins                              80 Sales                                   
Greene                               80 Sales                                   

LAST_NAME                 DEPARTMENT_ID DEPARTMENT_NAME                         
------------------------- ------------- ------------------------------          
Vishney                              80 Sales                                   
Sewall                               80 Sales                                   
Doran                                80 Sales                                   
Smith                                80 Sales                                   
McEwen                               80 Sales                                   
Sully                                80 Sales                                   
King                                 80 Sales                                   
Tuvault                              80 Sales                                   
Cambrault                            80 Sales                                   
Olsen                                80 Sales                                   
Hall                                 80 Sales                                   

LAST_NAME                 DEPARTMENT_ID DEPARTMENT_NAME                         
------------------------- ------------- ------------------------------          
Bernstein                            80 Sales                                   
Tucker                               80 Sales                                   
Zlotkey                              80 Sales                                   
Cambrault                            80 Sales                                   
Errazuriz                            80 Sales                                   
Partners                             80 Sales                                   
Russell                              80 Sales                                   
De Haan                              90 Executive                               
Kochhar                              90 Executive                               
King                                 90 Executive                               
Popp                                100 Finance                                 

LAST_NAME                 DEPARTMENT_ID DEPARTMENT_NAME                         
------------------------- ------------- ------------------------------          
Urman                               100 Finance                                 
Sciarra                             100 Finance                                 
Chen                                100 Finance                                 
Faviet                              100 Finance                                 
Greenberg                           100 Finance                                 
Gietz                               110 Accounting                              
Higgins                             110 Accounting                              
Grant                                                                           

107 rows selected.

SQL> conn scott/tiger
Connected.
SQL> desc salgrade;
 Name                                      Null?    Type
 ----------------------------------------- -------- ----------------------------
 GRADE                                              NUMBER
 LOSAL                                              NUMBER
 HISAL                                              NUMBER

SQL> grant select on scott.salgrade to hr;

Grant succeeded.

SQL> conn hr/hr
Connected.
SQL> select e.last_name,e.salary, s.grade from employees e, scott.salgrade s where salary between hisal and lowsal;
select e.last_name,e.salary, s.grade from employees e, scott.salgrade s where salary between hisal and lowsal
                                                                                                       *
ERROR at line 1:
ORA-00904: "LOWSAL": invalid identifier 

SQL> select e.last_name,e.salary, s.grade from employees e, scott.salgrade s;

LAST_NAME                     SALARY      GRADE                                 
------------------------- ---------- ----------                                 
King                           24000          1                                 
Kochhar                        17000          1                                 
De Haan                        17000          1                                 
Hunold                          9000          1                                 
Ernst                           6000          1                                 
Austin                          4800          1                                 
Pataballa                       4800          1                                 
Lorentz                         4200          1                                 
Greenberg                      12008          1                                 
Faviet                          9000          1                                 
Chen                            8200          1                                 

LAST_NAME                     SALARY      GRADE                                 
------------------------- ---------- ----------                                 
Sciarra                         7700          1                                 
Urman                           7800          1                                 
Popp                            6900          1                                 
Raphaely                       11000          1                                 
Khoo                            3100          1                                 
Baida                           2900          1                                 
Tobias                          2800          1                                 
Himuro                          2600          1                                 
Colmenares                      2500          1                                 
Weiss                           8000          1                                 
Fripp                           8200          1                                 

LAST_NAME                     SALARY      GRADE                                 
------------------------- ---------- ----------                                 
Kaufling                        7900          1                                 
Vollman                         6500          1                                 
Mourgos                         5800          1                                 
Nayer                           3200          1                                 
Mikkilineni                     2700          1                                 
Landry                          2400          1                                 
Markle                          2200          1                                 
Bissot                          3300          1                                 
Atkinson                        2800          1                                 
Marlow                          2500          1                                 
Olson                           2100          1                                 

LAST_NAME                     SALARY      GRADE                                 
------------------------- ---------- ----------                                 
Mallin                          3300          1                                 
Rogers                          2900          1                                 
Gee                             2400          1                                 
Philtanker                      2200          1                                 
Ladwig                          3600          1                                 
Stiles                          3200          1                                 
Seo                             2700          1                                 
Patel                           2500          1                                 
Rajs                            3500          1                                 
Davies                          3100          1                                 
Matos                           2600          1                                 

LAST_NAME                     SALARY      GRADE                                 
------------------------- ---------- ----------                                 
Vargas                          2500          1                                 
Russell                        14000          1                                 
Partners                       13500          1                                 
Errazuriz                      12000          1                                 
Cambrault                      11000          1                                 
Zlotkey                        10500          1                                 
Tucker                         10000          1                                 
Bernstein                       9500          1                                 
Hall                            9000          1                                 
Olsen                           8000          1                                 
Cambrault                       7500          1                                 

LAST_NAME                     SALARY      GRADE                                 
------------------------- ---------- ----------                                 
Tuvault                         7000          1                                 
King                           10000          1                                 
Sully                           9500          1                                 
McEwen                          9000          1                                 
Smith                           8000          1                                 
Doran                           7500          1                                 
Sewall                          7000          1                                 
Vishney                        10500          1                                 
Greene                          9500          1                                 
Marvins                         7200          1                                 
Lee                             6800          1                                 

LAST_NAME                     SALARY      GRADE                                 
------------------------- ---------- ----------                                 
Ande                            6400          1                                 
Banda                           6200          1                                 
Ozer                           11500          1                                 
Bloom                          10000          1                                 
Fox                             9600          1                                 
Smith                           7400          1                                 
Bates                           7300          1                                 
Kumar                           6100          1                                 
Abel                           11000          1                                 
Hutton                          8800          1                                 
Taylor                          8600          1                                 

LAST_NAME                     SALARY      GRADE                                 
------------------------- ---------- ----------                                 
Livingston                      8400          1                                 
Grant                           7000          1                                 
Johnson                         6200          1                                 
Taylor                          3200          1                                 
Fleaur                          3100          1                                 
Sullivan                        2500          1                                 
Geoni                           2800          1                                 
Sarchand                        4200          1                                 
Bull                            4100          1                                 
Dellinger                       3400          1                                 
Cabrio                          3000          1                                 

LAST_NAME                     SALARY      GRADE                                 
------------------------- ---------- ----------                                 
Chung                           3800          1                                 
Dilly                           3600          1                                 
Gates                           2900          1                                 
Perkins                         2500          1                                 
Bell                            4000          1                                 
Everett                         3900          1                                 
McCain                          3200          1                                 
Jones                           2800          1                                 
Walsh                           3100          1                                 
Feeney                          3000          1                                 
OConnell                        2600          1                                 

LAST_NAME                     SALARY      GRADE                                 
------------------------- ---------- ----------                                 
Grant                           2600          1                                 
Whalen                          4400          1                                 
Hartstein                      13000          1                                 
Fay                             6000          1                                 
Mavris                          6500          1                                 
Baer                           10000          1                                 
Higgins                        12008          1                                 
Gietz                           8300          1                                 
King                           24000          2                                 
Kochhar                        17000          2                                 
De Haan                        17000          2                                 

LAST_NAME                     SALARY      GRADE                                 
------------------------- ---------- ----------                                 
Hunold                          9000          2                                 
Ernst                           6000          2                                 
Austin                          4800          2                                 
Pataballa                       4800          2                                 
Lorentz                         4200          2                                 
Greenberg                      12008          2                                 
Faviet                          9000          2                                 
Chen                            8200          2                                 
Sciarra                         7700          2                                 
Urman                           7800          2                                 
Popp                            6900          2                                 

LAST_NAME                     SALARY      GRADE                                 
------------------------- ---------- ----------                                 
Raphaely                       11000          2                                 
Khoo                            3100          2                                 
Baida                           2900          2                                 
Tobias                          2800          2                                 
Himuro                          2600          2                                 
Colmenares                      2500          2                                 
Weiss                           8000          2                                 
Fripp                           8200          2                                 
Kaufling                        7900          2                                 
Vollman                         6500          2                                 
Mourgos                         5800          2                                 

LAST_NAME                     SALARY      GRADE                                 
------------------------- ---------- ----------                                 
Nayer                           3200          2                                 
Mikkilineni                     2700          2                                 
Landry                          2400          2                                 
Markle                          2200          2                                 
Bissot                          3300          2                                 
Atkinson                        2800          2                                 
Marlow                          2500          2                                 
Olson                           2100          2                                 
Mallin                          3300          2                                 
Rogers                          2900          2                                 
Gee                             2400          2                                 

LAST_NAME                     SALARY      GRADE                                 
------------------------- ---------- ----------                                 
Philtanker                      2200          2                                 
Ladwig                          3600          2                                 
Stiles                          3200          2                                 
Seo                             2700          2                                 
Patel                           2500          2                                 
Rajs                            3500          2                                 
Davies                          3100          2                                 
Matos                           2600          2                                 
Vargas                          2500          2                                 
Russell                        14000          2                                 
Partners                       13500          2                                 

LAST_NAME                     SALARY      GRADE                                 
------------------------- ---------- ----------                                 
Errazuriz                      12000          2                                 
Cambrault                      11000          2                                 
Zlotkey                        10500          2                                 
Tucker                         10000          2                                 
Bernstein                       9500          2                                 
Hall                            9000          2                                 
Olsen                           8000          2                                 
Cambrault                       7500          2                                 
Tuvault                         7000          2                                 
King                           10000          2                                 
Sully                           9500          2                                 

LAST_NAME                     SALARY      GRADE                                 
------------------------- ---------- ----------                                 
McEwen                          9000          2                                 
Smith                           8000          2                                 
Doran                           7500          2                                 
Sewall                          7000          2                                 
Vishney                        10500          2                                 
Greene                          9500          2                                 
Marvins                         7200          2                                 
Lee                             6800          2                                 
Ande                            6400          2                                 
Banda                           6200          2                                 
Ozer                           11500          2                                 

LAST_NAME                     SALARY      GRADE                                 
------------------------- ---------- ----------                                 
Bloom                          10000          2                                 
Fox                             9600          2                                 
Smith                           7400          2                                 
Bates                           7300          2                                 
Kumar                           6100          2                                 
Abel                           11000          2                                 
Hutton                          8800          2                                 
Taylor                          8600          2                                 
Livingston                      8400          2                                 
Grant                           7000          2                                 
Johnson                         6200          2                                 

LAST_NAME                     SALARY      GRADE                                 
------------------------- ---------- ----------                                 
Taylor                          3200          2                                 
Fleaur                          3100          2                                 
Sullivan                        2500          2                                 
Geoni                           2800          2                                 
Sarchand                        4200          2                                 
Bull                            4100          2                                 
Dellinger                       3400          2                                 
Cabrio                          3000          2                                 
Chung                           3800          2                                 
Dilly                           3600          2                                 
Gates                           2900          2                                 

LAST_NAME                     SALARY      GRADE                                 
------------------------- ---------- ----------                                 
Perkins                         2500          2                                 
Bell                            4000          2                                 
Everett                         3900          2                                 
McCain                          3200          2                                 
Jones                           2800          2                                 
Walsh                           3100          2                                 
Feeney                          3000          2                                 
OConnell                        2600          2                                 
Grant                           2600          2                                 
Whalen                          4400          2                                 
Hartstein                      13000          2                                 

LAST_NAME                     SALARY      GRADE                                 
------------------------- ---------- ----------                                 
Fay                             6000          2                                 
Mavris                          6500          2                                 
Baer                           10000          2                                 
Higgins                        12008          2                                 
Gietz                           8300          2                                 
King                           24000          3                                 
Kochhar                        17000          3                                 
De Haan                        17000          3                                 
Hunold                          9000          3                                 
Ernst                           6000          3                                 
Austin                          4800          3                                 

LAST_NAME                     SALARY      GRADE                                 
------------------------- ---------- ----------                                 
Pataballa                       4800          3                                 
Lorentz                         4200          3                                 
Greenberg                      12008          3                                 
Faviet                          9000          3                                 
Chen                            8200          3                                 
Sciarra                         7700          3                                 
Urman                           7800          3                                 
Popp                            6900          3                                 
Raphaely                       11000          3                                 
Khoo                            3100          3                                 
Baida                           2900          3                                 

LAST_NAME                     SALARY      GRADE                                 
------------------------- ---------- ----------                                 
Tobias                          2800          3                                 
Himuro                          2600          3                                 
Colmenares                      2500          3                                 
Weiss                           8000          3                                 
Fripp                           8200          3                                 
Kaufling                        7900          3                                 
Vollman                         6500          3                                 
Mourgos                         5800          3                                 
Nayer                           3200          3                                 
Mikkilineni                     2700          3                                 
Landry                          2400          3                                 

LAST_NAME                     SALARY      GRADE                                 
------------------------- ---------- ----------                                 
Markle                          2200          3                                 
Bissot                          3300          3                                 
Atkinson                        2800          3                                 
Marlow                          2500          3                                 
Olson                           2100          3                                 
Mallin                          3300          3                                 
Rogers                          2900          3                                 
Gee                             2400          3                                 
Philtanker                      2200          3                                 
Ladwig                          3600          3                                 
Stiles                          3200          3                                 

LAST_NAME                     SALARY      GRADE                                 
------------------------- ---------- ----------                                 
Seo                             2700          3                                 
Patel                           2500          3                                 
Rajs                            3500          3                                 
Davies                          3100          3                                 
Matos                           2600          3                                 
Vargas                          2500          3                                 
Russell                        14000          3                                 
Partners                       13500          3                                 
Errazuriz                      12000          3                                 
Cambrault                      11000          3                                 
Zlotkey                        10500          3                                 

LAST_NAME                     SALARY      GRADE                                 
------------------------- ---------- ----------                                 
Tucker                         10000          3                                 
Bernstein                       9500          3                                 
Hall                            9000          3                                 
Olsen                           8000          3                                 
Cambrault                       7500          3                                 
Tuvault                         7000          3                                 
King                           10000          3                                 
Sully                           9500          3                                 
McEwen                          9000          3                                 
Smith                           8000          3                                 
Doran                           7500          3                                 

LAST_NAME                     SALARY      GRADE                                 
------------------------- ---------- ----------                                 
Sewall                          7000          3                                 
Vishney                        10500          3                                 
Greene                          9500          3                                 
Marvins                         7200          3                                 
Lee                             6800          3                                 
Ande                            6400          3                                 
Banda                           6200          3                                 
Ozer                           11500          3                                 
Bloom                          10000          3                                 
Fox                             9600          3                                 
Smith                           7400          3                                 

LAST_NAME                     SALARY      GRADE                                 
------------------------- ---------- ----------                                 
Bates                           7300          3                                 
Kumar                           6100          3                                 
Abel                           11000          3                                 
Hutton                          8800          3                                 
Taylor                          8600          3                                 
Livingston                      8400          3                                 
Grant                           7000          3                                 
Johnson                         6200          3                                 
Taylor                          3200          3                                 
Fleaur                          3100          3                                 
Sullivan                        2500          3                                 

LAST_NAME                     SALARY      GRADE                                 
------------------------- ---------- ----------                                 
Geoni                           2800          3                                 
Sarchand                        4200          3                                 
Bull                            4100          3                                 
Dellinger                       3400          3                                 
Cabrio                          3000          3                                 
Chung                           3800          3                                 
Dilly                           3600          3                                 
Gates                           2900          3                                 
Perkins                         2500          3                                 
Bell                            4000          3                                 
Everett                         3900          3                                 

LAST_NAME                     SALARY      GRADE                                 
------------------------- ---------- ----------                                 
McCain                          3200          3                                 
Jones                           2800          3                                 
Walsh                           3100          3                                 
Feeney                          3000          3                                 
OConnell                        2600          3                                 
Grant                           2600          3                                 
Whalen                          4400          3                                 
Hartstein                      13000          3                                 
Fay                             6000          3                                 
Mavris                          6500          3                                 
Baer                           10000          3                                 

LAST_NAME                     SALARY      GRADE                                 
------------------------- ---------- ----------                                 
Higgins                        12008          3                                 
Gietz                           8300          3                                 
King                           24000          4                                 
Kochhar                        17000          4                                 
De Haan                        17000          4                                 
Hunold                          9000          4                                 
Ernst                           6000          4                                 
Austin                          4800          4                                 
Pataballa                       4800          4                                 
Lorentz                         4200          4                                 
Greenberg                      12008          4                                 

LAST_NAME                     SALARY      GRADE                                 
------------------------- ---------- ----------                                 
Faviet                          9000          4                                 
Chen                            8200          4                                 
Sciarra                         7700          4                                 
Urman                           7800          4                                 
Popp                            6900          4                                 
Raphaely                       11000          4                                 
Khoo                            3100          4                                 
Baida                           2900          4                                 
Tobias                          2800          4                                 
Himuro                          2600          4                                 
Colmenares                      2500          4                                 

LAST_NAME                     SALARY      GRADE                                 
------------------------- ---------- ----------                                 
Weiss                           8000          4                                 
Fripp                           8200          4                                 
Kaufling                        7900          4                                 
Vollman                         6500          4                                 
Mourgos                         5800          4                                 
Nayer                           3200          4                                 
Mikkilineni                     2700          4                                 
Landry                          2400          4                                 
Markle                          2200          4                                 
Bissot                          3300          4                                 
Atkinson                        2800          4                                 

LAST_NAME                     SALARY      GRADE                                 
------------------------- ---------- ----------                                 
Marlow                          2500          4                                 
Olson                           2100          4                                 
Mallin                          3300          4                                 
Rogers                          2900          4                                 
Gee                             2400          4                                 
Philtanker                      2200          4                                 
Ladwig                          3600          4                                 
Stiles                          3200          4                                 
Seo                             2700          4                                 
Patel                           2500          4                                 
Rajs                            3500          4                                 

LAST_NAME                     SALARY      GRADE                                 
------------------------- ---------- ----------                                 
Davies                          3100          4                                 
Matos                           2600          4                                 
Vargas                          2500          4                                 
Russell                        14000          4                                 
Partners                       13500          4                                 
Errazuriz                      12000          4                                 
Cambrault                      11000          4                                 
Zlotkey                        10500          4                                 
Tucker                         10000          4                                 
Bernstein                       9500          4                                 
Hall                            9000          4                                 

LAST_NAME                     SALARY      GRADE                                 
------------------------- ---------- ----------                                 
Olsen                           8000          4                                 
Cambrault                       7500          4                                 
Tuvault                         7000          4                                 
King                           10000          4                                 
Sully                           9500          4                                 
McEwen                          9000          4                                 
Smith                           8000          4                                 
Doran                           7500          4                                 
Sewall                          7000          4                                 
Vishney                        10500          4                                 
Greene                          9500          4                                 

LAST_NAME                     SALARY      GRADE                                 
------------------------- ---------- ----------                                 
Marvins                         7200          4                                 
Lee                             6800          4                                 
Ande                            6400          4                                 
Banda                           6200          4                                 
Ozer                           11500          4                                 
Bloom                          10000          4                                 
Fox                             9600          4                                 
Smith                           7400          4                                 
Bates                           7300          4                                 
Kumar                           6100          4                                 
Abel                           11000          4                                 

LAST_NAME                     SALARY      GRADE                                 
------------------------- ---------- ----------                                 
Hutton                          8800          4                                 
Taylor                          8600          4                                 
Livingston                      8400          4                                 
Grant                           7000          4                                 
Johnson                         6200          4                                 
Taylor                          3200          4                                 
Fleaur                          3100          4                                 
Sullivan                        2500          4                                 
Geoni                           2800          4                                 
Sarchand                        4200          4                                 
Bull                            4100          4                                 

LAST_NAME                     SALARY      GRADE                                 
------------------------- ---------- ----------                                 
Dellinger                       3400          4                                 
Cabrio                          3000          4                                 
Chung                           3800          4                                 
Dilly                           3600          4                                 
Gates                           2900          4                                 
Perkins                         2500          4                                 
Bell                            4000          4                                 
Everett                         3900          4                                 
McCain                          3200          4                                 
Jones                           2800          4                                 
Walsh                           3100          4                                 

LAST_NAME                     SALARY      GRADE                                 
------------------------- ---------- ----------                                 
Feeney                          3000          4                                 
OConnell                        2600          4                                 
Grant                           2600          4                                 
Whalen                          4400          4                                 
Hartstein                      13000          4                                 
Fay                             6000          4                                 
Mavris                          6500          4                                 
Baer                           10000          4                                 
Higgins                        12008          4                                 
Gietz                           8300          4                                 
King                           24000          5                                 

LAST_NAME                     SALARY      GRADE                                 
------------------------- ---------- ----------                                 
Kochhar                        17000          5                                 
De Haan                        17000          5                                 
Hunold                          9000          5                                 
Ernst                           6000          5                                 
Austin                          4800          5                                 
Pataballa                       4800          5                                 
Lorentz                         4200          5                                 
Greenberg                      12008          5                                 
Faviet                          9000          5                                 
Chen                            8200          5                                 
Sciarra                         7700          5                                 

LAST_NAME                     SALARY      GRADE                                 
------------------------- ---------- ----------                                 
Urman                           7800          5                                 
Popp                            6900          5                                 
Raphaely                       11000          5                                 
Khoo                            3100          5                                 
Baida                           2900          5                                 
Tobias                          2800          5                                 
Himuro                          2600          5                                 
Colmenares                      2500          5                                 
Weiss                           8000          5                                 
Fripp                           8200          5                                 
Kaufling                        7900          5                                 

LAST_NAME                     SALARY      GRADE                                 
------------------------- ---------- ----------                                 
Vollman                         6500          5                                 
Mourgos                         5800          5                                 
Nayer                           3200          5                                 
Mikkilineni                     2700          5                                 
Landry                          2400          5                                 
Markle                          2200          5                                 
Bissot                          3300          5                                 
Atkinson                        2800          5                                 
Marlow                          2500          5                                 
Olson                           2100          5                                 
Mallin                          3300          5                                 

LAST_NAME                     SALARY      GRADE                                 
------------------------- ---------- ----------                                 
Rogers                          2900          5                                 
Gee                             2400          5                                 
Philtanker                      2200          5                                 
Ladwig                          3600          5                                 
Stiles                          3200          5                                 
Seo                             2700          5                                 
Patel                           2500          5                                 
Rajs                            3500          5                                 
Davies                          3100          5                                 
Matos                           2600          5                                 
Vargas                          2500          5                                 

LAST_NAME                     SALARY      GRADE                                 
------------------------- ---------- ----------                                 
Russell                        14000          5                                 
Partners                       13500          5                                 
Errazuriz                      12000          5                                 
Cambrault                      11000          5                                 
Zlotkey                        10500          5                                 
Tucker                         10000          5                                 
Bernstein                       9500          5                                 
Hall                            9000          5                                 
Olsen                           8000          5                                 
Cambrault                       7500          5                                 
Tuvault                         7000          5                                 

LAST_NAME                     SALARY      GRADE                                 
------------------------- ---------- ----------                                 
King                           10000          5                                 
Sully                           9500          5                                 
McEwen                          9000          5                                 
Smith                           8000          5                                 
Doran                           7500          5                                 
Sewall                          7000          5                                 
Vishney                        10500          5                                 
Greene                          9500          5                                 
Marvins                         7200          5                                 
Lee                             6800          5                                 
Ande                            6400          5                                 

LAST_NAME                     SALARY      GRADE                                 
------------------------- ---------- ----------                                 
Banda                           6200          5                                 
Ozer                           11500          5                                 
Bloom                          10000          5                                 
Fox                             9600          5                                 
Smith                           7400          5                                 
Bates                           7300          5                                 
Kumar                           6100          5                                 
Abel                           11000          5                                 
Hutton                          8800          5                                 
Taylor                          8600          5                                 
Livingston                      8400          5                                 

LAST_NAME                     SALARY      GRADE                                 
------------------------- ---------- ----------                                 
Grant                           7000          5                                 
Johnson                         6200          5                                 
Taylor                          3200          5                                 
Fleaur                          3100          5                                 
Sullivan                        2500          5                                 
Geoni                           2800          5                                 
Sarchand                        4200          5                                 
Bull                            4100          5                                 
Dellinger                       3400          5                                 
Cabrio                          3000          5                                 
Chung                           3800          5                                 

LAST_NAME                     SALARY      GRADE                                 
------------------------- ---------- ----------                                 
Dilly                           3600          5                                 
Gates                           2900          5                                 
Perkins                         2500          5                                 
Bell                            4000          5                                 
Everett                         3900          5                                 
McCain                          3200          5                                 
Jones                           2800          5                                 
Walsh                           3100          5                                 
Feeney                          3000          5                                 
OConnell                        2600          5                                 
Grant                           2600          5                                 

LAST_NAME                     SALARY      GRADE                                 
------------------------- ---------- ----------                                 
Whalen                          4400          5                                 
Hartstein                      13000          5                                 
Fay                             6000          5                                 
Mavris                          6500          5                                 
Baer                           10000          5                                 
Higgins                        12008          5                                 
Gietz                           8300          5                                 

535 rows selected.

SQL> spool off
SQL> grant select on hr.employees to scott;

Grant succeeded.

SQL> conn scott/tiger
Connected.

SQL> select e.last_name,e.salary, s.grade from hr.employees e, salgrade s where e.salary between s.losal and s.hisal;

LAST_NAME                     SALARY      GRADE                                 
------------------------- ---------- ----------                                 
Olson                           2100          4                                 
Markle                          2200          4                                 
Philtanker                      2200          4                                 
Landry                          2400          4                                 
Gee                             2400          4                                 
Colmenares                      2500          4                                 
Marlow                          2500          4                                 
Patel                           2500          4                                 
Vargas                          2500          4                                 
Sullivan                        2500          4                                 
Perkins                         2500          4                                 

LAST_NAME                     SALARY      GRADE                                 
------------------------- ---------- ----------                                 
Himuro                          2600          4                                 
Matos                           2600          4                                 
OConnell                        2600          4                                 
Grant                           2600          4                                 
Mikkilineni                     2700          4                                 
Seo                             2700          4                                 
Tobias                          2800          4                                 
Atkinson                        2800          4                                 
Geoni                           2800          4                                 
Jones                           2800          4                                 
Baida                           2900          4                                 

LAST_NAME                     SALARY      GRADE                                 
------------------------- ---------- ----------                                 
Rogers                          2900          4                                 
Gates                           2900          4                                 
Cabrio                          3000          4                                 
Feeney                          3000          4                                 
Khoo                            3100          5                                 
Davies                          3100          5                                 
Fleaur                          3100          5                                 
Walsh                           3100          5                                 
Nayer                           3200          5                                 
Stiles                          3200          5                                 
Taylor                          3200          5                                 

LAST_NAME                     SALARY      GRADE                                 
------------------------- ---------- ----------                                 
McCain                          3200          5                                 
Bissot                          3300          5                                 
Mallin                          3300          5                                 
Dellinger                       3400          5                                 
Rajs                            3500          5                                 
Ladwig                          3600          5                                 
Dilly                           3600          5                                 
Chung                           3800          5                                 
Everett                         3900          5                                 
Bell                            4000          5                                 
Bull                            4100          5                                 

LAST_NAME                     SALARY      GRADE                                 
------------------------- ---------- ----------                                 
Lorentz                         4200          5                                 
Sarchand                        4200          5                                 
Whalen                          4400          5                                 
Austin                          4800          5                                 
Pataballa                       4800          5                                 
Mourgos                         5800          5                                 
Ernst                           6000          5                                 
Fay                             6000          5                                 
Kumar                           6100          5                                 
Banda                           6200          5                                 
Johnson                         6200          5                                 

LAST_NAME                     SALARY      GRADE                                 
------------------------- ---------- ----------                                 
Ande                            6400          5                                 
Vollman                         6500          5                                 
Mavris                          6500          5                                 
Lee                             6800          5                                 
Popp                            6900          5                                 
Tuvault                         7000          5                                 
Sewall                          7000          5                                 
Grant                           7000          5                                 
Marvins                         7200          5                                 
Bates                           7300          5                                 
Smith                           7400          5                                 

LAST_NAME                     SALARY      GRADE                                 
------------------------- ---------- ----------                                 
Cambrault                       7500          5                                 
Doran                           7500          5                                 
Sciarra                         7700          5                                 
Urman                           7800          5                                 
Kaufling                        7900          5                                 
Weiss                           8000          5                                 
Olsen                           8000          5                                 
Smith                           8000          5                                 
Chen                            8200          5                                 
Fripp                           8200          5                                 
Gietz                           8300          5                                 

LAST_NAME                     SALARY      GRADE                                 
------------------------- ---------- ----------                                 
Livingston                      8400          5                                 
Taylor                          8600          5                                 
Hutton                          8800          5                                 
Hunold                          9000          5                                 
Faviet                          9000          5                                 
Hall                            9000          5                                 
McEwen                          9000          5                                 
Sully                           9500          5                                 
Greene                          9500          5                                 
Bernstein                       9500          5                                 
Fox                             9600          5                                 

88 rows selected.

SQL> spool off
SQL> conn hr/hr
Connected.
SQL> select employee_id, job_id, last_name, salary from employees where salary<any (select salary from employees where job_id='IT_PROG') and job_id<>'IT_PROG';

EMPLOYEE_ID JOB_ID     LAST_NAME                     SALARY                     
----------- ---------- ------------------------- ----------                     
        132 ST_CLERK   Olson                           2100                     
        136 ST_CLERK   Philtanker                      2200                     
        128 ST_CLERK   Markle                          2200                     
        135 ST_CLERK   Gee                             2400                     
        127 ST_CLERK   Landry                          2400                     
        191 SH_CLERK   Perkins                         2500                     
        182 SH_CLERK   Sullivan                        2500                     
        144 ST_CLERK   Vargas                          2500                     
        140 ST_CLERK   Patel                           2500                     
        131 ST_CLERK   Marlow                          2500                     
        119 PU_CLERK   Colmenares                      2500                     

EMPLOYEE_ID JOB_ID     LAST_NAME                     SALARY                     
----------- ---------- ------------------------- ----------                     
        118 PU_CLERK   Himuro                          2600                     
        198 SH_CLERK   OConnell                        2600                     
        199 SH_CLERK   Grant                           2600                     
        143 ST_CLERK   Matos                           2600                     
        126 ST_CLERK   Mikkilineni                     2700                     
        139 ST_CLERK   Seo                             2700                     
        117 PU_CLERK   Tobias                          2800                     
        183 SH_CLERK   Geoni                           2800                     
        130 ST_CLERK   Atkinson                        2800                     
        195 SH_CLERK   Jones                           2800                     
        190 SH_CLERK   Gates                           2900                     

EMPLOYEE_ID JOB_ID     LAST_NAME                     SALARY                     
----------- ---------- ------------------------- ----------                     
        116 PU_CLERK   Baida                           2900                     
        134 ST_CLERK   Rogers                          2900                     
        197 SH_CLERK   Feeney                          3000                     
        187 SH_CLERK   Cabrio                          3000                     
        115 PU_CLERK   Khoo                            3100                     
        196 SH_CLERK   Walsh                           3100                     
        142 ST_CLERK   Davies                          3100                     
        181 SH_CLERK   Fleaur                          3100                     
        194 SH_CLERK   McCain                          3200                     
        138 ST_CLERK   Stiles                          3200                     
        125 ST_CLERK   Nayer                           3200                     

EMPLOYEE_ID JOB_ID     LAST_NAME                     SALARY                     
----------- ---------- ------------------------- ----------                     
        180 SH_CLERK   Taylor                          3200                     
        129 ST_CLERK   Bissot                          3300                     
        133 ST_CLERK   Mallin                          3300                     
        186 SH_CLERK   Dellinger                       3400                     
        141 ST_CLERK   Rajs                            3500                     
        137 ST_CLERK   Ladwig                          3600                     
        189 SH_CLERK   Dilly                           3600                     
        188 SH_CLERK   Chung                           3800                     
        193 SH_CLERK   Everett                         3900                     
        192 SH_CLERK   Bell                            4000                     
        185 SH_CLERK   Bull                            4100                     

EMPLOYEE_ID JOB_ID     LAST_NAME                     SALARY                     
----------- ---------- ------------------------- ----------                     
        184 SH_CLERK   Sarchand                        4200                     
        200 AD_ASST    Whalen                          4400                     
        124 ST_MAN     Mourgos                         5800                     
        202 MK_REP     Fay                             6000                     
        173 SA_REP     Kumar                           6100                     
        179 SA_REP     Johnson                         6200                     
        167 SA_REP     Banda                           6200                     
        166 SA_REP     Ande                            6400                     
        123 ST_MAN     Vollman                         6500                     
        203 HR_REP     Mavris                          6500                     
        165 SA_REP     Lee                             6800                     

EMPLOYEE_ID JOB_ID     LAST_NAME                     SALARY                     
----------- ---------- ------------------------- ----------                     
        113 FI_ACCOUNT Popp                            6900                     
        161 SA_REP     Sewall                          7000                     
        178 SA_REP     Grant                           7000                     
        155 SA_REP     Tuvault                         7000                     
        164 SA_REP     Marvins                         7200                     
        172 SA_REP     Bates                           7300                     
        171 SA_REP     Smith                           7400                     
        154 SA_REP     Cambrault                       7500                     
        160 SA_REP     Doran                           7500                     
        111 FI_ACCOUNT Sciarra                         7700                     
        112 FI_ACCOUNT Urman                           7800                     

EMPLOYEE_ID JOB_ID     LAST_NAME                     SALARY                     
----------- ---------- ------------------------- ----------                     
        122 ST_MAN     Kaufling                        7900                     
        153 SA_REP     Olsen                           8000                     
        159 SA_REP     Smith                           8000                     
        120 ST_MAN     Weiss                           8000                     
        121 ST_MAN     Fripp                           8200                     
        110 FI_ACCOUNT Chen                            8200                     
        206 AC_ACCOUNT Gietz                           8300                     
        177 SA_REP     Livingston                      8400                     
        176 SA_REP     Taylor                          8600                     
        175 SA_REP     Hutton                          8800                     

76 rows selected.

SQL> select employee_id, job_id, last_name, salary from employees where salary<all (select salary from employees where job_id='IT_PROG');

EMPLOYEE_ID JOB_ID     LAST_NAME                     SALARY                     
----------- ---------- ------------------------- ----------                     
        185 SH_CLERK   Bull                            4100                     
        192 SH_CLERK   Bell                            4000                     
        193 SH_CLERK   Everett                         3900                     
        188 SH_CLERK   Chung                           3800                     
        189 SH_CLERK   Dilly                           3600                     
        137 ST_CLERK   Ladwig                          3600                     
        141 ST_CLERK   Rajs                            3500                     
        186 SH_CLERK   Dellinger                       3400                     
        133 ST_CLERK   Mallin                          3300                     
        129 ST_CLERK   Bissot                          3300                     
        125 ST_CLERK   Nayer                           3200                     

EMPLOYEE_ID JOB_ID     LAST_NAME                     SALARY                     
----------- ---------- ------------------------- ----------                     
        194 SH_CLERK   McCain                          3200                     
        180 SH_CLERK   Taylor                          3200                     
        138 ST_CLERK   Stiles                          3200                     
        115 PU_CLERK   Khoo                            3100                     
        196 SH_CLERK   Walsh                           3100                     
        181 SH_CLERK   Fleaur                          3100                     
        142 ST_CLERK   Davies                          3100                     
        197 SH_CLERK   Feeney                          3000                     
        187 SH_CLERK   Cabrio                          3000                     
        116 PU_CLERK   Baida                           2900                     
        190 SH_CLERK   Gates                           2900                     

EMPLOYEE_ID JOB_ID     LAST_NAME                     SALARY                     
----------- ---------- ------------------------- ----------                     
        134 ST_CLERK   Rogers                          2900                     
        117 PU_CLERK   Tobias                          2800                     
        195 SH_CLERK   Jones                           2800                     
        183 SH_CLERK   Geoni                           2800                     
        130 ST_CLERK   Atkinson                        2800                     
        139 ST_CLERK   Seo                             2700                     
        126 ST_CLERK   Mikkilineni                     2700                     
        118 PU_CLERK   Himuro                          2600                     
        199 SH_CLERK   Grant                           2600                     
        198 SH_CLERK   OConnell                        2600                     
        143 ST_CLERK   Matos                           2600                     

EMPLOYEE_ID JOB_ID     LAST_NAME                     SALARY                     
----------- ---------- ------------------------- ----------                     
        119 PU_CLERK   Colmenares                      2500                     
        131 ST_CLERK   Marlow                          2500                     
        191 SH_CLERK   Perkins                         2500                     
        144 ST_CLERK   Vargas                          2500                     
        182 SH_CLERK   Sullivan                        2500                     
        140 ST_CLERK   Patel                           2500                     
        135 ST_CLERK   Gee                             2400                     
        127 ST_CLERK   Landry                          2400                     
        136 ST_CLERK   Philtanker                      2200                     
        128 ST_CLERK   Markle                          2200                     
        132 ST_CLERK   Olson                           2100                     

44 rows selected.

SQL> select employee_id, job_id, last_name, salary from employees where salary=any (select salary from employees where job_id='IT_PROG');

EMPLOYEE_ID JOB_ID     LAST_NAME                     SALARY                     
----------- ---------- ------------------------- ----------                     
        158 SA_REP     McEwen                          9000                     
        152 SA_REP     Hall                            9000                     
        109 FI_ACCOUNT Faviet                          9000                     
        103 IT_PROG    Hunold                          9000                     
        202 MK_REP     Fay                             6000                     
        104 IT_PROG    Ernst                           6000                     
        106 IT_PROG    Pataballa                       4800                     
        105 IT_PROG    Austin                          4800                     
        184 SH_CLERK   Sarchand                        4200                     
        107 IT_PROG    Lorentz                         4200                     

10 rows selected.

SQL> select employee_id, job_id, last_name, salary from employees where salary=all (select salary from employees where job_id='IT_PROG';
select employee_id, job_id, last_name, salary from employees where salary=all (select salary from employees where job_id='IT_PROG'
                                                                                                                                 *
ERROR at line 1:
ORA-00907: missing right parenthesis 


SQL> select employee_id, job_id, last_name, salary from employees where salary=all (select salary from employees where job_id='IT_PROG');

no rows selected

SQL> spool off
SQL> desc job_history;
 Name                                      Null?    Type
 ----------------------------------------- -------- ----------------------------
 EMPLOYEE_ID                               NOT NULL NUMBER(6)
 START_DATE                                NOT NULL DATE
 END_DATE                                  NOT NULL DATE
 JOB_ID                                    NOT NULL VARCHAR2(10)
 DEPARTMENT_ID                                      NUMBER(4)

SQL> desc employees;
 Name                                      Null?    Type
 ----------------------------------------- -------- ----------------------------
 EMPLOYEE_ID                               NOT NULL NUMBER(6)
 FIRST_NAME                                         VARCHAR2(20)
 LAST_NAME                                 NOT NULL VARCHAR2(25)
 EMAIL                                     NOT NULL VARCHAR2(25)
 PHONE_NUMBER                                       VARCHAR2(20)
 HIRE_DATE                                 NOT NULL DATE
 JOB_ID                                    NOT NULL VARCHAR2(10)
 SALARY                                             NUMBER(8,2)
 COMMISSION_PCT                                     NUMBER(2,2)
 MANAGER_ID                                         NUMBER(6)
 DEPARTMENT_ID                                      NUMBER(4)

SQL> select employee_id, last_name, salary from employees where salary>(select avg(salary) from employees;) order by salary;
select employee_id, last_name, salary from employees where salary>(select avg(salary) from employees;) order by salary
                                                                                                    *
ERROR at line 1:
ORA-00911: invalid character 


SQL> select employee_id, last_name, salary from employees where salary>(select avg(salary) from employees) order by salary;

EMPLOYEE_ID LAST_NAME                     SALARY                                
----------- ------------------------- ----------                                
        203 Mavris                          6500                                
        123 Vollman                         6500                                
        165 Lee                             6800                                
        113 Popp                            6900                                
        155 Tuvault                         7000                                
        161 Sewall                          7000                                
        178 Grant                           7000                                
        164 Marvins                         7200                                
        172 Bates                           7300                                
        171 Smith                           7400                                
        154 Cambrault                       7500                                

EMPLOYEE_ID LAST_NAME                     SALARY                                
----------- ------------------------- ----------                                
        160 Doran                           7500                                
        111 Sciarra                         7700                                
        112 Urman                           7800                                
        122 Kaufling                        7900                                
        120 Weiss                           8000                                
        159 Smith                           8000                                
        153 Olsen                           8000                                
        121 Fripp                           8200                                
        110 Chen                            8200                                
        206 Gietz                           8300                                
        177 Livingston                      8400                                

EMPLOYEE_ID LAST_NAME                     SALARY                                
----------- ------------------------- ----------                                
        176 Taylor                          8600                                
        175 Hutton                          8800                                
        158 McEwen                          9000                                
        152 Hall                            9000                                
        109 Faviet                          9000                                
        103 Hunold                          9000                                
        157 Sully                           9500                                
        151 Bernstein                       9500                                
        163 Greene                          9500                                
        170 Fox                             9600                                
        156 King                           10000                                

EMPLOYEE_ID LAST_NAME                     SALARY                                
----------- ------------------------- ----------                                
        150 Tucker                         10000                                
        204 Baer                           10000                                
        169 Bloom                          10000                                
        149 Zlotkey                        10500                                
        162 Vishney                        10500                                
        174 Abel                           11000                                
        148 Cambrault                      11000                                
        114 Raphaely                       11000                                
        168 Ozer                           11500                                
        147 Errazuriz                      12000                                
        108 Greenberg                      12008                                

EMPLOYEE_ID LAST_NAME                     SALARY                                
----------- ------------------------- ----------                                
        205 Higgins                        12008                                
        201 Hartstein                      13000                                
        146 Partners                       13500                                
        145 Russell                        14000                                
        102 De Haan                        17000                                
        101 Kochhar                        17000                                
        100 King                           24000                                

51 rows selected.

SQL> select employee_id, last_name from employees where substr(last-name,1,1)=(select last_name from employees where employee_id=department_id);
select employee_id, last_name from employees where substr(last-name,1,1)=(select last_name from employees where employee_id=department_id)
                                                               *
ERROR at line 1:
ORA-00904: "NAME": invalid identifier 


SQL> select employee_id
  2  from job_history
  3  minus
  4  select employee_id from employees;

no rows selected

SQL> desc job-history;
SP2-0565: Illegal identifier.
SQL> desc job_history;
 Name                                      Null?    Type
 ----------------------------------------- -------- ----------------------------
 EMPLOYEE_ID                               NOT NULL NUMBER(6)
 START_DATE                                NOT NULL DATE
 END_DATE                                  NOT NULL DATE
 JOB_ID                                    NOT NULL VARCHAR2(10)
 DEPARTMENT_ID                                      NUMBER(4)

SQL> select *
  2  from job_history;

EMPLOYEE_ID START_DAT END_DATE  JOB_ID     DEPARTMENT_ID                        
----------- --------- --------- ---------- -------------                        
        102 13-JAN-01 24-JUL-06 IT_PROG               60                        
        101 21-SEP-97 27-OCT-01 AC_ACCOUNT           110                        
        101 28-OCT-01 15-MAR-05 AC_MGR               110                        
        201 17-FEB-04 19-DEC-07 MK_REP                20                        
        114 24-MAR-06 31-DEC-07 ST_CLERK              50                        
        122 01-JAN-07 31-DEC-07 ST_CLERK              50                        
        200 17-SEP-95 17-JUN-01 AD_ASST               90                        
        176 24-MAR-06 31-DEC-06 SA_REP                80                        
        176 01-JAN-07 31-DEC-07 SA_MAN                80                        
        200 01-JUL-02 31-DEC-06 AC_ACCOUNT            90                        

10 rows selected.

SQL> select last_name
  2  from job_history;
select last_name
       *
ERROR at line 1:
ORA-00904: "LAST_NAME": invalid identifier 


SQL> select employee_id from employees minus select employee_id from job_history;

EMPLOYEE_ID                                                                     
-----------                                                                     
        100                                                                     
        103                                                                     
        104                                                                     
        105                                                                     
        106                                                                     
        107                                                                     
        108                                                                     
        109                                                                     
        110                                                                     
        111                                                                     
        112                                                                     

EMPLOYEE_ID                                                                     
-----------                                                                     
        113                                                                     
        115                                                                     
        116                                                                     
        117                                                                     
        118                                                                     
        119                                                                     
        120                                                                     
        121                                                                     
        123                                                                     
        124                                                                     
        125                                                                     

EMPLOYEE_ID                                                                     
-----------                                                                     
        126                                                                     
        127                                                                     
        128                                                                     
        129                                                                     
        130                                                                     
        131                                                                     
        132                                                                     
        133                                                                     
        134                                                                     
        135                                                                     
        136                                                                     

EMPLOYEE_ID                                                                     
-----------                                                                     
        137                                                                     
        138                                                                     
        139                                                                     
        140                                                                     
        141                                                                     
        142                                                                     
        143                                                                     
        144                                                                     
        145                                                                     
        146                                                                     
        147                                                                     

EMPLOYEE_ID                                                                     
-----------                                                                     
        148                                                                     
        149                                                                     
        150                                                                     
        151                                                                     
        152                                                                     
        153                                                                     
        154                                                                     
        155                                                                     
        156                                                                     
        157                                                                     
        158                                                                     

EMPLOYEE_ID                                                                     
-----------                                                                     
        159                                                                     
        160                                                                     
        161                                                                     
        162                                                                     
        163                                                                     
        164                                                                     
        165                                                                     
        166                                                                     
        167                                                                     
        168                                                                     
        169                                                                     

EMPLOYEE_ID                                                                     
-----------                                                                     
        170                                                                     
        171                                                                     
        172                                                                     
        173                                                                     
        174                                                                     
        175                                                                     
        177                                                                     
        178                                                                     
        179                                                                     
        180                                                                     
        181                                                                     

EMPLOYEE_ID                                                                     
-----------                                                                     
        182                                                                     
        183                                                                     
        184                                                                     
        185                                                                     
        186                                                                     
        187                                                                     
        188                                                                     
        189                                                                     
        190                                                                     
        191                                                                     
        192                                                                     

EMPLOYEE_ID                                                                     
-----------                                                                     
        193                                                                     
        194                                                                     
        195                                                                     
        196                                                                     
        197                                                                     
        198                                                                     
        199                                                                     
        202                                                                     
        203                                                                     
        204                                                                     
        205                                                                     

EMPLOYEE_ID                                                                     
-----------                                                                     
        206                                                                     

100 rows selected.

SQL> select employee_id from employees;

EMPLOYEE_ID                                                                     
-----------                                                                     
        100                                                                     
        101                                                                     
        102                                                                     
        103                                                                     
        104                                                                     
        105                                                                     
        106                                                                     
        107                                                                     
        108                                                                     
        109                                                                     
        110                                                                     

EMPLOYEE_ID                                                                     
-----------                                                                     
        111                                                                     
        112                                                                     
        113                                                                     
        114                                                                     
        115                                                                     
        116                                                                     
        117                                                                     
        118                                                                     
        119                                                                     
        120                                                                     
        121                                                                     

EMPLOYEE_ID                                                                     
-----------                                                                     
        122                                                                     
        123                                                                     
        124                                                                     
        125                                                                     
        126                                                                     
        127                                                                     
        128                                                                     
        129                                                                     
        130                                                                     
        131                                                                     
        132                                                                     

EMPLOYEE_ID                                                                     
-----------                                                                     
        133                                                                     
        134                                                                     
        135                                                                     
        136                                                                     
        137                                                                     
        138                                                                     
        139                                                                     
        140                                                                     
        141                                                                     
        142                                                                     
        143                                                                     

EMPLOYEE_ID                                                                     
-----------                                                                     
        144                                                                     
        145                                                                     
        146                                                                     
        147                                                                     
        148                                                                     
        149                                                                     
        150                                                                     
        151                                                                     
        152                                                                     
        153                                                                     
        154                                                                     

EMPLOYEE_ID                                                                     
-----------                                                                     
        155                                                                     
        156                                                                     
        157                                                                     
        158                                                                     
        159                                                                     
        160                                                                     
        161                                                                     
        162                                                                     
        163                                                                     
        164                                                                     
        165                                                                     

EMPLOYEE_ID                                                                     
-----------                                                                     
        166                                                                     
        167                                                                     
        168                                                                     
        169                                                                     
        170                                                                     
        171                                                                     
        172                                                                     
        173                                                                     
        174                                                                     
        175                                                                     
        176                                                                     

EMPLOYEE_ID                                                                     
-----------                                                                     
        177                                                                     
        178                                                                     
        179                                                                     
        180                                                                     
        181                                                                     
        182                                                                     
        183                                                                     
        184                                                                     
        185                                                                     
        186                                                                     
        187                                                                     

EMPLOYEE_ID                                                                     
-----------                                                                     
        188                                                                     
        189                                                                     
        190                                                                     
        191                                                                     
        192                                                                     
        193                                                                     
        194                                                                     
        195                                                                     
        196                                                                     
        197                                                                     
        198                                                                     

EMPLOYEE_ID                                                                     
-----------                                                                     
        199                                                                     
        200                                                                     
        201                                                                     
        202                                                                     
        203                                                                     
        204                                                                     
        205                                                                     
        206                                                                     

107 rows selected.

SQL> spool off
SQL> select employee_id, last_name from employees where substr(last_name,length(last_name)-1)=any(select last_name from employees where select table1.column, table2.column);
select employee_id, last_name from employees where substr(last_name,length(last_name)-1)=any(select last_name from employees where select table1.column, table2.column)
                                                                                                                                   *
ERROR at line 1:
ORA-00936: missing expression 


SQL> from table1
SP2-0734: unknown command beginning "from table..." - rest of line ignored.
SQL> select employee_id, last_name from employees where department_id in (select department_id from employees where substr(last_name, length(last_name)-1)='u');

no rows selected

SQL> select last_name, department_id, job_id from employees where department_id in (select department_id from employees where location_id=1700);
select last_name, department_id, job_id from employees where department_id in (select department_id from employees where location_id=1700)
                                                                                                                         *
ERROR at line 1:
ORA-00904: "LOCATION_ID": invalid identifier 


SQL> select last_name, department_id, job_id from employees where department_id in (select department_id from departments where location_id=1700);

LAST_NAME                 DEPARTMENT_ID JOB_ID                                  
------------------------- ------------- ----------                              
King                                 90 AD_PRES                                 
Kochhar                              90 AD_VP                                   
De Haan                              90 AD_VP                                   
Greenberg                           100 FI_MGR                                  
Faviet                              100 FI_ACCOUNT                              
Chen                                100 FI_ACCOUNT                              
Sciarra                             100 FI_ACCOUNT                              
Urman                               100 FI_ACCOUNT                              
Popp                                100 FI_ACCOUNT                              
Raphaely                             30 PU_MAN                                  
Khoo                                 30 PU_CLERK                                

LAST_NAME                 DEPARTMENT_ID JOB_ID                                  
------------------------- ------------- ----------                              
Baida                                30 PU_CLERK                                
Tobias                               30 PU_CLERK                                
Himuro                               30 PU_CLERK                                
Colmenares                           30 PU_CLERK                                
Whalen                               10 AD_ASST                                 
Higgins                             110 AC_MGR                                  
Gietz                               110 AC_ACCOUNT                              

18 rows selected.

SQL> select last_name, department_id, job_id from employees where department_id in (select department_id from departments where location_id=&location_id);
Enter value for location_id: 1700
old   1: select last_name, department_id, job_id from employees where department_id in (select department_id from departments where location_id=&location_id)
new   1: select last_name, department_id, job_id from employees where department_id in (select department_id from departments where location_id=1700)

LAST_NAME                 DEPARTMENT_ID JOB_ID                                  
------------------------- ------------- ----------                              
King                                 90 AD_PRES                                 
Kochhar                              90 AD_VP                                   
De Haan                              90 AD_VP                                   
Greenberg                           100 FI_MGR                                  
Faviet                              100 FI_ACCOUNT                              
Chen                                100 FI_ACCOUNT                              
Sciarra                             100 FI_ACCOUNT                              
Urman                               100 FI_ACCOUNT                              
Popp                                100 FI_ACCOUNT                              
Raphaely                             30 PU_MAN                                  
Khoo                                 30 PU_CLERK                                

LAST_NAME                 DEPARTMENT_ID JOB_ID                                  
------------------------- ------------- ----------                              
Baida                                30 PU_CLERK                                
Tobias                               30 PU_CLERK                                
Himuro                               30 PU_CLERK                                
Colmenares                           30 PU_CLERK                                
Whalen                               10 AD_ASST                                 
Higgins                             110 AC_MGR                                  
Gietz                               110 AC_ACCOUNT                              

18 rows selected.

SQL> desc employees;
 Name                                      Null?    Type
 ----------------------------------------- -------- ----------------------------
 EMPLOYEE_ID                               NOT NULL NUMBER(6)
 FIRST_NAME                                         VARCHAR2(20)
 LAST_NAME                                 NOT NULL VARCHAR2(25)
 EMAIL                                     NOT NULL VARCHAR2(25)
 PHONE_NUMBER                                       VARCHAR2(20)
 HIRE_DATE                                 NOT NULL DATE
 JOB_ID                                    NOT NULL VARCHAR2(10)
 SALARY                                             NUMBER(8,2)
 COMMISSION_PCT                                     NUMBER(2,2)
 MANAGER_ID                                         NUMBER(6)
 DEPARTMENT_ID                                      NUMBER(4)

SQL> select last_name, salary from employees where manager_id=(select employee_id from employees where manager_id=null);

no rows selected

SQL> select last_name, salary from employees where manager_id in (select employee_id from employees where manager_id=null);

no rows selected

SQL> select last_name, salary from employees where manager_id in (select employee_id from employees where last_name='King');

LAST_NAME                     SALARY                                            
------------------------- ----------                                            
Kochhar                        17000                                            
De Haan                        17000                                            
Raphaely                       11000                                            
Weiss                           8000                                            
Fripp                           8200                                            
Kaufling                        7900                                            
Vollman                         6500                                            
Mourgos                         5800                                            
Russell                        14000                                            
Partners                       13500                                            
Errazuriz                      12000                                            

LAST_NAME                     SALARY                                            
------------------------- ----------                                            
Cambrault                      11000                                            
Zlotkey                        10500                                            
Hartstein                      13000                                            

14 rows selected.

SQL> desc departments;
 Name                                      Null?    Type
 ----------------------------------------- -------- ----------------------------
 DEPARTMENT_ID                             NOT NULL NUMBER(4)
 DEPARTMENT_NAME                           NOT NULL VARCHAR2(30)
 MANAGER_ID                                         NUMBER(6)
 LOCATION_ID                                        NUMBER(4)

SQL> select department_id, last_name, job_id from employees where department_id in (select department_id from departments where department_name='Executive');

DEPARTMENT_ID LAST_NAME                 JOB_ID                                  
------------- ------------------------- ----------                              
           90 King                      AD_PRES                                 
           90 Kochhar                   AD_VP                                   
           90 De Haan                   AD_VP                                   

SQL> select last_name, employee_id, salary from employees where salary>any(select salary from employees where department_id=60);

LAST_NAME                 EMPLOYEE_ID     SALARY                                
------------------------- ----------- ----------                                
King                              100      24000                                
Kochhar                           101      17000                                
De Haan                           102      17000                                
Russell                           145      14000                                
Partners                          146      13500                                
Hartstein                         201      13000                                
Greenberg                         108      12008                                
Higgins                           205      12008                                
Errazuriz                         147      12000                                
Ozer                              168      11500                                
Raphaely                          114      11000                                

LAST_NAME                 EMPLOYEE_ID     SALARY                                
------------------------- ----------- ----------                                
Cambrault                         148      11000                                
Abel                              174      11000                                
Zlotkey                           149      10500                                
Vishney                           162      10500                                
King                              156      10000                                
Tucker                            150      10000                                
Baer                              204      10000                                
Bloom                             169      10000                                
Fox                               170       9600                                
Greene                            163       9500                                
Bernstein                         151       9500                                

LAST_NAME                 EMPLOYEE_ID     SALARY                                
------------------------- ----------- ----------                                
Sully                             157       9500                                
Hall                              152       9000                                
Hunold                            103       9000                                
McEwen                            158       9000                                
Faviet                            109       9000                                
Hutton                            175       8800                                
Taylor                            176       8600                                
Livingston                        177       8400                                
Gietz                             206       8300                                
Fripp                             121       8200                                
Chen                              110       8200                                

LAST_NAME                 EMPLOYEE_ID     SALARY                                
------------------------- ----------- ----------                                
Weiss                             120       8000                                
Smith                             159       8000                                
Olsen                             153       8000                                
Kaufling                          122       7900                                
Urman                             112       7800                                
Sciarra                           111       7700                                
Doran                             160       7500                                
Cambrault                         154       7500                                
Smith                             171       7400                                
Bates                             172       7300                                
Marvins                           164       7200                                

LAST_NAME                 EMPLOYEE_ID     SALARY                                
------------------------- ----------- ----------                                
Tuvault                           155       7000                                
Grant                             178       7000                                
Sewall                            161       7000                                
Popp                              113       6900                                
Lee                               165       6800                                
Mavris                            203       6500                                
Vollman                           123       6500                                
Ande                              166       6400                                
Johnson                           179       6200                                
Banda                             167       6200                                
Kumar                             173       6100                                

LAST_NAME                 EMPLOYEE_ID     SALARY                                
------------------------- ----------- ----------                                
Fay                               202       6000                                
Ernst                             104       6000                                
Mourgos                           124       5800                                
Pataballa                         106       4800                                
Austin                            105       4800                                
Whalen                            200       4400                                

61 rows selected.

SQL> select salary from employees where department_id=60;

    SALARY                                                                      
----------                                                                      
      9000                                                                      
      6000                                                                      
      4800                                                                      
      4800                                                                      
      4200                                                                      

SQL> select last_name, employee_id, salary from employees where salary>all(select salary from employees where department_id=60);

LAST_NAME                 EMPLOYEE_ID     SALARY                                
------------------------- ----------- ----------                                
Sully                             157       9500                                
Greene                            163       9500                                
Bernstein                         151       9500                                
Fox                               170       9600                                
Baer                              204      10000                                
Bloom                             169      10000                                
King                              156      10000                                
Tucker                            150      10000                                
Vishney                           162      10500                                
Zlotkey                           149      10500                                
Cambrault                         148      11000                                

LAST_NAME                 EMPLOYEE_ID     SALARY                                
------------------------- ----------- ----------                                
Raphaely                          114      11000                                
Abel                              174      11000                                
Ozer                              168      11500                                
Errazuriz                         147      12000                                
Higgins                           205      12008                                
Greenberg                         108      12008                                
Hartstein                         201      13000                                
Partners                          146      13500                                
Russell                           145      14000                                
De Haan                           102      17000                                
Kochhar                           101      17000                                

LAST_NAME                 EMPLOYEE_ID     SALARY                                
------------------------- ----------- ----------                                
King                              100      24000                                

23 rows selected.

SQL> selectemployee_id, last_name,salary from employees where salary>avg(select salary from employees) and department_id in (select department_id from employees where last_name like '%u%');
SP2-0734: unknown command beginning "selectempl..." - rest of line ignored.
SQL> select employee_id, last_name,salary from employees where salary>avg(select salary from employees) and department_id in (select department_id from employees where last_name like '%u%');
select employee_id, last_name,salary from employees where salary>avg(select salary from employees) and department_id in (select department_id from employees where last_name like '%u%')
                                                                 *
ERROR at line 1:
ORA-00934: group function is not allowed here 


SQL> select employee_id, last_name,salary from employees where salary>(select avg(salary) from employees) and department_id in (select department_id from employees where last_name like '%u%');

EMPLOYEE_ID LAST_NAME                     SALARY                                
----------- ------------------------- ----------                                
        103 Hunold                          9000                                
        123 Vollman                         6500                                
        122 Kaufling                        7900                                
        121 Fripp                           8200                                
        120 Weiss                           8000                                
        177 Livingston                      8400                                
        176 Taylor                          8600                                
        175 Hutton                          8800                                
        174 Abel                           11000                                
        172 Bates                           7300                                
        171 Smith                           7400                                

EMPLOYEE_ID LAST_NAME                     SALARY                                
----------- ------------------------- ----------                                
        170 Fox                             9600                                
        169 Bloom                          10000                                
        168 Ozer                           11500                                
        165 Lee                             6800                                
        164 Marvins                         7200                                
        163 Greene                          9500                                
        162 Vishney                        10500                                
        161 Sewall                          7000                                
        160 Doran                           7500                                
        159 Smith                           8000                                
        158 McEwen                          9000                                

EMPLOYEE_ID LAST_NAME                     SALARY                                
----------- ------------------------- ----------                                
        157 Sully                           9500                                
        156 King                           10000                                
        155 Tuvault                         7000                                
        154 Cambrault                       7500                                
        153 Olsen                           8000                                
        152 Hall                            9000                                
        151 Bernstein                       9500                                
        150 Tucker                         10000                                
        149 Zlotkey                        10500                                
        148 Cambrault                      11000                                
        147 Errazuriz                      12000                                

EMPLOYEE_ID LAST_NAME                     SALARY                                
----------- ------------------------- ----------                                
        146 Partners                       13500                                
        145 Russell                        14000                                
        114 Raphaely                       11000                                

36 rows selected.

SQL> spool D:/sqllab.txt append
SQL> create tabbledeot50
  2  creat table dept80
  3  create table dept80 as select employee_id,last_name, salary*12 Annual_Salary, hire_date from employees where department_id=80;
create tabbledeot50
       *
ERROR at line 1:
ORA-00901: invalid CREATE command 


SQL> CREATE TABLE dept80 AS select employee_id,last_name, salary*12 Annual_Salary, hire_date from employees where department_id=80;

Table created.

SQL> desc dept80
 Name                                      Null?    Type
 ----------------------------------------- -------- ----------------------------
 EMPLOYEE_ID                                        NUMBER(6)
 LAST_NAME                                 NOT NULL VARCHAR2(25)
 ANNUAL_SALARY                                      NUMBER
 HIRE_DATE                                 NOT NULL DATE

SQL> create table dept80 as select employee_id,last_name, salary*12 Annual_Salary, hire_date from employees where department_id=80;
create table dept80 as select employee_id,last_name, salary*12 Annual_Salary, hire_date from employees where department_id=80
             *
ERROR at line 1:
ORA-00955: name is already used by an existing object 


SQL> spool D:/sqllab.txt append
SQL> create table DEPT(ID NUMBER(7), NAME VARCHAR2(25));

Table created.

SQL> create table DEPT0(ID NUMBER(7) primary key, NAME VARCHAR2(25));

Table created.

SQL> desc dept0;
 Name                                      Null?    Type
 ----------------------------------------- -------- ----------------------------
 ID                                        NOT NULL NUMBER(7)
 NAME                                               VARCHAR2(25)

SQL> desc departments;
 Name                                      Null?    Type
 ----------------------------------------- -------- ----------------------------
 DEPARTMENT_ID                             NOT NULL NUMBER(4)
 DEPARTMENT_NAME                           NOT NULL VARCHAR2(30)
 MANAGER_ID                                         NUMBER(6)
 LOCATION_ID                                        NUMBER(4)

SQL> create table dept1(department_id NUMBER(3), department_name VARCHAR(10), manager_id NUMBER(2));

Table created.

SQL> select * from dept1;

no rows selected

SQL> insert into dept1(department_id) values(1004);
insert into dept1(department_id) values(1004)
                                        *
ERROR at line 1:
ORA-01438: value larger than specified precision allowed for this column 


SQL> insert into dept1(department_id) values(100);

1 row created.

SQL> insert into dept1(manager_id) values(2);

1 row created.

SQL> create table EMPTABLE(ID number(7), LAST_NAME varchar2(25), FIRST_NAME varchar2(25), DEPT_ID number(7);
create table EMPTABLE(ID number(7), LAST_NAME varchar2(25), FIRST_NAME varchar2(25), DEPT_ID number(7)
                                                                                                     *
ERROR at line 1:
ORA-00907: missing right parenthesis 


SQL> create table EMPTABLE(ID number(7), LAST_NAME varchar2(25), FIRST_NAME varchar2(25), DEPT_ID number(7);
create table EMPTABLE(ID number(7), LAST_NAME varchar2(25), FIRST_NAME varchar2(25), DEPT_ID number(7)
                                                                                                     *
ERROR at line 1:
ORA-00907: missing right parenthesis 


SQL> create table EMPTABLE(ID number(7), LAST_NAME varchar2(25), FIRST_NAME varchar2(25), DEPT_ID number(7));

Table created.

SQL> spool D:/sqllab.txt append
SQL> desc locations;
 Name                                      Null?    Type
 ----------------------------------------- -------- ----------------------------
 LOCATION_ID                               NOT NULL NUMBER(4)
 STREET_ADDRESS                                     VARCHAR2(40)
 POSTAL_CODE                                        VARCHAR2(12)
 CITY                                      NOT NULL VARCHAR2(30)
 STATE_PROVINCE                                     VARCHAR2(25)
 COUNTRY_ID                                         CHAR(2)

SQL> desc countries;
 Name                                      Null?    Type
 ----------------------------------------- -------- ----------------------------
 COUNTRY_ID                                NOT NULL CHAR(2)
 COUNTRY_NAME                                       VARCHAR2(40)
 REGION_ID                                          NUMBER

SQL> select l.location_id, l.street_address, l.city, l.state_province, c.country_name from locations l,countries c where l.country_id=c.country_id;

LOCATION_ID STREET_ADDRESS                                                      
----------- ----------------------------------------                            
CITY                           STATE_PROVINCE                                   
------------------------------ -------------------------                        
COUNTRY_NAME                                                                    
----------------------------------------                                        
       1000 1297 Via Cola di Rie                                                
Roma                                                                            
Italy                                                                           
                                                                                
       1100 93091 Calle della Testa                                             
Venice                                                                          
Italy                                                                           

LOCATION_ID STREET_ADDRESS                                                      
----------- ----------------------------------------                            
CITY                           STATE_PROVINCE                                   
------------------------------ -------------------------                        
COUNTRY_NAME                                                                    
----------------------------------------                                        
                                                                                
       1200 2017 Shinjuku-ku                                                    
Tokyo                          Tokyo Prefecture                                 
Japan                                                                           
                                                                                
       1300 9450 Kamiya-cho                                                     
Hiroshima                                                                       

LOCATION_ID STREET_ADDRESS                                                      
----------- ----------------------------------------                            
CITY                           STATE_PROVINCE                                   
------------------------------ -------------------------                        
COUNTRY_NAME                                                                    
----------------------------------------                                        
Japan                                                                           
                                                                                
       1400 2014 Jabberwocky Rd                                                 
Southlake                      Texas                                            
United States of America                                                        
                                                                                
       1500 2011 Interiors Blvd                                                 

LOCATION_ID STREET_ADDRESS                                                      
----------- ----------------------------------------                            
CITY                           STATE_PROVINCE                                   
------------------------------ -------------------------                        
COUNTRY_NAME                                                                    
----------------------------------------                                        
South San Francisco            California                                       
United States of America                                                        
                                                                                
       1600 2007 Zagora St                                                      
South Brunswick                New Jersey                                       
United States of America                                                        
                                                                                

LOCATION_ID STREET_ADDRESS                                                      
----------- ----------------------------------------                            
CITY                           STATE_PROVINCE                                   
------------------------------ -------------------------                        
COUNTRY_NAME                                                                    
----------------------------------------                                        
       1700 2004 Charade Rd                                                     
Seattle                        Washington                                       
United States of America                                                        
                                                                                
       1800 147 Spadina Ave                                                     
Toronto                        Ontario                                          
Canada                                                                          

LOCATION_ID STREET_ADDRESS                                                      
----------- ----------------------------------------                            
CITY                           STATE_PROVINCE                                   
------------------------------ -------------------------                        
COUNTRY_NAME                                                                    
----------------------------------------                                        
                                                                                
       1900 6092 Boxwood St                                                     
Whitehorse                     Yukon                                            
Canada                                                                          
                                                                                
       2000 40-5-12 Laogianggen                                                 
Beijing                                                                         

LOCATION_ID STREET_ADDRESS                                                      
----------- ----------------------------------------                            
CITY                           STATE_PROVINCE                                   
------------------------------ -------------------------                        
COUNTRY_NAME                                                                    
----------------------------------------                                        
China                                                                           
                                                                                
       2100 1298 Vileparle (E)                                                  
Bombay                         Maharashtra                                      
India                                                                           
                                                                                
       2200 12-98 Victoria Street                                               

LOCATION_ID STREET_ADDRESS                                                      
----------- ----------------------------------------                            
CITY                           STATE_PROVINCE                                   
------------------------------ -------------------------                        
COUNTRY_NAME                                                                    
----------------------------------------                                        
Sydney                         New South Wales                                  
Australia                                                                       
                                                                                
       2300 198 Clementi North                                                  
Singapore                                                                       
Singapore                                                                       
                                                                                

LOCATION_ID STREET_ADDRESS                                                      
----------- ----------------------------------------                            
CITY                           STATE_PROVINCE                                   
------------------------------ -------------------------                        
COUNTRY_NAME                                                                    
----------------------------------------                                        
       2400 8204 Arthur St                                                      
London                                                                          
United Kingdom                                                                  
                                                                                
       2500 Magdalen Centre, The Oxford Science Park                            
Oxford                         Oxford                                           
United Kingdom                                                                  

LOCATION_ID STREET_ADDRESS                                                      
----------- ----------------------------------------                            
CITY                           STATE_PROVINCE                                   
------------------------------ -------------------------                        
COUNTRY_NAME                                                                    
----------------------------------------                                        
                                                                                
       2600 9702 Chester Road                                                   
Stretford                      Manchester                                       
United Kingdom                                                                  
                                                                                
       2700 Schwanthalerstr. 7031                                               
Munich                         Bavaria                                          

LOCATION_ID STREET_ADDRESS                                                      
----------- ----------------------------------------                            
CITY                           STATE_PROVINCE                                   
------------------------------ -------------------------                        
COUNTRY_NAME                                                                    
----------------------------------------                                        
Germany                                                                         
                                                                                
       2800 Rua Frei Caneca 1360                                                
Sao Paulo                      Sao Paulo                                        
Brazil                                                                          
                                                                                
       2900 20 Rue des Corps-Saints                                             

LOCATION_ID STREET_ADDRESS                                                      
----------- ----------------------------------------                            
CITY                           STATE_PROVINCE                                   
------------------------------ -------------------------                        
COUNTRY_NAME                                                                    
----------------------------------------                                        
Geneva                         Geneve                                           
Switzerland                                                                     
                                                                                
       3000 Murtenstrasse 921                                                   
Bern                           BE                                               
Switzerland                                                                     
                                                                                

LOCATION_ID STREET_ADDRESS                                                      
----------- ----------------------------------------                            
CITY                           STATE_PROVINCE                                   
------------------------------ -------------------------                        
COUNTRY_NAME                                                                    
----------------------------------------                                        
       3100 Pieter Breughelstraat 837                                           
Utrecht                        Utrecht                                          
Netherlands                                                                     
                                                                                
       3200 Mariano Escobedo 9991                                               
Mexico City                    Distrito Federal,                                
Mexico                                                                          

LOCATION_ID STREET_ADDRESS                                                      
----------- ----------------------------------------                            
CITY                           STATE_PROVINCE                                   
------------------------------ -------------------------                        
COUNTRY_NAME                                                                    
----------------------------------------                                        
                                                                                

23 rows selected.

SQL> select e.last_name, d.department_id, d.department_name from employees e, departments d where e.department_id=d.department_id;

LAST_NAME                 DEPARTMENT_ID DEPARTMENT_NAME                         
------------------------- ------------- ------------------------------          
Whalen                               10 Administration                          
Fay                                  20 Marketing                               
Hartstein                            20 Marketing                               
Tobias                               30 Purchasing                              
Colmenares                           30 Purchasing                              
Baida                                30 Purchasing                              
Raphaely                             30 Purchasing                              
Khoo                                 30 Purchasing                              
Himuro                               30 Purchasing                              
Mavris                               40 Human Resources                         
Feeney                               50 Shipping                                

LAST_NAME                 DEPARTMENT_ID DEPARTMENT_NAME                         
------------------------- ------------- ------------------------------          
Fleaur                               50 Shipping                                
Fripp                                50 Shipping                                
Gates                                50 Shipping                                
Gee                                  50 Shipping                                
Geoni                                50 Shipping                                
Grant                                50 Shipping                                
Jones                                50 Shipping                                
Kaufling                             50 Shipping                                
Ladwig                               50 Shipping                                
Everett                              50 Shipping                                
Dilly                                50 Shipping                                

LAST_NAME                 DEPARTMENT_ID DEPARTMENT_NAME                         
------------------------- ------------- ------------------------------          
Dellinger                            50 Shipping                                
Davies                               50 Shipping                                
Chung                                50 Shipping                                
Cabrio                               50 Shipping                                
Bull                                 50 Shipping                                
Bissot                               50 Shipping                                
Bell                                 50 Shipping                                
Atkinson                             50 Shipping                                
Landry                               50 Shipping                                
Weiss                                50 Shipping                                
Walsh                                50 Shipping                                

LAST_NAME                 DEPARTMENT_ID DEPARTMENT_NAME                         
------------------------- ------------- ------------------------------          
Vollman                              50 Shipping                                
Vargas                               50 Shipping                                
Taylor                               50 Shipping                                
Mallin                               50 Shipping                                
Markle                               50 Shipping                                
Marlow                               50 Shipping                                
Matos                                50 Shipping                                
McCain                               50 Shipping                                
Mikkilineni                          50 Shipping                                
Mourgos                              50 Shipping                                
Nayer                                50 Shipping                                

LAST_NAME                 DEPARTMENT_ID DEPARTMENT_NAME                         
------------------------- ------------- ------------------------------          
OConnell                             50 Shipping                                
Olson                                50 Shipping                                
Patel                                50 Shipping                                
Perkins                              50 Shipping                                
Philtanker                           50 Shipping                                
Rajs                                 50 Shipping                                
Rogers                               50 Shipping                                
Sarchand                             50 Shipping                                
Seo                                  50 Shipping                                
Stiles                               50 Shipping                                
Sullivan                             50 Shipping                                

LAST_NAME                 DEPARTMENT_ID DEPARTMENT_NAME                         
------------------------- ------------- ------------------------------          
Austin                               60 IT                                      
Pataballa                            60 IT                                      
Ernst                                60 IT                                      
Lorentz                              60 IT                                      
Hunold                               60 IT                                      
Baer                                 70 Public Relations                        
Abel                                 80 Sales                                   
Ande                                 80 Sales                                   
Banda                                80 Sales                                   
Bates                                80 Sales                                   
Bernstein                            80 Sales                                   

LAST_NAME                 DEPARTMENT_ID DEPARTMENT_NAME                         
------------------------- ------------- ------------------------------          
Bloom                                80 Sales                                   
Cambrault                            80 Sales                                   
Cambrault                            80 Sales                                   
Doran                                80 Sales                                   
Errazuriz                            80 Sales                                   
Fox                                  80 Sales                                   
Greene                               80 Sales                                   
Hall                                 80 Sales                                   
Hutton                               80 Sales                                   
Johnson                              80 Sales                                   
King                                 80 Sales                                   

LAST_NAME                 DEPARTMENT_ID DEPARTMENT_NAME                         
------------------------- ------------- ------------------------------          
Kumar                                80 Sales                                   
Lee                                  80 Sales                                   
Livingston                           80 Sales                                   
Marvins                              80 Sales                                   
McEwen                               80 Sales                                   
Olsen                                80 Sales                                   
Ozer                                 80 Sales                                   
Partners                             80 Sales                                   
Russell                              80 Sales                                   
Sewall                               80 Sales                                   
Smith                                80 Sales                                   

LAST_NAME                 DEPARTMENT_ID DEPARTMENT_NAME                         
------------------------- ------------- ------------------------------          
Smith                                80 Sales                                   
Sully                                80 Sales                                   
Taylor                               80 Sales                                   
Tucker                               80 Sales                                   
Tuvault                              80 Sales                                   
Vishney                              80 Sales                                   
Zlotkey                              80 Sales                                   
Kochhar                              90 Executive                               
King                                 90 Executive                               
De Haan                              90 Executive                               
Popp                                100 Finance                                 

LAST_NAME                 DEPARTMENT_ID DEPARTMENT_NAME                         
------------------------- ------------- ------------------------------          
Urman                               100 Finance                                 
Chen                                100 Finance                                 
Faviet                              100 Finance                                 
Sciarra                             100 Finance                                 
Greenberg                           100 Finance                                 
Gietz                               110 Accounting                              
Higgins                             110 Accounting                              

106 rows selected.

SQL> select e.last_name, e.job_id, e.department_id, d.department_name from employees e, departments d, locations l where e.department_id=d.department_id and d.location_id=l.location_id;

LAST_NAME                 JOB_ID     DEPARTMENT_ID                              
------------------------- ---------- -------------                              
DEPARTMENT_NAME                                                                 
------------------------------                                                  
King                      AD_PRES               90                              
Executive                                                                       
                                                                                
Kochhar                   AD_VP                 90                              
Executive                                                                       
                                                                                
De Haan                   AD_VP                 90                              
Executive                                                                       
                                                                                

LAST_NAME                 JOB_ID     DEPARTMENT_ID                              
------------------------- ---------- -------------                              
DEPARTMENT_NAME                                                                 
------------------------------                                                  
Hunold                    IT_PROG               60                              
IT                                                                              
                                                                                
Ernst                     IT_PROG               60                              
IT                                                                              
                                                                                
Austin                    IT_PROG               60                              
IT                                                                              
                                                                                

LAST_NAME                 JOB_ID     DEPARTMENT_ID                              
------------------------- ---------- -------------                              
DEPARTMENT_NAME                                                                 
------------------------------                                                  
Pataballa                 IT_PROG               60                              
IT                                                                              
                                                                                
Lorentz                   IT_PROG               60                              
IT                                                                              
                                                                                
Greenberg                 FI_MGR               100                              
Finance                                                                         
                                                                                

LAST_NAME                 JOB_ID     DEPARTMENT_ID                              
------------------------- ---------- -------------                              
DEPARTMENT_NAME                                                                 
------------------------------                                                  
Faviet                    FI_ACCOUNT           100                              
Finance                                                                         
                                                                                
Chen                      FI_ACCOUNT           100                              
Finance                                                                         
                                                                                
Sciarra                   FI_ACCOUNT           100                              
Finance                                                                         
                                                                                

LAST_NAME                 JOB_ID     DEPARTMENT_ID                              
------------------------- ---------- -------------                              
DEPARTMENT_NAME                                                                 
------------------------------                                                  
Urman                     FI_ACCOUNT           100                              
Finance                                                                         
                                                                                
Popp                      FI_ACCOUNT           100                              
Finance                                                                         
                                                                                
Raphaely                  PU_MAN                30                              
Purchasing                                                                      
                                                                                

LAST_NAME                 JOB_ID     DEPARTMENT_ID                              
------------------------- ---------- -------------                              
DEPARTMENT_NAME                                                                 
------------------------------                                                  
Khoo                      PU_CLERK              30                              
Purchasing                                                                      
                                                                                
Baida                     PU_CLERK              30                              
Purchasing                                                                      
                                                                                
Tobias                    PU_CLERK              30                              
Purchasing                                                                      
                                                                                

LAST_NAME                 JOB_ID     DEPARTMENT_ID                              
------------------------- ---------- -------------                              
DEPARTMENT_NAME                                                                 
------------------------------                                                  
Himuro                    PU_CLERK              30                              
Purchasing                                                                      
                                                                                
Colmenares                PU_CLERK              30                              
Purchasing                                                                      
                                                                                
Weiss                     ST_MAN                50                              
Shipping                                                                        
                                                                                

LAST_NAME                 JOB_ID     DEPARTMENT_ID                              
------------------------- ---------- -------------                              
DEPARTMENT_NAME                                                                 
------------------------------                                                  
Fripp                     ST_MAN                50                              
Shipping                                                                        
                                                                                
Kaufling                  ST_MAN                50                              
Shipping                                                                        
                                                                                
Vollman                   ST_MAN                50                              
Shipping                                                                        
                                                                                

LAST_NAME                 JOB_ID     DEPARTMENT_ID                              
------------------------- ---------- -------------                              
DEPARTMENT_NAME                                                                 
------------------------------                                                  
Mourgos                   ST_MAN                50                              
Shipping                                                                        
                                                                                
Nayer                     ST_CLERK              50                              
Shipping                                                                        
                                                                                
Mikkilineni               ST_CLERK              50                              
Shipping                                                                        
                                                                                

LAST_NAME                 JOB_ID     DEPARTMENT_ID                              
------------------------- ---------- -------------                              
DEPARTMENT_NAME                                                                 
------------------------------                                                  
Landry                    ST_CLERK              50                              
Shipping                                                                        
                                                                                
Markle                    ST_CLERK              50                              
Shipping                                                                        
                                                                                
Bissot                    ST_CLERK              50                              
Shipping                                                                        
                                                                                

LAST_NAME                 JOB_ID     DEPARTMENT_ID                              
------------------------- ---------- -------------                              
DEPARTMENT_NAME                                                                 
------------------------------                                                  
Atkinson                  ST_CLERK              50                              
Shipping                                                                        
                                                                                
Marlow                    ST_CLERK              50                              
Shipping                                                                        
                                                                                
Olson                     ST_CLERK              50                              
Shipping                                                                        
                                                                                

LAST_NAME                 JOB_ID     DEPARTMENT_ID                              
------------------------- ---------- -------------                              
DEPARTMENT_NAME                                                                 
------------------------------                                                  
Mallin                    ST_CLERK              50                              
Shipping                                                                        
                                                                                
Rogers                    ST_CLERK              50                              
Shipping                                                                        
                                                                                
Gee                       ST_CLERK              50                              
Shipping                                                                        
                                                                                

LAST_NAME                 JOB_ID     DEPARTMENT_ID                              
------------------------- ---------- -------------                              
DEPARTMENT_NAME                                                                 
------------------------------                                                  
Philtanker                ST_CLERK              50                              
Shipping                                                                        
                                                                                
Ladwig                    ST_CLERK              50                              
Shipping                                                                        
                                                                                
Stiles                    ST_CLERK              50                              
Shipping                                                                        
                                                                                

LAST_NAME                 JOB_ID     DEPARTMENT_ID                              
------------------------- ---------- -------------                              
DEPARTMENT_NAME                                                                 
------------------------------                                                  
Seo                       ST_CLERK              50                              
Shipping                                                                        
                                                                                
Patel                     ST_CLERK              50                              
Shipping                                                                        
                                                                                
Rajs                      ST_CLERK              50                              
Shipping                                                                        
                                                                                

LAST_NAME                 JOB_ID     DEPARTMENT_ID                              
------------------------- ---------- -------------                              
DEPARTMENT_NAME                                                                 
------------------------------                                                  
Davies                    ST_CLERK              50                              
Shipping                                                                        
                                                                                
Matos                     ST_CLERK              50                              
Shipping                                                                        
                                                                                
Vargas                    ST_CLERK              50                              
Shipping                                                                        
                                                                                

LAST_NAME                 JOB_ID     DEPARTMENT_ID                              
------------------------- ---------- -------------                              
DEPARTMENT_NAME                                                                 
------------------------------                                                  
Russell                   SA_MAN                80                              
Sales                                                                           
                                                                                
Partners                  SA_MAN                80                              
Sales                                                                           
                                                                                
Errazuriz                 SA_MAN                80                              
Sales                                                                           
                                                                                

LAST_NAME                 JOB_ID     DEPARTMENT_ID                              
------------------------- ---------- -------------                              
DEPARTMENT_NAME                                                                 
------------------------------                                                  
Cambrault                 SA_MAN                80                              
Sales                                                                           
                                                                                
Zlotkey                   SA_MAN                80                              
Sales                                                                           
                                                                                
Tucker                    SA_REP                80                              
Sales                                                                           
                                                                                

LAST_NAME                 JOB_ID     DEPARTMENT_ID                              
------------------------- ---------- -------------                              
DEPARTMENT_NAME                                                                 
------------------------------                                                  
Bernstein                 SA_REP                80                              
Sales                                                                           
                                                                                
Hall                      SA_REP                80                              
Sales                                                                           
                                                                                
Olsen                     SA_REP                80                              
Sales                                                                           
                                                                                

LAST_NAME                 JOB_ID     DEPARTMENT_ID                              
------------------------- ---------- -------------                              
DEPARTMENT_NAME                                                                 
------------------------------                                                  
Cambrault                 SA_REP                80                              
Sales                                                                           
                                                                                
Tuvault                   SA_REP                80                              
Sales                                                                           
                                                                                
King                      SA_REP                80                              
Sales                                                                           
                                                                                

LAST_NAME                 JOB_ID     DEPARTMENT_ID                              
------------------------- ---------- -------------                              
DEPARTMENT_NAME                                                                 
------------------------------                                                  
Sully                     SA_REP                80                              
Sales                                                                           
                                                                                
McEwen                    SA_REP                80                              
Sales                                                                           
                                                                                
Smith                     SA_REP                80                              
Sales                                                                           
                                                                                

LAST_NAME                 JOB_ID     DEPARTMENT_ID                              
------------------------- ---------- -------------                              
DEPARTMENT_NAME                                                                 
------------------------------                                                  
Doran                     SA_REP                80                              
Sales                                                                           
                                                                                
Sewall                    SA_REP                80                              
Sales                                                                           
                                                                                
Vishney                   SA_REP                80                              
Sales                                                                           
                                                                                

LAST_NAME                 JOB_ID     DEPARTMENT_ID                              
------------------------- ---------- -------------                              
DEPARTMENT_NAME                                                                 
------------------------------                                                  
Greene                    SA_REP                80                              
Sales                                                                           
                                                                                
Marvins                   SA_REP                80                              
Sales                                                                           
                                                                                
Lee                       SA_REP                80                              
Sales                                                                           
                                                                                

LAST_NAME                 JOB_ID     DEPARTMENT_ID                              
------------------------- ---------- -------------                              
DEPARTMENT_NAME                                                                 
------------------------------                                                  
Ande                      SA_REP                80                              
Sales                                                                           
                                                                                
Banda                     SA_REP                80                              
Sales                                                                           
                                                                                
Ozer                      SA_REP                80                              
Sales                                                                           
                                                                                

LAST_NAME                 JOB_ID     DEPARTMENT_ID                              
------------------------- ---------- -------------                              
DEPARTMENT_NAME                                                                 
------------------------------                                                  
Bloom                     SA_REP                80                              
Sales                                                                           
                                                                                
Fox                       SA_REP                80                              
Sales                                                                           
                                                                                
Smith                     SA_REP                80                              
Sales                                                                           
                                                                                

LAST_NAME                 JOB_ID     DEPARTMENT_ID                              
------------------------- ---------- -------------                              
DEPARTMENT_NAME                                                                 
------------------------------                                                  
Bates                     SA_REP                80                              
Sales                                                                           
                                                                                
Kumar                     SA_REP                80                              
Sales                                                                           
                                                                                
Abel                      SA_REP                80                              
Sales                                                                           
                                                                                

LAST_NAME                 JOB_ID     DEPARTMENT_ID                              
------------------------- ---------- -------------                              
DEPARTMENT_NAME                                                                 
------------------------------                                                  
Hutton                    SA_REP                80                              
Sales                                                                           
                                                                                
Taylor                    SA_REP                80                              
Sales                                                                           
                                                                                
Livingston                SA_REP                80                              
Sales                                                                           
                                                                                

LAST_NAME                 JOB_ID     DEPARTMENT_ID                              
------------------------- ---------- -------------                              
DEPARTMENT_NAME                                                                 
------------------------------                                                  
Johnson                   SA_REP                80                              
Sales                                                                           
                                                                                
Taylor                    SH_CLERK              50                              
Shipping                                                                        
                                                                                
Fleaur                    SH_CLERK              50                              
Shipping                                                                        
                                                                                

LAST_NAME                 JOB_ID     DEPARTMENT_ID                              
------------------------- ---------- -------------                              
DEPARTMENT_NAME                                                                 
------------------------------                                                  
Sullivan                  SH_CLERK              50                              
Shipping                                                                        
                                                                                
Geoni                     SH_CLERK              50                              
Shipping                                                                        
                                                                                
Sarchand                  SH_CLERK              50                              
Shipping                                                                        
                                                                                

LAST_NAME                 JOB_ID     DEPARTMENT_ID                              
------------------------- ---------- -------------                              
DEPARTMENT_NAME                                                                 
------------------------------                                                  
Bull                      SH_CLERK              50                              
Shipping                                                                        
                                                                                
Dellinger                 SH_CLERK              50                              
Shipping                                                                        
                                                                                
Cabrio                    SH_CLERK              50                              
Shipping                                                                        
                                                                                

LAST_NAME                 JOB_ID     DEPARTMENT_ID                              
------------------------- ---------- -------------                              
DEPARTMENT_NAME                                                                 
------------------------------                                                  
Chung                     SH_CLERK              50                              
Shipping                                                                        
                                                                                
Dilly                     SH_CLERK              50                              
Shipping                                                                        
                                                                                
Gates                     SH_CLERK              50                              
Shipping                                                                        
                                                                                

LAST_NAME                 JOB_ID     DEPARTMENT_ID                              
------------------------- ---------- -------------                              
DEPARTMENT_NAME                                                                 
------------------------------                                                  
Perkins                   SH_CLERK              50                              
Shipping                                                                        
                                                                                
Bell                      SH_CLERK              50                              
Shipping                                                                        
                                                                                
Everett                   SH_CLERK              50                              
Shipping                                                                        
                                                                                

LAST_NAME                 JOB_ID     DEPARTMENT_ID                              
------------------------- ---------- -------------                              
DEPARTMENT_NAME                                                                 
------------------------------                                                  
McCain                    SH_CLERK              50                              
Shipping                                                                        
                                                                                
Jones                     SH_CLERK              50                              
Shipping                                                                        
                                                                                
Walsh                     SH_CLERK              50                              
Shipping                                                                        
                                                                                

LAST_NAME                 JOB_ID     DEPARTMENT_ID                              
------------------------- ---------- -------------                              
DEPARTMENT_NAME                                                                 
------------------------------                                                  
Feeney                    SH_CLERK              50                              
Shipping                                                                        
                                                                                
OConnell                  SH_CLERK              50                              
Shipping                                                                        
                                                                                
Grant                     SH_CLERK              50                              
Shipping                                                                        
                                                                                

LAST_NAME                 JOB_ID     DEPARTMENT_ID                              
------------------------- ---------- -------------                              
DEPARTMENT_NAME                                                                 
------------------------------                                                  
Whalen                    AD_ASST               10                              
Administration                                                                  
                                                                                
Hartstein                 MK_MAN                20                              
Marketing                                                                       
                                                                                
Fay                       MK_REP                20                              
Marketing                                                                       
                                                                                

LAST_NAME                 JOB_ID     DEPARTMENT_ID                              
------------------------- ---------- -------------                              
DEPARTMENT_NAME                                                                 
------------------------------                                                  
Mavris                    HR_REP                40                              
Human Resources                                                                 
                                                                                
Baer                      PR_REP                70                              
Public Relations                                                                
                                                                                
Higgins                   AC_MGR               110                              
Accounting                                                                      
                                                                                

LAST_NAME                 JOB_ID     DEPARTMENT_ID                              
------------------------- ---------- -------------                              
DEPARTMENT_NAME                                                                 
------------------------------                                                  
Gietz                     AC_ACCOUNT           110                              
Accounting                                                                      
                                                                                

106 rows selected.

SQL> select e.last_name, e.job_id, e.department_id, d.department_name,d.location_id from employees e, departments d, locations l where e.department_id=d.department_id and d.location_id=l.location_id;

LAST_NAME                 JOB_ID     DEPARTMENT_ID                              
------------------------- ---------- -------------                              
DEPARTMENT_NAME                LOCATION_ID                                      
------------------------------ -----------                                      
King                      AD_PRES               90                              
Executive                             1700                                      
                                                                                
Kochhar                   AD_VP                 90                              
Executive                             1700                                      
                                                                                
De Haan                   AD_VP                 90                              
Executive                             1700                                      
                                                                                

LAST_NAME                 JOB_ID     DEPARTMENT_ID                              
------------------------- ---------- -------------                              
DEPARTMENT_NAME                LOCATION_ID                                      
------------------------------ -----------                                      
Hunold                    IT_PROG               60                              
IT                                    1400                                      
                                                                                
Ernst                     IT_PROG               60                              
IT                                    1400                                      
                                                                                
Austin                    IT_PROG               60                              
IT                                    1400                                      
                                                                                

LAST_NAME                 JOB_ID     DEPARTMENT_ID                              
------------------------- ---------- -------------                              
DEPARTMENT_NAME                LOCATION_ID                                      
------------------------------ -----------                                      
Pataballa                 IT_PROG               60                              
IT                                    1400                                      
                                                                                
Lorentz                   IT_PROG               60                              
IT                                    1400                                      
                                                                                
Greenberg                 FI_MGR               100                              
Finance                               1700                                      
                                                                                

LAST_NAME                 JOB_ID     DEPARTMENT_ID                              
------------------------- ---------- -------------                              
DEPARTMENT_NAME                LOCATION_ID                                      
------------------------------ -----------                                      
Faviet                    FI_ACCOUNT           100                              
Finance                               1700                                      
                                                                                
Chen                      FI_ACCOUNT           100                              
Finance                               1700                                      
                                                                                
Sciarra                   FI_ACCOUNT           100                              
Finance                               1700                                      
                                                                                

LAST_NAME                 JOB_ID     DEPARTMENT_ID                              
------------------------- ---------- -------------                              
DEPARTMENT_NAME                LOCATION_ID                                      
------------------------------ -----------                                      
Urman                     FI_ACCOUNT           100                              
Finance                               1700                                      
                                                                                
Popp                      FI_ACCOUNT           100                              
Finance                               1700                                      
                                                                                
Raphaely                  PU_MAN                30                              
Purchasing                            1700                                      
                                                                                

LAST_NAME                 JOB_ID     DEPARTMENT_ID                              
------------------------- ---------- -------------                              
DEPARTMENT_NAME                LOCATION_ID                                      
------------------------------ -----------                                      
Khoo                      PU_CLERK              30                              
Purchasing                            1700                                      
                                                                                
Baida                     PU_CLERK              30                              
Purchasing                            1700                                      
                                                                                
Tobias                    PU_CLERK              30                              
Purchasing                            1700                                      
                                                                                

LAST_NAME                 JOB_ID     DEPARTMENT_ID                              
------------------------- ---------- -------------                              
DEPARTMENT_NAME                LOCATION_ID                                      
------------------------------ -----------                                      
Himuro                    PU_CLERK              30                              
Purchasing                            1700                                      
                                                                                
Colmenares                PU_CLERK              30                              
Purchasing                            1700                                      
                                                                                
Weiss                     ST_MAN                50                              
Shipping                              1500                                      
                                                                                

LAST_NAME                 JOB_ID     DEPARTMENT_ID                              
------------------------- ---------- -------------                              
DEPARTMENT_NAME                LOCATION_ID                                      
------------------------------ -----------                                      
Fripp                     ST_MAN                50                              
Shipping                              1500                                      
                                                                                
Kaufling                  ST_MAN                50                              
Shipping                              1500                                      
                                                                                
Vollman                   ST_MAN                50                              
Shipping                              1500                                      
                                                                                

LAST_NAME                 JOB_ID     DEPARTMENT_ID                              
------------------------- ---------- -------------                              
DEPARTMENT_NAME                LOCATION_ID                                      
------------------------------ -----------                                      
Mourgos                   ST_MAN                50                              
Shipping                              1500                                      
                                                                                
Nayer                     ST_CLERK              50                              
Shipping                              1500                                      
                                                                                
Mikkilineni               ST_CLERK              50                              
Shipping                              1500                                      
                                                                                

LAST_NAME                 JOB_ID     DEPARTMENT_ID                              
------------------------- ---------- -------------                              
DEPARTMENT_NAME                LOCATION_ID                                      
------------------------------ -----------                                      
Landry                    ST_CLERK              50                              
Shipping                              1500                                      
                                                                                
Markle                    ST_CLERK              50                              
Shipping                              1500                                      
                                                                                
Bissot                    ST_CLERK              50                              
Shipping                              1500                                      
                                                                                

LAST_NAME                 JOB_ID     DEPARTMENT_ID                              
------------------------- ---------- -------------                              
DEPARTMENT_NAME                LOCATION_ID                                      
------------------------------ -----------                                      
Atkinson                  ST_CLERK              50                              
Shipping                              1500                                      
                                                                                
Marlow                    ST_CLERK              50                              
Shipping                              1500                                      
                                                                                
Olson                     ST_CLERK              50                              
Shipping                              1500                                      
                                                                                

LAST_NAME                 JOB_ID     DEPARTMENT_ID                              
------------------------- ---------- -------------                              
DEPARTMENT_NAME                LOCATION_ID                                      
------------------------------ -----------                                      
Mallin                    ST_CLERK              50                              
Shipping                              1500                                      
                                                                                
Rogers                    ST_CLERK              50                              
Shipping                              1500                                      
                                                                                
Gee                       ST_CLERK              50                              
Shipping                              1500                                      
                                                                                

LAST_NAME                 JOB_ID     DEPARTMENT_ID                              
------------------------- ---------- -------------                              
DEPARTMENT_NAME                LOCATION_ID                                      
------------------------------ -----------                                      
Philtanker                ST_CLERK              50                              
Shipping                              1500                                      
                                                                                
Ladwig                    ST_CLERK              50                              
Shipping                              1500                                      
                                                                                
Stiles                    ST_CLERK              50                              
Shipping                              1500                                      
                                                                                

LAST_NAME                 JOB_ID     DEPARTMENT_ID                              
------------------------- ---------- -------------                              
DEPARTMENT_NAME                LOCATION_ID                                      
------------------------------ -----------                                      
Seo                       ST_CLERK              50                              
Shipping                              1500                                      
                                                                                
Patel                     ST_CLERK              50                              
Shipping                              1500                                      
                                                                                
Rajs                      ST_CLERK              50                              
Shipping                              1500                                      
                                                                                

LAST_NAME                 JOB_ID     DEPARTMENT_ID                              
------------------------- ---------- -------------                              
DEPARTMENT_NAME                LOCATION_ID                                      
------------------------------ -----------                                      
Davies                    ST_CLERK              50                              
Shipping                              1500                                      
                                                                                
Matos                     ST_CLERK              50                              
Shipping                              1500                                      
                                                                                
Vargas                    ST_CLERK              50                              
Shipping                              1500                                      
                                                                                

LAST_NAME                 JOB_ID     DEPARTMENT_ID                              
------------------------- ---------- -------------                              
DEPARTMENT_NAME                LOCATION_ID                                      
------------------------------ -----------                                      
Russell                   SA_MAN                80                              
Sales                                 2500                                      
                                                                                
Partners                  SA_MAN                80                              
Sales                                 2500                                      
                                                                                
Errazuriz                 SA_MAN                80                              
Sales                                 2500                                      
                                                                                

LAST_NAME                 JOB_ID     DEPARTMENT_ID                              
------------------------- ---------- -------------                              
DEPARTMENT_NAME                LOCATION_ID                                      
------------------------------ -----------                                      
Cambrault                 SA_MAN                80                              
Sales                                 2500                                      
                                                                                
Zlotkey                   SA_MAN                80                              
Sales                                 2500                                      
                                                                                
Tucker                    SA_REP                80                              
Sales                                 2500                                      
                                                                                

LAST_NAME                 JOB_ID     DEPARTMENT_ID                              
------------------------- ---------- -------------                              
DEPARTMENT_NAME                LOCATION_ID                                      
------------------------------ -----------                                      
Bernstein                 SA_REP                80                              
Sales                                 2500                                      
                                                                                
Hall                      SA_REP                80                              
Sales                                 2500                                      
                                                                                
Olsen                     SA_REP                80                              
Sales                                 2500                                      
                                                                                

LAST_NAME                 JOB_ID     DEPARTMENT_ID                              
------------------------- ---------- -------------                              
DEPARTMENT_NAME                LOCATION_ID                                      
------------------------------ -----------                                      
Cambrault                 SA_REP                80                              
Sales                                 2500                                      
                                                                                
Tuvault                   SA_REP                80                              
Sales                                 2500                                      
                                                                                
King                      SA_REP                80                              
Sales                                 2500                                      
                                                                                

LAST_NAME                 JOB_ID     DEPARTMENT_ID                              
------------------------- ---------- -------------                              
DEPARTMENT_NAME                LOCATION_ID                                      
------------------------------ -----------                                      
Sully                     SA_REP                80                              
Sales                                 2500                                      
                                                                                
McEwen                    SA_REP                80                              
Sales                                 2500                                      
                                                                                
Smith                     SA_REP                80                              
Sales                                 2500                                      
                                                                                

LAST_NAME                 JOB_ID     DEPARTMENT_ID                              
------------------------- ---------- -------------                              
DEPARTMENT_NAME                LOCATION_ID                                      
------------------------------ -----------                                      
Doran                     SA_REP                80                              
Sales                                 2500                                      
                                                                                
Sewall                    SA_REP                80                              
Sales                                 2500                                      
                                                                                
Vishney                   SA_REP                80                              
Sales                                 2500                                      
                                                                                

LAST_NAME                 JOB_ID     DEPARTMENT_ID                              
------------------------- ---------- -------------                              
DEPARTMENT_NAME                LOCATION_ID                                      
------------------------------ -----------                                      
Greene                    SA_REP                80                              
Sales                                 2500                                      
                                                                                
Marvins                   SA_REP                80                              
Sales                                 2500                                      
                                                                                
Lee                       SA_REP                80                              
Sales                                 2500                                      
                                                                                

LAST_NAME                 JOB_ID     DEPARTMENT_ID                              
------------------------- ---------- -------------                              
DEPARTMENT_NAME                LOCATION_ID                                      
------------------------------ -----------                                      
Ande                      SA_REP                80                              
Sales                                 2500                                      
                                                                                
Banda                     SA_REP                80                              
Sales                                 2500                                      
                                                                                
Ozer                      SA_REP                80                              
Sales                                 2500                                      
                                                                                

LAST_NAME                 JOB_ID     DEPARTMENT_ID                              
------------------------- ---------- -------------                              
DEPARTMENT_NAME                LOCATION_ID                                      
------------------------------ -----------                                      
Bloom                     SA_REP                80                              
Sales                                 2500                                      
                                                                                
Fox                       SA_REP                80                              
Sales                                 2500                                      
                                                                                
Smith                     SA_REP                80                              
Sales                                 2500                                      
                                                                                

LAST_NAME                 JOB_ID     DEPARTMENT_ID                              
------------------------- ---------- -------------                              
DEPARTMENT_NAME                LOCATION_ID                                      
------------------------------ -----------                                      
Bates                     SA_REP                80                              
Sales                                 2500                                      
                                                                                
Kumar                     SA_REP                80                              
Sales                                 2500                                      
                                                                                
Abel                      SA_REP                80                              
Sales                                 2500                                      
                                                                                

LAST_NAME                 JOB_ID     DEPARTMENT_ID                              
------------------------- ---------- -------------                              
DEPARTMENT_NAME                LOCATION_ID                                      
------------------------------ -----------                                      
Hutton                    SA_REP                80                              
Sales                                 2500                                      
                                                                                
Taylor                    SA_REP                80                              
Sales                                 2500                                      
                                                                                
Livingston                SA_REP                80                              
Sales                                 2500                                      
                                                                                

LAST_NAME                 JOB_ID     DEPARTMENT_ID                              
------------------------- ---------- -------------                              
DEPARTMENT_NAME                LOCATION_ID                                      
------------------------------ -----------                                      
Johnson                   SA_REP                80                              
Sales                                 2500                                      
                                                                                
Taylor                    SH_CLERK              50                              
Shipping                              1500                                      
                                                                                
Fleaur                    SH_CLERK              50                              
Shipping                              1500                                      
                                                                                

LAST_NAME                 JOB_ID     DEPARTMENT_ID                              
------------------------- ---------- -------------                              
DEPARTMENT_NAME                LOCATION_ID                                      
------------------------------ -----------                                      
Sullivan                  SH_CLERK              50                              
Shipping                              1500                                      
                                                                                
Geoni                     SH_CLERK              50                              
Shipping                              1500                                      
                                                                                
Sarchand                  SH_CLERK              50                              
Shipping                              1500                                      
                                                                                

LAST_NAME                 JOB_ID     DEPARTMENT_ID                              
------------------------- ---------- -------------                              
DEPARTMENT_NAME                LOCATION_ID                                      
------------------------------ -----------                                      
Bull                      SH_CLERK              50                              
Shipping                              1500                                      
                                                                                
Dellinger                 SH_CLERK              50                              
Shipping                              1500                                      
                                                                                
Cabrio                    SH_CLERK              50                              
Shipping                              1500                                      
                                                                                

LAST_NAME                 JOB_ID     DEPARTMENT_ID                              
------------------------- ---------- -------------                              
DEPARTMENT_NAME                LOCATION_ID                                      
------------------------------ -----------                                      
Chung                     SH_CLERK              50                              
Shipping                              1500                                      
                                                                                
Dilly                     SH_CLERK              50                              
Shipping                              1500                                      
                                                                                
Gates                     SH_CLERK              50                              
Shipping                              1500                                      
                                                                                

LAST_NAME                 JOB_ID     DEPARTMENT_ID                              
------------------------- ---------- -------------                              
DEPARTMENT_NAME                LOCATION_ID                                      
------------------------------ -----------                                      
Perkins                   SH_CLERK              50                              
Shipping                              1500                                      
                                                                                
Bell                      SH_CLERK              50                              
Shipping                              1500                                      
                                                                                
Everett                   SH_CLERK              50                              
Shipping                              1500                                      
                                                                                

LAST_NAME                 JOB_ID     DEPARTMENT_ID                              
------------------------- ---------- -------------                              
DEPARTMENT_NAME                LOCATION_ID                                      
------------------------------ -----------                                      
McCain                    SH_CLERK              50                              
Shipping                              1500                                      
                                                                                
Jones                     SH_CLERK              50                              
Shipping                              1500                                      
                                                                                
Walsh                     SH_CLERK              50                              
Shipping                              1500                                      
                                                                                

LAST_NAME                 JOB_ID     DEPARTMENT_ID                              
------------------------- ---------- -------------                              
DEPARTMENT_NAME                LOCATION_ID                                      
------------------------------ -----------                                      
Feeney                    SH_CLERK              50                              
Shipping                              1500                                      
                                                                                
OConnell                  SH_CLERK              50                              
Shipping                              1500                                      
                                                                                
Grant                     SH_CLERK              50                              
Shipping                              1500                                      
                                                                                

LAST_NAME                 JOB_ID     DEPARTMENT_ID                              
------------------------- ---------- -------------                              
DEPARTMENT_NAME                LOCATION_ID                                      
------------------------------ -----------                                      
Whalen                    AD_ASST               10                              
Administration                        1700                                      
                                                                                
Hartstein                 MK_MAN                20                              
Marketing                             1800                                      
                                                                                
Fay                       MK_REP                20                              
Marketing                             1800                                      
                                                                                

LAST_NAME                 JOB_ID     DEPARTMENT_ID                              
------------------------- ---------- -------------                              
DEPARTMENT_NAME                LOCATION_ID                                      
------------------------------ -----------                                      
Mavris                    HR_REP                40                              
Human Resources                       2400                                      
                                                                                
Baer                      PR_REP                70                              
Public Relations                      2700                                      
                                                                                
Higgins                   AC_MGR               110                              
Accounting                            1700                                      
                                                                                

LAST_NAME                 JOB_ID     DEPARTMENT_ID                              
------------------------- ---------- -------------                              
DEPARTMENT_NAME                LOCATION_ID                                      
------------------------------ -----------                                      
Gietz                     AC_ACCOUNT           110                              
Accounting                            1700                                      
                                                                                

106 rows selected.

SQL> select e.last_name, e.job_id, e.department_id, d.department_name from employees e, departments d, locations l where e.department_id=d.department_id and d.location_id=l.location_id and lower(city)='toronto';

LAST_NAME                 JOB_ID     DEPARTMENT_ID                              
------------------------- ---------- -------------                              
DEPARTMENT_NAME                                                                 
------------------------------                                                  
Hartstein                 MK_MAN                20                              
Marketing                                                                       
                                                                                
Fay                       MK_REP                20                              
Marketing                                                                       
                                                                                

SQL> desc managers;
ERROR:
ORA-04043: object managers does not exist 


SQL> desc manager;
ERROR:
ORA-04043: object manager does not exist 


SQL> select * from tab;

TNAME                          TABTYPE  CLUSTERID                               
------------------------------ ------- ----------                               
COUNTRIES                      TABLE                                            
DEPARTMENTS                    TABLE                                            
DEPT                           TABLE                                            
DEPT0                          TABLE                                            
DEPT1                          TABLE                                            
DEPT80                         TABLE                                            
EMPLOYEES                      TABLE                                            
EMPTABLE                       TABLE                                            
EMP_DETAILS_VIEW               VIEW                                             
JOBS                           TABLE                                            
JOB_HISTORY                    TABLE                                            

TNAME                          TABTYPE  CLUSTERID                               
------------------------------ ------- ----------                               
LOCATIONS                      TABLE                                            
REGIONS                        TABLE                                            

13 rows selected.

SQL> desc employees;
 Name                                      Null?    Type
 ----------------------------------------- -------- ----------------------------
 EMPLOYEE_ID                               NOT NULL NUMBER(6)
 FIRST_NAME                                         VARCHAR2(20)
 LAST_NAME                                 NOT NULL VARCHAR2(25)
 EMAIL                                     NOT NULL VARCHAR2(25)
 PHONE_NUMBER                                       VARCHAR2(20)
 HIRE_DATE                                 NOT NULL DATE
 JOB_ID                                    NOT NULL VARCHAR2(10)
 SALARY                                             NUMBER(8,2)
 COMMISSION_PCT                                     NUMBER(2,2)
 MANAGER_ID                                         NUMBER(6)
 DEPARTMENT_ID                                      NUMBER(4)

SQL> select e.last_name Employee, e.employee_id EMP#,m.last_name Manager, e.manager_id from employees e, employees m where e.manager_id=m.employee_id;

EMPLOYEE                        EMP# MANAGER                   MANAGER_ID       
------------------------- ---------- ------------------------- ----------       
Kumar                            173 Cambrault                        148       
Bates                            172 Cambrault                        148       
Smith                            171 Cambrault                        148       
Fox                              170 Cambrault                        148       
Bloom                            169 Cambrault                        148       
Ozer                             168 Cambrault                        148       
Hunold                           103 De Haan                          102       
Banda                            167 Errazuriz                        147       
Ande                             166 Errazuriz                        147       
Lee                              165 Errazuriz                        147       
Marvins                          164 Errazuriz                        147       

EMPLOYEE                        EMP# MANAGER                   MANAGER_ID       
------------------------- ---------- ------------------------- ----------       
Greene                           163 Errazuriz                        147       
Vishney                          162 Errazuriz                        147       
Cabrio                           187 Fripp                            121       
Dellinger                        186 Fripp                            121       
Bull                             185 Fripp                            121       
Sarchand                         184 Fripp                            121       
Olson                            132 Fripp                            121       
Marlow                           131 Fripp                            121       
Atkinson                         130 Fripp                            121       
Bissot                           129 Fripp                            121       
Popp                             113 Greenberg                        108       

EMPLOYEE                        EMP# MANAGER                   MANAGER_ID       
------------------------- ---------- ------------------------- ----------       
Urman                            112 Greenberg                        108       
Sciarra                          111 Greenberg                        108       
Chen                             110 Greenberg                        108       
Faviet                           109 Greenberg                        108       
Fay                              202 Hartstein                        201       
Gietz                            206 Higgins                          205       
Lorentz                          107 Hunold                           103       
Pataballa                        106 Hunold                           103       
Austin                           105 Hunold                           103       
Ernst                            104 Hunold                           103       
Perkins                          191 Kaufling                         122       

EMPLOYEE                        EMP# MANAGER                   MANAGER_ID       
------------------------- ---------- ------------------------- ----------       
Gates                            190 Kaufling                         122       
Dilly                            189 Kaufling                         122       
Chung                            188 Kaufling                         122       
Philtanker                       136 Kaufling                         122       
Gee                              135 Kaufling                         122       
Rogers                           134 Kaufling                         122       
Mallin                           133 Kaufling                         122       
Hartstein                        201 King                             100       
Zlotkey                          149 King                             100       
Cambrault                        148 King                             100       
Errazuriz                        147 King                             100       

EMPLOYEE                        EMP# MANAGER                   MANAGER_ID       
------------------------- ---------- ------------------------- ----------       
Partners                         146 King                             100       
Russell                          145 King                             100       
Mourgos                          124 King                             100       
Vollman                          123 King                             100       
Kaufling                         122 King                             100       
Fripp                            121 King                             100       
Weiss                            120 King                             100       
Raphaely                         114 King                             100       
De Haan                          102 King                             100       
Kochhar                          101 King                             100       
Higgins                          205 Kochhar                          101       

EMPLOYEE                        EMP# MANAGER                   MANAGER_ID       
------------------------- ---------- ------------------------- ----------       
Baer                             204 Kochhar                          101       
Mavris                           203 Kochhar                          101       
Whalen                           200 Kochhar                          101       
Greenberg                        108 Kochhar                          101       
Grant                            199 Mourgos                          124       
OConnell                         198 Mourgos                          124       
Feeney                           197 Mourgos                          124       
Walsh                            196 Mourgos                          124       
Vargas                           144 Mourgos                          124       
Matos                            143 Mourgos                          124       
Davies                           142 Mourgos                          124       

EMPLOYEE                        EMP# MANAGER                   MANAGER_ID       
------------------------- ---------- ------------------------- ----------       
Rajs                             141 Mourgos                          124       
Sewall                           161 Partners                         146       
Doran                            160 Partners                         146       
Smith                            159 Partners                         146       
McEwen                           158 Partners                         146       
Sully                            157 Partners                         146       
King                             156 Partners                         146       
Colmenares                       119 Raphaely                         114       
Himuro                           118 Raphaely                         114       
Tobias                           117 Raphaely                         114       
Baida                            116 Raphaely                         114       

EMPLOYEE                        EMP# MANAGER                   MANAGER_ID       
------------------------- ---------- ------------------------- ----------       
Khoo                             115 Raphaely                         114       
Tuvault                          155 Russell                          145       
Cambrault                        154 Russell                          145       
Olsen                            153 Russell                          145       
Hall                             152 Russell                          145       
Bernstein                        151 Russell                          145       
Tucker                           150 Russell                          145       
Jones                            195 Vollman                          123       
McCain                           194 Vollman                          123       
Everett                          193 Vollman                          123       
Bell                             192 Vollman                          123       

EMPLOYEE                        EMP# MANAGER                   MANAGER_ID       
------------------------- ---------- ------------------------- ----------       
Patel                            140 Vollman                          123       
Seo                              139 Vollman                          123       
Stiles                           138 Vollman                          123       
Ladwig                           137 Vollman                          123       
Geoni                            183 Weiss                            120       
Sullivan                         182 Weiss                            120       
Fleaur                           181 Weiss                            120       
Taylor                           180 Weiss                            120       
Markle                           128 Weiss                            120       
Landry                           127 Weiss                            120       
Mikkilineni                      126 Weiss                            120       

EMPLOYEE                        EMP# MANAGER                   MANAGER_ID       
------------------------- ---------- ------------------------- ----------       
Nayer                            125 Weiss                            120       
Johnson                          179 Zlotkey                          149       
Grant                            178 Zlotkey                          149       
Livingston                       177 Zlotkey                          149       
Taylor                           176 Zlotkey                          149       
Hutton                           175 Zlotkey                          149       
Abel                             174 Zlotkey                          149       

106 rows selected.

SQL> select e.last_name Employee, e.employee_id EMP#,m.last_name Manager, m.manager_id from employees e, employees m where e.manager_id=m.employee_id;

EMPLOYEE                        EMP# MANAGER                   MANAGER_ID       
------------------------- ---------- ------------------------- ----------       
Hartstein                        201 King                                       
Zlotkey                          149 King                                       
Cambrault                        148 King                                       
Errazuriz                        147 King                                       
Partners                         146 King                                       
Russell                          145 King                                       
Mourgos                          124 King                                       
Vollman                          123 King                                       
Kaufling                         122 King                                       
Fripp                            121 King                                       
Weiss                            120 King                                       

EMPLOYEE                        EMP# MANAGER                   MANAGER_ID       
------------------------- ---------- ------------------------- ----------       
Raphaely                         114 King                                       
De Haan                          102 King                                       
Kochhar                          101 King                                       
Higgins                          205 Kochhar                          100       
Baer                             204 Kochhar                          100       
Mavris                           203 Kochhar                          100       
Whalen                           200 Kochhar                          100       
Greenberg                        108 Kochhar                          100       
Hunold                           103 De Haan                          100       
Lorentz                          107 Hunold                           102       
Pataballa                        106 Hunold                           102       

EMPLOYEE                        EMP# MANAGER                   MANAGER_ID       
------------------------- ---------- ------------------------- ----------       
Austin                           105 Hunold                           102       
Ernst                            104 Hunold                           102       
Popp                             113 Greenberg                        101       
Urman                            112 Greenberg                        101       
Sciarra                          111 Greenberg                        101       
Chen                             110 Greenberg                        101       
Faviet                           109 Greenberg                        101       
Colmenares                       119 Raphaely                         100       
Himuro                           118 Raphaely                         100       
Tobias                           117 Raphaely                         100       
Baida                            116 Raphaely                         100       

EMPLOYEE                        EMP# MANAGER                   MANAGER_ID       
------------------------- ---------- ------------------------- ----------       
Khoo                             115 Raphaely                         100       
Geoni                            183 Weiss                            100       
Sullivan                         182 Weiss                            100       
Fleaur                           181 Weiss                            100       
Taylor                           180 Weiss                            100       
Markle                           128 Weiss                            100       
Landry                           127 Weiss                            100       
Mikkilineni                      126 Weiss                            100       
Nayer                            125 Weiss                            100       
Cabrio                           187 Fripp                            100       
Dellinger                        186 Fripp                            100       

EMPLOYEE                        EMP# MANAGER                   MANAGER_ID       
------------------------- ---------- ------------------------- ----------       
Bull                             185 Fripp                            100       
Sarchand                         184 Fripp                            100       
Olson                            132 Fripp                            100       
Marlow                           131 Fripp                            100       
Atkinson                         130 Fripp                            100       
Bissot                           129 Fripp                            100       
Perkins                          191 Kaufling                         100       
Gates                            190 Kaufling                         100       
Dilly                            189 Kaufling                         100       
Chung                            188 Kaufling                         100       
Philtanker                       136 Kaufling                         100       

EMPLOYEE                        EMP# MANAGER                   MANAGER_ID       
------------------------- ---------- ------------------------- ----------       
Gee                              135 Kaufling                         100       
Rogers                           134 Kaufling                         100       
Mallin                           133 Kaufling                         100       
Jones                            195 Vollman                          100       
McCain                           194 Vollman                          100       
Everett                          193 Vollman                          100       
Bell                             192 Vollman                          100       
Patel                            140 Vollman                          100       
Seo                              139 Vollman                          100       
Stiles                           138 Vollman                          100       
Ladwig                           137 Vollman                          100       

EMPLOYEE                        EMP# MANAGER                   MANAGER_ID       
------------------------- ---------- ------------------------- ----------       
Grant                            199 Mourgos                          100       
OConnell                         198 Mourgos                          100       
Feeney                           197 Mourgos                          100       
Walsh                            196 Mourgos                          100       
Vargas                           144 Mourgos                          100       
Matos                            143 Mourgos                          100       
Davies                           142 Mourgos                          100       
Rajs                             141 Mourgos                          100       
Tuvault                          155 Russell                          100       
Cambrault                        154 Russell                          100       
Olsen                            153 Russell                          100       

EMPLOYEE                        EMP# MANAGER                   MANAGER_ID       
------------------------- ---------- ------------------------- ----------       
Hall                             152 Russell                          100       
Bernstein                        151 Russell                          100       
Tucker                           150 Russell                          100       
Sewall                           161 Partners                         100       
Doran                            160 Partners                         100       
Smith                            159 Partners                         100       
McEwen                           158 Partners                         100       
Sully                            157 Partners                         100       
King                             156 Partners                         100       
Banda                            167 Errazuriz                        100       
Ande                             166 Errazuriz                        100       

EMPLOYEE                        EMP# MANAGER                   MANAGER_ID       
------------------------- ---------- ------------------------- ----------       
Lee                              165 Errazuriz                        100       
Marvins                          164 Errazuriz                        100       
Greene                           163 Errazuriz                        100       
Vishney                          162 Errazuriz                        100       
Kumar                            173 Cambrault                        100       
Bates                            172 Cambrault                        100       
Smith                            171 Cambrault                        100       
Fox                              170 Cambrault                        100       
Bloom                            169 Cambrault                        100       
Ozer                             168 Cambrault                        100       
Johnson                          179 Zlotkey                          100       

EMPLOYEE                        EMP# MANAGER                   MANAGER_ID       
------------------------- ---------- ------------------------- ----------       
Grant                            178 Zlotkey                          100       
Livingston                       177 Zlotkey                          100       
Taylor                           176 Zlotkey                          100       
Hutton                           175 Zlotkey                          100       
Abel                             174 Zlotkey                          100       
Fay                              202 Hartstein                        100       
Gietz                            206 Higgins                          101       

106 rows selected.

SQL> spool D:/sqllab.txt append
